main.c:1065:6:TransferError	0	static
main.c:424:13:MX_DMA_Init	40	static,ignoring_inline_asm
main.c:816:13:QSPI_WriteEnable.isra.0	104	static,ignoring_inline_asm
main.c:1014:6:TransferComplete	8	static,ignoring_inline_asm
main.c:1076:6:TransferComplete_Strm1_Ch0	8	static,ignoring_inline_asm
main.c:1126:6:TransferError_Strm1_Ch0	0	static
main.c:307:6:SystemClock_Config	112	static,ignoring_inline_asm
main.c:107:6:init	216	static,ignoring_inline_asm
main.c:133:5:main	24	static
main.c:943:6:HAL_QSPI_CmdCpltCallback	0	static
main.c:953:6:HAL_QSPI_RxCpltCallback	0	static
main.c:963:6:HAL_QSPI_TxCpltCallback	0	static
main.c:973:6:HAL_QSPI_StatusMatchCallback	0	static
main.c:985:7:HAL_QSPI_ErrorCallback	0	static
main.c:1140:6:HAL_TIM_PeriodElapsedCallback	0	static
main.c:1157:6:Error_Handler	0	static,ignoring_inline_asm
