comparisons.cc:612:7:void* tflite::ops::micro::comparisons::Init(TfLiteContext*, const char*, size_t)	8	static
comparisons.cc:617:14:TfLiteStatus tflite::ops::micro::comparisons::Prepare(TfLiteContext*, TfLiteNode*)	40	static
comparisons.h:115:40:tflite::reference_ops::BroadcastComparison4DSlowCommon tflite::reference_ops::BroadcastComparison4DSlowPreprocess(const tflite::RuntimeShape&, const tflite::RuntimeShape&, const tflite::RuntimeShape&)	136	static
comparisons.cc:656:20:TfLiteRegistration tflite::ops::micro::Register_EQUAL()	12	static
comparisons.cc:667:20:TfLiteRegistration tflite::ops::micro::Register_NOT_EQUAL()	12	static
comparisons.cc:678:20:TfLiteRegistration tflite::ops::micro::Register_GREATER()	12	static
comparisons.cc:689:20:TfLiteRegistration tflite::ops::micro::Register_GREATER_EQUAL()	12	static
comparisons.cc:700:20:TfLiteRegistration tflite::ops::micro::Register_LESS()	12	static
comparisons.cc:711:20:TfLiteRegistration tflite::ops::micro::Register_LESS_EQUAL()	12	static
comparisons.h:168:13:void tflite::reference_ops::BroadcastComparison4DSlowWithScaling(const tflite::ComparisonParams&, const tflite::RuntimeShape&, const T*, const tflite::RuntimeShape&, const T*, const tflite::RuntimeShape&, bool*) [with T = unsigned char; bool (* F)(long int, long int) = tflite::reference_ops::EqualFn<long int>]	376	static
comparisons.h:168:13:void tflite::reference_ops::BroadcastComparison4DSlowWithScaling(const tflite::ComparisonParams&, const tflite::RuntimeShape&, const T*, const tflite::RuntimeShape&, const T*, const tflite::RuntimeShape&, bool*) [with T = signed char; bool (* F)(long int, long int) = tflite::reference_ops::EqualFn<long int>]	376	static
comparisons.cc:37:14:TfLiteStatus tflite::ops::micro::comparisons::{anonymous}::EqualEval(TfLiteContext*, TfLiteNode*)	664	static
comparisons.h:168:13:void tflite::reference_ops::BroadcastComparison4DSlowWithScaling(const tflite::ComparisonParams&, const tflite::RuntimeShape&, const T*, const tflite::RuntimeShape&, const T*, const tflite::RuntimeShape&, bool*) [with T = unsigned char; bool (* F)(long int, long int) = tflite::reference_ops::NotEqualFn<long int>]	376	static
comparisons.h:168:13:void tflite::reference_ops::BroadcastComparison4DSlowWithScaling(const tflite::ComparisonParams&, const tflite::RuntimeShape&, const T*, const tflite::RuntimeShape&, const T*, const tflite::RuntimeShape&, bool*) [with T = signed char; bool (* F)(long int, long int) = tflite::reference_ops::NotEqualFn<long int>]	376	static
comparisons.cc:142:14:TfLiteStatus tflite::ops::micro::comparisons::{anonymous}::NotEqualEval(TfLiteContext*, TfLiteNode*)	664	static
comparisons.h:168:13:void tflite::reference_ops::BroadcastComparison4DSlowWithScaling(const tflite::ComparisonParams&, const tflite::RuntimeShape&, const T*, const tflite::RuntimeShape&, const T*, const tflite::RuntimeShape&, bool*) [with T = unsigned char; bool (* F)(long int, long int) = tflite::reference_ops::GreaterFn<long int>]	376	static
comparisons.h:168:13:void tflite::reference_ops::BroadcastComparison4DSlowWithScaling(const tflite::ComparisonParams&, const tflite::RuntimeShape&, const T*, const tflite::RuntimeShape&, const T*, const tflite::RuntimeShape&, bool*) [with T = signed char; bool (* F)(long int, long int) = tflite::reference_ops::GreaterFn<long int>]	376	static
comparisons.cc:246:14:TfLiteStatus tflite::ops::micro::comparisons::{anonymous}::GreaterEval(TfLiteContext*, TfLiteNode*)	576	static
comparisons.h:168:13:void tflite::reference_ops::BroadcastComparison4DSlowWithScaling(const tflite::ComparisonParams&, const tflite::RuntimeShape&, const T*, const tflite::RuntimeShape&, const T*, const tflite::RuntimeShape&, bool*) [with T = unsigned char; bool (* F)(long int, long int) = tflite::reference_ops::GreaterEqualFn<long int>]	376	static
comparisons.h:168:13:void tflite::reference_ops::BroadcastComparison4DSlowWithScaling(const tflite::ComparisonParams&, const tflite::RuntimeShape&, const T*, const tflite::RuntimeShape&, const T*, const tflite::RuntimeShape&, bool*) [with T = signed char; bool (* F)(long int, long int) = tflite::reference_ops::GreaterEqualFn<long int>]	376	static
comparisons.cc:337:14:TfLiteStatus tflite::ops::micro::comparisons::{anonymous}::GreaterEqualEval(TfLiteContext*, TfLiteNode*)	584	static
comparisons.h:168:13:void tflite::reference_ops::BroadcastComparison4DSlowWithScaling(const tflite::ComparisonParams&, const tflite::RuntimeShape&, const T*, const tflite::RuntimeShape&, const T*, const tflite::RuntimeShape&, bool*) [with T = unsigned char; bool (* F)(long int, long int) = tflite::reference_ops::LessFn<long int>]	376	static
comparisons.h:168:13:void tflite::reference_ops::BroadcastComparison4DSlowWithScaling(const tflite::ComparisonParams&, const tflite::RuntimeShape&, const T*, const tflite::RuntimeShape&, const T*, const tflite::RuntimeShape&, bool*) [with T = signed char; bool (* F)(long int, long int) = tflite::reference_ops::LessFn<long int>]	376	static
comparisons.cc:428:14:TfLiteStatus tflite::ops::micro::comparisons::{anonymous}::LessEval(TfLiteContext*, TfLiteNode*)	584	static
comparisons.h:168:13:void tflite::reference_ops::BroadcastComparison4DSlowWithScaling(const tflite::ComparisonParams&, const tflite::RuntimeShape&, const T*, const tflite::RuntimeShape&, const T*, const tflite::RuntimeShape&, bool*) [with T = unsigned char; bool (* F)(long int, long int) = tflite::reference_ops::LessEqualFn<long int>]	376	static
comparisons.h:168:13:void tflite::reference_ops::BroadcastComparison4DSlowWithScaling(const tflite::ComparisonParams&, const tflite::RuntimeShape&, const T*, const tflite::RuntimeShape&, const T*, const tflite::RuntimeShape&, bool*) [with T = signed char; bool (* F)(long int, long int) = tflite::reference_ops::LessEqualFn<long int>]	376	static
comparisons.cc:519:14:TfLiteStatus tflite::ops::micro::comparisons::{anonymous}::LessEqualEval(TfLiteContext*, TfLiteNode*)	576	static
