logistic.cc:72:7:void* tflite::ops::micro::activations::LogisticInit(TfLiteContext*, const char*, size_t)	8	static
logistic.cc:77:14:TfLiteStatus tflite::ops::micro::activations::LogisticPrepare(TfLiteContext*, TfLiteNode*)	24	static
logistic.cc:138:20:TfLiteRegistration tflite::ops::micro::Register_LOGISTIC()	12	static
fixedpoint.h:842:25:gemmlowp::FixedPoint<tRawType, 0> gemmlowp::one_over_one_plus_x_for_x_in_0_1(gemmlowp::FixedPoint<tRawType, 0>) [with tRawType = long int]	72	static
fixedpoint.h:721:25:gemmlowp::FixedPoint<tRawType, 0> gemmlowp::exp_on_interval_between_negative_one_quarter_and_0_excl(gemmlowp::FixedPoint<tRawType, 0>) [with tRawType = long int]	56	static
fixedpoint.h:746:25:gemmlowp::FixedPoint<tRawType, 0> gemmlowp::exp_on_negative_values(gemmlowp::FixedPoint<tRawType, tIntegerBits_a>) [with tRawType = long int; int tIntegerBits = 4]	80	static
logistic.cc:84:14:TfLiteStatus tflite::ops::micro::activations::LogisticEval(TfLiteContext*, TfLiteNode*)	168	static
