main.c:99:6:CPU_CACHE_Enable	24	static,ignoring_inline_asm
main.c:114:13:BSP_SDRAM_Initialization_Sequence	24	static
main.c:170:13:MPU_Config	24	static
main.c:201:13:QSPI_WriteEnable	96	static
main.c:244:13:QSPI_DummyCyclesCfg	88	static,ignoring_inline_asm
main.c:289:6:QPSI_Init_	88	static,ignoring_inline_asm
main.c:363:6:init	8	static
main.c:424:5:main	680	static
main.c:507:6:DMA_Config	64	static
main.c:613:17:GetSector	24	static
main.c:658:6:TransferComplete	120	static,ignoring_inline_asm
main.c:709:6:TransferError	16	static
main.c:720:6:TransferComplete_Strm1_Ch0	120	static,ignoring_inline_asm
main.c:770:6:TransferError_Strm1_Ch0	16	static
main.c:780:6:SystemClock_Config	216	static
main.c:837:13:MX_SDMMC1_SD_Init	4	static
main.c:863:13:MX_DMA_Init	16	static
main.c:884:13:MX_GPIO_Init2	40	static
main.c:906:13:MX_TIM10_Init	8	static
main.c:937:13:MX_USART1_UART_Init	8	static
main.c:968:13:MX_FMC_Init	40	static
main.c:1022:13:MX_GPIO_Init	40	static
main.c:1044:6:Error_Handler	4	static,ignoring_inline_asm
