stm32f7xx_it.c:73:6:NMI_Handler	4	static
stm32f7xx_it.c:88:6:HardFault_Handler	4	static
stm32f7xx_it.c:103:6:MemManage_Handler	4	static
stm32f7xx_it.c:118:6:BusFault_Handler	4	static
stm32f7xx_it.c:133:6:UsageFault_Handler	4	static
stm32f7xx_it.c:148:6:SVC_Handler	4	static
stm32f7xx_it.c:161:6:DebugMon_Handler	4	static
stm32f7xx_it.c:174:6:PendSV_Handler	4	static
stm32f7xx_it.c:187:6:SysTick_Handler	8	static
stm32f7xx_it.c:210:6:SDMMC1_IRQHandler	8	static
stm32f7xx_it.c:224:6:DMA2_Stream3_IRQHandler	8	static
stm32f7xx_it.c:238:6:DMA2_Stream6_IRQHandler	8	static
stm32f7xx_it.c:254:6:DMA2_Stream0_IRQHandler	8	static
stm32f7xx_it.c:260:6:DMA2_Stream1_IRQHandler	8	static
