stm32f7xx_hal_msp.c:72:6:HAL_QSPI_MspInit	72	static
stm32f7xx_hal_msp.c:165:6:HAL_QSPI_MspDeInit	16	static
stm32f7xx_hal_msp.c:198:6:HAL_MspInit	16	static
stm32f7xx_hal_msp.c:220:6:HAL_SD_MspInit	184	static
stm32f7xx_hal_msp.c:332:6:HAL_SD_MspDeInit	16	static
stm32f7xx_hal_msp.c:374:6:HAL_TIM_Base_MspInit	24	static
stm32f7xx_hal_msp.c:396:6:HAL_TIM_Base_MspDeInit	16	static
stm32f7xx_hal_msp.c:418:6:HAL_UART_MspInit	48	static
stm32f7xx_hal_msp.c:462:6:HAL_UART_MspDeInit	16	static
stm32f7xx_hal_msp.c:489:13:HAL_FMC_MspInit	32	static
stm32f7xx_hal_msp.c:588:6:HAL_SDRAM_MspInit	16	static
stm32f7xx_hal_msp.c:600:13:HAL_FMC_MspDeInit	8	static
stm32f7xx_hal_msp.c:672:6:HAL_SDRAM_MspDeInit	16	static
