detection_postprocess.cc:152:6:void tflite::{anonymous}::Free(TfLiteContext*, void*)	0	static
stl_heap.h:214:5:void std::__adjust_heap(_RandomAccessIterator, _Distance, _Distance, _Tp, _Compare) [with _RandomAccessIterator = int*; _Distance = int; _Tp = int; _Compare = __gnu_cxx::__ops::_Iter_comp_iter<tflite::{anonymous}::DecreasingPartialArgSort(const float*, int, int, int*)::<lambda(int, int)> >]	36	static
detection_postprocess.cc:154:14:TfLiteStatus tflite::{anonymous}::Prepare(TfLiteContext*, TfLiteNode*)	40	static
flexbuffers.h:846:26:int flexbuffers::KeyCompare(const void*, const void*) [with T = long long unsigned int]	0	static
flexbuffers.h:846:26:int flexbuffers::KeyCompare(const void*, const void*) [with T = unsigned char]	0	static
flexbuffers.h:846:26:int flexbuffers::KeyCompare(const void*, const void*) [with T = short unsigned int]	0	static
flexbuffers.h:846:26:int flexbuffers::KeyCompare(const void*, const void*) [with T = long unsigned int]	0	static
detection_postprocess.cc:347:6:void tflite::{anonymous}::DecreasingPartialArgSort(const float*, int, int, int*)	48	static
detection_postprocess.cc:403:14:TfLiteStatus tflite::{anonymous}::NonMaxSuppressionSingleClassHelper(TfLiteContext*, TfLiteNode*, tflite::{anonymous}::OpData*, const float*, int*, int*, int)	64	static
detection_postprocess.cc:768:14:TfLiteStatus tflite::{anonymous}::Eval(TfLiteContext*, TfLiteNode*)	208	static
flexbuffers.h:423:11:int64_t flexbuffers::Reference::AsInt64() const	24	static
detection_postprocess.cc:119:7:void* tflite::{anonymous}::Init(TfLiteContext*, const char*, size_t)	72	static
detection_postprocess.cc:793:21:TfLiteRegistration* tflite::Register_DETECTION_POSTPROCESS()	0	static
