stm32f7xx_hal_msp.c:72:6:HAL_QSPI_MspInit	96	static
stm32f7xx_hal_msp.c:165:6:HAL_QSPI_MspDeInit	16	static
stm32f7xx_hal_msp.c:198:6:HAL_MspInit	8	static
stm32f7xx_hal_msp.c:220:6:HAL_SD_MspInit	208	static
stm32f7xx_hal_msp.c:332:6:HAL_SD_MspDeInit	8	static
stm32f7xx_hal_msp.c:374:6:HAL_TIM_Base_MspInit	8	static
stm32f7xx_hal_msp.c:396:6:HAL_TIM_Base_MspDeInit	0	static
stm32f7xx_hal_msp.c:418:6:HAL_UART_MspInit	64	static
stm32f7xx_hal_msp.c:462:6:HAL_UART_MspDeInit	8	static
stm32f7xx_hal_msp.c:588:6:HAL_SDRAM_MspInit	56	static
stm32f7xx_hal_msp.c:672:6:HAL_SDRAM_MspDeInit	8	static
