op_resolver.h:44:35:virtual tflite::OpResolver::TfLiteDelegatePtrVector tflite::OpResolver::GetDelegates(int) const	0	static
main_functions.cc:165:37:void __tcf_0()	0	static
micro_mutable_op_resolver.h:44:29:const TfLiteRegistration* tflite::MicroMutableOpResolver<tOpCount>::FindOp(tflite::BuiltinOperator) const [with unsigned int tOpCount = 13]	0	static
micro_mutable_op_resolver.h:37:7:tflite::MicroMutableOpResolver<13>::~MicroMutableOpResolver()	0	static
main_functions.cc:203:70:void __tcf_2()	0	static
micro_mutable_op_resolver.h:67:41:TfLiteStatus (* tflite::MicroMutableOpResolver<tOpCount>::GetOpDataParser(tflite::BuiltinOperator) const)(const tflite::Operator*, tflite::ErrorReporter*, tflite::BuiltinDataAllocator*, void**) [with unsigned int tOpCount = 13]	8	static
micro_mutable_op_resolver.h:56:29:const TfLiteRegistration* tflite::MicroMutableOpResolver<tOpCount>::FindOp(const char*) const [with unsigned int tOpCount = 13]	16	static
micro_mutable_op_resolver.h:37:7:virtual tflite::MicroMutableOpResolver<13>::~MicroMutableOpResolver()	8	static
main_functions.cc:183:45:void __tcf_1()	0	static
micro_op_resolver.h:53:29:virtual const TfLiteRegistration* tflite::MicroOpResolver::FindOp(tflite::BuiltinOperator, int) const	8	static
micro_op_resolver.h:60:29:virtual const TfLiteRegistration* tflite::MicroOpResolver::FindOp(const char*, int) const	16	static
main_functions.cc:155:6:void setup()	104	static
main_functions.cc:227:10:uint16_t loop(unsigned char*, unsigned int*, unsigned int*, unsigned int*)	80	static
