stm32f7xx_ll_sdmmc.c:207:19:SDMMC_Init	12	static
stm32f7xx_ll_sdmmc.c:260:10:SDMMC_ReadFIFO	0	static
stm32f7xx_ll_sdmmc.c:272:19:SDMMC_WriteFIFO	0	static
stm32f7xx_ll_sdmmc.c:304:19:SDMMC_PowerState_ON	0	static
stm32f7xx_ll_sdmmc.c:317:19:SDMMC_PowerState_OFF	0	static
stm32f7xx_ll_sdmmc.c:334:10:SDMMC_GetPowerState	0	static
stm32f7xx_ll_sdmmc.c:347:19:SDMMC_SendCommand	12	static
stm32f7xx_ll_sdmmc.c:377:9:SDMMC_GetCommandResponse	0	static
stm32f7xx_ll_sdmmc.c:394:10:SDMMC_GetResponse	0	static
stm32f7xx_ll_sdmmc.c:415:19:SDMMC_ConfigData	8	static
stm32f7xx_ll_sdmmc.c:450:10:SDMMC_GetDataCounter	0	static
stm32f7xx_ll_sdmmc.c:460:10:SDMMC_GetFIFOCount	0	static
stm32f7xx_ll_sdmmc.c:474:19:SDMMC_SetSDMMCReadWaitMode	0	static
stm32f7xx_ll_sdmmc.c:509:10:SDMMC_CmdBlockLength	8	static
stm32f7xx_ll_sdmmc.c:533:10:SDMMC_CmdReadSingleBlock	8	static
stm32f7xx_ll_sdmmc.c:557:10:SDMMC_CmdReadMultiBlock	8	static
stm32f7xx_ll_sdmmc.c:581:10:SDMMC_CmdWriteSingleBlock	8	static
stm32f7xx_ll_sdmmc.c:605:10:SDMMC_CmdWriteMultiBlock	8	static
stm32f7xx_ll_sdmmc.c:629:10:SDMMC_CmdSDEraseStartAdd	8	static
stm32f7xx_ll_sdmmc.c:653:10:SDMMC_CmdSDEraseEndAdd	8	static
stm32f7xx_ll_sdmmc.c:677:10:SDMMC_CmdEraseStartAdd	8	static
stm32f7xx_ll_sdmmc.c:701:10:SDMMC_CmdEraseEndAdd	8	static
stm32f7xx_ll_sdmmc.c:725:10:SDMMC_CmdErase	8	static
stm32f7xx_ll_sdmmc.c:749:10:SDMMC_CmdStopTransfer	8	static
stm32f7xx_ll_sdmmc.c:774:10:SDMMC_CmdSelDesel	8	static
stm32f7xx_ll_sdmmc.c:798:10:SDMMC_CmdGoIdleState	8	static
stm32f7xx_ll_sdmmc.c:821:10:SDMMC_CmdOperCond	8	static
stm32f7xx_ll_sdmmc.c:852:10:SDMMC_CmdAppCommand	8	static
stm32f7xx_ll_sdmmc.c:880:10:SDMMC_CmdAppOperCommand	8	static
stm32f7xx_ll_sdmmc.c:904:10:SDMMC_CmdBusWidth	8	static
stm32f7xx_ll_sdmmc.c:927:10:SDMMC_CmdSendSCR	8	static
stm32f7xx_ll_sdmmc.c:951:10:SDMMC_CmdSendCID	8	static
stm32f7xx_ll_sdmmc.c:976:10:SDMMC_CmdSendCSD	8	static
stm32f7xx_ll_sdmmc.c:1001:10:SDMMC_CmdSetRelAdd	8	static
stm32f7xx_ll_sdmmc.c:1026:10:SDMMC_CmdSetRelAddMmc	8	static
stm32f7xx_ll_sdmmc.c:1051:10:SDMMC_CmdSendStatus	8	static
stm32f7xx_ll_sdmmc.c:1074:10:SDMMC_CmdStatusRegister	8	static
stm32f7xx_ll_sdmmc.c:1099:10:SDMMC_CmdOpCondition	8	static
stm32f7xx_ll_sdmmc.c:1123:10:SDMMC_CmdSwitch	8	static
stm32f7xx_ll_sdmmc.c:1149:10:SDMMC_CmdSendEXTCSD	8	static
stm32f7xx_ll_sdmmc.c:1191:10:SDMMC_GetCmdResp1	4	static
stm32f7xx_ll_sdmmc.c:1326:10:SDMMC_GetCmdResp2	4	static
stm32f7xx_ll_sdmmc.c:1370:10:SDMMC_GetCmdResp3	0	static
stm32f7xx_ll_sdmmc.c:1410:10:SDMMC_GetCmdResp6	4	static
stm32f7xx_ll_sdmmc.c:1483:10:SDMMC_GetCmdResp7	4	static
