stm32f7xx_hal_sd.c:2440:13:SD_DMATransmitCplt	0	static
stm32f7xx_hal_sd.c:3041:17:SD_FindSCR	56	static
stm32f7xx_hal_sd.c:514:13:HAL_SD_MspInit	0	static
stm32f7xx_hal_sd.c:529:13:HAL_SD_MspDeInit	0	static
stm32f7xx_hal_sd.c:473:19:HAL_SD_DeInit	8	static
stm32f7xx_hal_sd.c:570:19:HAL_SD_ReadBlocks	64	static
stm32f7xx_hal_sd.c:781:19:HAL_SD_WriteBlocks	72	static
stm32f7xx_hal_sd.c:965:19:HAL_SD_ReadBlocks_IT	48	static
stm32f7xx_hal_sd.c:1057:19:HAL_SD_WriteBlocks_IT	48	static
stm32f7xx_hal_sd.c:1150:19:HAL_SD_ReadBlocks_DMA	56	static
stm32f7xx_hal_sd.c:1267:19:HAL_SD_WriteBlocks_DMA	64	static
stm32f7xx_hal_sd.c:1382:19:HAL_SD_Erase	24	static
stm32f7xx_hal_sd.c:1675:21:HAL_SD_GetState	0	static
stm32f7xx_hal_sd.c:1686:10:HAL_SD_GetError	0	static
stm32f7xx_hal_sd.c:1696:13:HAL_SD_TxCpltCallback	0	static
stm32f7xx_hal_sd.c:1711:13:HAL_SD_RxCpltCallback	0	static
stm32f7xx_hal_sd.c:1726:13:HAL_SD_ErrorCallback	0	static
stm32f7xx_hal_sd.c:2453:13:SD_DMAReceiveCplt	16	static
stm32f7xx_hal_sd.c:2495:13:SD_DMAError	8	static
stm32f7xx_hal_sd.c:1741:13:HAL_SD_AbortCallback	0	static
stm32f7xx_hal_sd.c:2539:13:SD_DMATxAbort	16	static
stm32f7xx_hal_sd.c:1484:6:HAL_SD_IRQHandler	32	static
stm32f7xx_hal_sd.c:2578:13:SD_DMARxAbort	16	static
stm32f7xx_hal_sd.c:1952:19:HAL_SD_GetCardCID	12	static
stm32f7xx_hal_sd.c:1985:19:HAL_SD_GetCardCSD	20	static
stm32f7xx_hal_sd.c:403:19:HAL_SD_InitCard	128	static
stm32f7xx_hal_sd.c:335:19:HAL_SD_Init	8	static
stm32f7xx_hal_sd.c:2099:19:HAL_SD_GetCardStatus	120	static
stm32f7xx_hal_sd.c:2159:19:HAL_SD_GetCardInfo	20	static
stm32f7xx_hal_sd.c:2184:19:HAL_SD_ConfigWideBusOperation	56	static
stm32f7xx_hal_sd.c:2266:25:HAL_SD_GetCardState	8	static
stm32f7xx_hal_sd.c:2289:19:HAL_SD_Abort	8	static
stm32f7xx_hal_sd.c:2353:19:HAL_SD_Abort_IT	16	static
