stm32f7xx_hal_qspi.c:2484:13:QSPI_DMARxCplt	0	static
stm32f7xx_hal_qspi.c:2498:13:QSPI_DMATxCplt	0	static
stm32f7xx_hal_qspi.c:2645:13:QSPI_Config	24	static
stm32f7xx_hal_qspi.c:433:13:HAL_QSPI_MspInit	0	static
stm32f7xx_hal_qspi.c:291:19:HAL_QSPI_Init	24	static
stm32f7xx_hal_qspi.c:448:13:HAL_QSPI_MspDeInit	0	static
stm32f7xx_hal_qspi.c:392:19:HAL_QSPI_DeInit	8	static
stm32f7xx_hal_qspi.c:784:19:HAL_QSPI_Command	24	static
stm32f7xx_hal_qspi.c:873:19:HAL_QSPI_Command_IT	24	static
stm32f7xx_hal_qspi.c:1149:19:HAL_QSPI_Transmit_IT	12	static
stm32f7xx_hal_qspi.c:1209:19:HAL_QSPI_Receive_IT	16	static
stm32f7xx_hal_qspi.c:1277:19:HAL_QSPI_Transmit_DMA	24	static
stm32f7xx_hal_qspi.c:1421:19:HAL_QSPI_Receive_DMA	24	static
stm32f7xx_hal_qspi.c:1567:19:HAL_QSPI_AutoPolling	32	static
stm32f7xx_hal_qspi.c:1667:19:HAL_QSPI_AutoPolling_IT	32	static
stm32f7xx_hal_qspi.c:1771:19:HAL_QSPI_MemoryMapped	32	static
stm32f7xx_hal_qspi.c:1857:13:HAL_QSPI_ErrorCallback	0	static
stm32f7xx_hal_qspi.c:2569:13:QSPI_DMAAbortCplt	8	static
stm32f7xx_hal_qspi.c:1872:13:HAL_QSPI_AbortCpltCallback	0	static
stm32f7xx_hal_qspi.c:2544:13:QSPI_DMAError	8	static
stm32f7xx_hal_qspi.c:1887:13:HAL_QSPI_CmdCpltCallback	0	static
stm32f7xx_hal_qspi.c:1902:13:HAL_QSPI_RxCpltCallback	0	static
stm32f7xx_hal_qspi.c:1917:13:HAL_QSPI_TxCpltCallback	0	static
stm32f7xx_hal_qspi.c:1932:13:HAL_QSPI_RxHalfCpltCallback	0	static
stm32f7xx_hal_qspi.c:2512:13:QSPI_DMARxHalfCplt	8	static
stm32f7xx_hal_qspi.c:1947:13:HAL_QSPI_TxHalfCpltCallback	0	static
stm32f7xx_hal_qspi.c:2528:13:QSPI_DMATxHalfCplt	8	static
stm32f7xx_hal_qspi.c:1962:13:HAL_QSPI_FifoThresholdCallback	0	static
stm32f7xx_hal_qspi.c:1977:13:HAL_QSPI_StatusMatchCallback	0	static
stm32f7xx_hal_qspi.c:1992:13:HAL_QSPI_TimeOutCallback	0	static
stm32f7xx_hal_qspi.c:487:6:HAL_QSPI_IRQHandler	16	static
stm32f7xx_hal_qspi.c:2250:23:HAL_QSPI_GetState	0	static
stm32f7xx_hal_qspi.c:2261:10:HAL_QSPI_GetError	0	static
stm32f7xx_hal_qspi.c:2271:19:HAL_QSPI_Abort	16	static
stm32f7xx_hal_qspi.c:973:19:HAL_QSPI_Transmit	32	static
stm32f7xx_hal_qspi.c:1060:19:HAL_QSPI_Receive	32	static
stm32f7xx_hal_qspi.c:2327:19:HAL_QSPI_Abort_IT	8	static
stm32f7xx_hal_qspi.c:2383:6:HAL_QSPI_SetTimeout	0	static
stm32f7xx_hal_qspi.c:2393:19:HAL_QSPI_SetFifoThreshold	8	static
stm32f7xx_hal_qspi.c:2425:10:HAL_QSPI_GetFifoThreshold	0	static
stm32f7xx_hal_qspi.c:2437:19:HAL_QSPI_SetFlashID	4	static
