gthr-default.h:229:1:int __gthread_key_delete(__gthread_key_t)	16	static
limits:1204:7:static constexpr long int std::numeric_limits<long int>::min()	4	static
limits:1207:7:static constexpr long int std::numeric_limits<long int>::max()	4	static
fixedpoint.h:329:21:IntegerType gemmlowp::SaturatingRoundingDoublingHighMul(IntegerType, IntegerType) [with IntegerType = long int]	64	static
types.h:202:3:tflite::RuntimeShape::~RuntimeShape()	16	static
types.h:212:18:int32_t tflite::RuntimeShape::DimensionsCount() const	16	static
types.h:213:18:int32_t tflite::RuntimeShape::Dims(int) const	16	static
types.h:218:15:void tflite::RuntimeShape::SetDim(int, int32_t)	24	static
types.h:228:19:int32_t* tflite::RuntimeShape::DimsData()	16	static
types.h:231:25:const int32_t* tflite::RuntimeShape::DimsData() const	16	static
types.h:235:25:const int32_t* tflite::RuntimeShape::DimsDataUpTo5D() const	16	static
types.h:237:15:void tflite::RuntimeShape::Resize(int)	16	static
types.h:278:30:static tflite::RuntimeShape tflite::RuntimeShape::ExtendedShape(int, const tflite::RuntimeShape&)	24	static
types.h:289:14:int tflite::RuntimeShape::FlatSize() const	32	static
types.h:304:3:tflite::RuntimeShape::RuntimeShape(int, const tflite::RuntimeShape&, int)	40	static
types.h:403:12:int tflite::Offset(const tflite::RuntimeShape&, int, int, int, int)	32	static
types.h:519:12:int tflite::MatchingFlatSize(const tflite::RuntimeShape&, const tflite::RuntimeShape&)	32	static
types.h:529:12:int tflite::MatchingFlatSize(const tflite::RuntimeShape&, const tflite::RuntimeShape&, const tflite::RuntimeShape&)	40	static
common.h:141:16:int32_t tflite::MultiplyByQuantizedMultiplierSmallerThanOneExp(int32_t, int32_t, int)	24	static
common.h:725:12:int tflite::SubscriptToIndex(const tflite::NdArrayDesc<4>&, int, int, int, int)	24	static
comparisons.h:109:8:tflite::reference_ops::BroadcastComparison4DSlowCommon::~BroadcastComparison4DSlowCommon()	16	static
comparisons.h:115:40:tflite::reference_ops::BroadcastComparison4DSlowCommon tflite::reference_ops::BroadcastComparison4DSlowPreprocess(const tflite::RuntimeShape&, const tflite::RuntimeShape&, const tflite::RuntimeShape&)	96	static
kernel_util.h:31:26:TfLiteEvalTensor* tflite::micro::GetMutableEvalInput(const TfLiteContext*, const TfLiteNode*, int)	24	static
kernel_util.h:40:32:const TfLiteEvalTensor* tflite::micro::GetEvalInput(const TfLiteContext*, const TfLiteNode*, int)	24	static
kernel_util.h:46:26:TfLiteEvalTensor* tflite::micro::GetEvalOutput(const TfLiteContext*, const TfLiteNode*, int)	24	static
comparisons.cc:37:14:TfLiteStatus tflite::ops::micro::comparisons::{anonymous}::EqualEval(TfLiteContext*, TfLiteNode*)	136	static
comparisons.cc:142:14:TfLiteStatus tflite::ops::micro::comparisons::{anonymous}::NotEqualEval(TfLiteContext*, TfLiteNode*)	136	static
comparisons.cc:246:14:TfLiteStatus tflite::ops::micro::comparisons::{anonymous}::GreaterEval(TfLiteContext*, TfLiteNode*)	136	static
comparisons.cc:337:14:TfLiteStatus tflite::ops::micro::comparisons::{anonymous}::GreaterEqualEval(TfLiteContext*, TfLiteNode*)	136	static
comparisons.cc:428:14:TfLiteStatus tflite::ops::micro::comparisons::{anonymous}::LessEval(TfLiteContext*, TfLiteNode*)	136	static
comparisons.cc:519:14:TfLiteStatus tflite::ops::micro::comparisons::{anonymous}::LessEqualEval(TfLiteContext*, TfLiteNode*)	136	static
comparisons.cc:612:7:void* tflite::ops::micro::comparisons::Init(TfLiteContext*, const char*, size_t)	24	static
comparisons.cc:617:14:TfLiteStatus tflite::ops::micro::comparisons::Prepare(TfLiteContext*, TfLiteNode*)	72	static
comparisons.cc:656:20:TfLiteRegistration tflite::ops::micro::Register_EQUAL()	24	static
comparisons.cc:667:20:TfLiteRegistration tflite::ops::micro::Register_NOT_EQUAL()	24	static
comparisons.cc:678:20:TfLiteRegistration tflite::ops::micro::Register_GREATER()	24	static
comparisons.cc:689:20:TfLiteRegistration tflite::ops::micro::Register_GREATER_EQUAL()	24	static
comparisons.cc:700:20:TfLiteRegistration tflite::ops::micro::Register_LESS()	24	static
comparisons.cc:711:20:TfLiteRegistration tflite::ops::micro::Register_LESS_EQUAL()	24	static
fixedpoint.h:357:20:IntegerType gemmlowp::RoundingDivideByPOT(IntegerType, int) [with IntegerType = long int]	56	static
common.h:818:13:void tflite::NdArrayDescsForElementwiseBroadcast(const tflite::RuntimeShape&, const tflite::RuntimeShape&, tflite::NdArrayDesc<N>*, tflite::NdArrayDesc<N>*) [with int N = 4]	88	static
comparisons.h:27:13:bool tflite::reference_ops::EqualFn(T, T) [with T = float]	16	static
comparisons.h:32:13:bool tflite::reference_ops::NotEqualFn(T, T) [with T = float]	16	static
comparisons.h:37:13:bool tflite::reference_ops::GreaterFn(T, T) [with T = float]	16	static
comparisons.h:41:13:bool tflite::reference_ops::GreaterEqualFn(T, T) [with T = float]	16	static
comparisons.h:45:13:bool tflite::reference_ops::LessFn(T, T) [with T = float]	16	static
comparisons.h:49:13:bool tflite::reference_ops::LessEqualFn(T, T) [with T = float]	16	static
kernel_util.h:55:4:T* tflite::micro::GetTensorData(TfLiteEvalTensor*) [with T = bool]	16	static
kernel_util.h:61:10:const T* tflite::micro::GetTensorData(const TfLiteEvalTensor*) [with T = bool]	16	static
comparisons.h:269:1:void tflite::reference_ops::Broadcast4DSlowEqualNoScaling(const tflite::ComparisonParams&, const tflite::RuntimeShape&, const T*, const tflite::RuntimeShape&, const T*, const tflite::RuntimeShape&, bool*) [with T = bool]	40	static
comparisons.h:269:1:void tflite::reference_ops::EqualNoScaling(const tflite::ComparisonParams&, const tflite::RuntimeShape&, const T*, const tflite::RuntimeShape&, const T*, const tflite::RuntimeShape&, bool*) [with T = bool]	40	static
kernel_util.h:61:10:const T* tflite::micro::GetTensorData(const TfLiteEvalTensor*) [with T = float]	16	static
comparisons.h:269:1:void tflite::reference_ops::Broadcast4DSlowEqualNoScaling(const tflite::ComparisonParams&, const tflite::RuntimeShape&, const T*, const tflite::RuntimeShape&, const T*, const tflite::RuntimeShape&, bool*) [with T = float]	40	static
comparisons.h:269:1:void tflite::reference_ops::EqualNoScaling(const tflite::ComparisonParams&, const tflite::RuntimeShape&, const T*, const tflite::RuntimeShape&, const T*, const tflite::RuntimeShape&, bool*) [with T = float]	40	static
kernel_util.h:61:10:const T* tflite::micro::GetTensorData(const TfLiteEvalTensor*) [with T = long int]	16	static
comparisons.h:269:1:void tflite::reference_ops::Broadcast4DSlowEqualNoScaling(const tflite::ComparisonParams&, const tflite::RuntimeShape&, const T*, const tflite::RuntimeShape&, const T*, const tflite::RuntimeShape&, bool*) [with T = long int]	40	static
comparisons.h:269:1:void tflite::reference_ops::EqualNoScaling(const tflite::ComparisonParams&, const tflite::RuntimeShape&, const T*, const tflite::RuntimeShape&, const T*, const tflite::RuntimeShape&, bool*) [with T = long int]	40	static
kernel_util.h:61:10:const T* tflite::micro::GetTensorData(const TfLiteEvalTensor*) [with T = long long int]	16	static
comparisons.h:269:1:void tflite::reference_ops::Broadcast4DSlowEqualNoScaling(const tflite::ComparisonParams&, const tflite::RuntimeShape&, const T*, const tflite::RuntimeShape&, const T*, const tflite::RuntimeShape&, bool*) [with T = long long int]	40	static
comparisons.h:269:1:void tflite::reference_ops::EqualNoScaling(const tflite::ComparisonParams&, const tflite::RuntimeShape&, const T*, const tflite::RuntimeShape&, const T*, const tflite::RuntimeShape&, bool*) [with T = long long int]	40	static
kernel_util.h:61:10:const T* tflite::micro::GetTensorData(const TfLiteEvalTensor*) [with T = unsigned char]	16	static
comparisons.h:269:1:void tflite::reference_ops::Broadcast4DSlowEqualWithScaling(const tflite::ComparisonParams&, const tflite::RuntimeShape&, const T*, const tflite::RuntimeShape&, const T*, const tflite::RuntimeShape&, bool*) [with T = unsigned char]	40	static
comparisons.h:269:1:void tflite::reference_ops::EqualWithScaling(const tflite::ComparisonParams&, const tflite::RuntimeShape&, const T*, const tflite::RuntimeShape&, const T*, const tflite::RuntimeShape&, bool*) [with T = unsigned char]	40	static
kernel_util.h:61:10:const T* tflite::micro::GetTensorData(const TfLiteEvalTensor*) [with T = signed char]	16	static
comparisons.h:269:1:void tflite::reference_ops::Broadcast4DSlowEqualWithScaling(const tflite::ComparisonParams&, const tflite::RuntimeShape&, const T*, const tflite::RuntimeShape&, const T*, const tflite::RuntimeShape&, bool*) [with T = signed char]	40	static
comparisons.h:269:1:void tflite::reference_ops::EqualWithScaling(const tflite::ComparisonParams&, const tflite::RuntimeShape&, const T*, const tflite::RuntimeShape&, const T*, const tflite::RuntimeShape&, bool*) [with T = signed char]	40	static
comparisons.h:270:1:void tflite::reference_ops::Broadcast4DSlowNotEqualNoScaling(const tflite::ComparisonParams&, const tflite::RuntimeShape&, const T*, const tflite::RuntimeShape&, const T*, const tflite::RuntimeShape&, bool*) [with T = bool]	40	static
comparisons.h:270:1:void tflite::reference_ops::NotEqualNoScaling(const tflite::ComparisonParams&, const tflite::RuntimeShape&, const T*, const tflite::RuntimeShape&, const T*, const tflite::RuntimeShape&, bool*) [with T = bool]	40	static
comparisons.h:270:1:void tflite::reference_ops::Broadcast4DSlowNotEqualNoScaling(const tflite::ComparisonParams&, const tflite::RuntimeShape&, const T*, const tflite::RuntimeShape&, const T*, const tflite::RuntimeShape&, bool*) [with T = float]	40	static
comparisons.h:270:1:void tflite::reference_ops::NotEqualNoScaling(const tflite::ComparisonParams&, const tflite::RuntimeShape&, const T*, const tflite::RuntimeShape&, const T*, const tflite::RuntimeShape&, bool*) [with T = float]	40	static
comparisons.h:270:1:void tflite::reference_ops::Broadcast4DSlowNotEqualNoScaling(const tflite::ComparisonParams&, const tflite::RuntimeShape&, const T*, const tflite::RuntimeShape&, const T*, const tflite::RuntimeShape&, bool*) [with T = long int]	40	static
comparisons.h:270:1:void tflite::reference_ops::NotEqualNoScaling(const tflite::ComparisonParams&, const tflite::RuntimeShape&, const T*, const tflite::RuntimeShape&, const T*, const tflite::RuntimeShape&, bool*) [with T = long int]	40	static
comparisons.h:270:1:void tflite::reference_ops::Broadcast4DSlowNotEqualNoScaling(const tflite::ComparisonParams&, const tflite::RuntimeShape&, const T*, const tflite::RuntimeShape&, const T*, const tflite::RuntimeShape&, bool*) [with T = long long int]	40	static
comparisons.h:270:1:void tflite::reference_ops::NotEqualNoScaling(const tflite::ComparisonParams&, const tflite::RuntimeShape&, const T*, const tflite::RuntimeShape&, const T*, const tflite::RuntimeShape&, bool*) [with T = long long int]	40	static
comparisons.h:270:1:void tflite::reference_ops::Broadcast4DSlowNotEqualWithScaling(const tflite::ComparisonParams&, const tflite::RuntimeShape&, const T*, const tflite::RuntimeShape&, const T*, const tflite::RuntimeShape&, bool*) [with T = unsigned char]	40	static
comparisons.h:270:1:void tflite::reference_ops::NotEqualWithScaling(const tflite::ComparisonParams&, const tflite::RuntimeShape&, const T*, const tflite::RuntimeShape&, const T*, const tflite::RuntimeShape&, bool*) [with T = unsigned char]	40	static
comparisons.h:270:1:void tflite::reference_ops::Broadcast4DSlowNotEqualWithScaling(const tflite::ComparisonParams&, const tflite::RuntimeShape&, const T*, const tflite::RuntimeShape&, const T*, const tflite::RuntimeShape&, bool*) [with T = signed char]	40	static
comparisons.h:270:1:void tflite::reference_ops::NotEqualWithScaling(const tflite::ComparisonParams&, const tflite::RuntimeShape&, const T*, const tflite::RuntimeShape&, const T*, const tflite::RuntimeShape&, bool*) [with T = signed char]	40	static
comparisons.h:271:1:void tflite::reference_ops::Broadcast4DSlowGreaterNoScaling(const tflite::ComparisonParams&, const tflite::RuntimeShape&, const T*, const tflite::RuntimeShape&, const T*, const tflite::RuntimeShape&, bool*) [with T = float]	40	static
comparisons.h:271:1:void tflite::reference_ops::GreaterNoScaling(const tflite::ComparisonParams&, const tflite::RuntimeShape&, const T*, const tflite::RuntimeShape&, const T*, const tflite::RuntimeShape&, bool*) [with T = float]	40	static
comparisons.h:271:1:void tflite::reference_ops::Broadcast4DSlowGreaterNoScaling(const tflite::ComparisonParams&, const tflite::RuntimeShape&, const T*, const tflite::RuntimeShape&, const T*, const tflite::RuntimeShape&, bool*) [with T = long int]	40	static
comparisons.h:271:1:void tflite::reference_ops::GreaterNoScaling(const tflite::ComparisonParams&, const tflite::RuntimeShape&, const T*, const tflite::RuntimeShape&, const T*, const tflite::RuntimeShape&, bool*) [with T = long int]	40	static
comparisons.h:271:1:void tflite::reference_ops::Broadcast4DSlowGreaterNoScaling(const tflite::ComparisonParams&, const tflite::RuntimeShape&, const T*, const tflite::RuntimeShape&, const T*, const tflite::RuntimeShape&, bool*) [with T = long long int]	40	static
comparisons.h:271:1:void tflite::reference_ops::GreaterNoScaling(const tflite::ComparisonParams&, const tflite::RuntimeShape&, const T*, const tflite::RuntimeShape&, const T*, const tflite::RuntimeShape&, bool*) [with T = long long int]	40	static
comparisons.h:271:1:void tflite::reference_ops::Broadcast4DSlowGreaterWithScaling(const tflite::ComparisonParams&, const tflite::RuntimeShape&, const T*, const tflite::RuntimeShape&, const T*, const tflite::RuntimeShape&, bool*) [with T = unsigned char]	40	static
comparisons.h:271:1:void tflite::reference_ops::GreaterWithScaling(const tflite::ComparisonParams&, const tflite::RuntimeShape&, const T*, const tflite::RuntimeShape&, const T*, const tflite::RuntimeShape&, bool*) [with T = unsigned char]	40	static
comparisons.h:271:1:void tflite::reference_ops::Broadcast4DSlowGreaterWithScaling(const tflite::ComparisonParams&, const tflite::RuntimeShape&, const T*, const tflite::RuntimeShape&, const T*, const tflite::RuntimeShape&, bool*) [with T = signed char]	40	static
comparisons.h:271:1:void tflite::reference_ops::GreaterWithScaling(const tflite::ComparisonParams&, const tflite::RuntimeShape&, const T*, const tflite::RuntimeShape&, const T*, const tflite::RuntimeShape&, bool*) [with T = signed char]	40	static
comparisons.h:272:1:void tflite::reference_ops::Broadcast4DSlowGreaterEqualNoScaling(const tflite::ComparisonParams&, const tflite::RuntimeShape&, const T*, const tflite::RuntimeShape&, const T*, const tflite::RuntimeShape&, bool*) [with T = float]	40	static
comparisons.h:272:1:void tflite::reference_ops::GreaterEqualNoScaling(const tflite::ComparisonParams&, const tflite::RuntimeShape&, const T*, const tflite::RuntimeShape&, const T*, const tflite::RuntimeShape&, bool*) [with T = float]	40	static
comparisons.h:272:1:void tflite::reference_ops::Broadcast4DSlowGreaterEqualNoScaling(const tflite::ComparisonParams&, const tflite::RuntimeShape&, const T*, const tflite::RuntimeShape&, const T*, const tflite::RuntimeShape&, bool*) [with T = long int]	40	static
comparisons.h:272:1:void tflite::reference_ops::GreaterEqualNoScaling(const tflite::ComparisonParams&, const tflite::RuntimeShape&, const T*, const tflite::RuntimeShape&, const T*, const tflite::RuntimeShape&, bool*) [with T = long int]	40	static
comparisons.h:272:1:void tflite::reference_ops::Broadcast4DSlowGreaterEqualNoScaling(const tflite::ComparisonParams&, const tflite::RuntimeShape&, const T*, const tflite::RuntimeShape&, const T*, const tflite::RuntimeShape&, bool*) [with T = long long int]	40	static
comparisons.h:272:1:void tflite::reference_ops::GreaterEqualNoScaling(const tflite::ComparisonParams&, const tflite::RuntimeShape&, const T*, const tflite::RuntimeShape&, const T*, const tflite::RuntimeShape&, bool*) [with T = long long int]	40	static
comparisons.h:272:1:void tflite::reference_ops::Broadcast4DSlowGreaterEqualWithScaling(const tflite::ComparisonParams&, const tflite::RuntimeShape&, const T*, const tflite::RuntimeShape&, const T*, const tflite::RuntimeShape&, bool*) [with T = unsigned char]	40	static
comparisons.h:272:1:void tflite::reference_ops::GreaterEqualWithScaling(const tflite::ComparisonParams&, const tflite::RuntimeShape&, const T*, const tflite::RuntimeShape&, const T*, const tflite::RuntimeShape&, bool*) [with T = unsigned char]	40	static
comparisons.h:272:1:void tflite::reference_ops::Broadcast4DSlowGreaterEqualWithScaling(const tflite::ComparisonParams&, const tflite::RuntimeShape&, const T*, const tflite::RuntimeShape&, const T*, const tflite::RuntimeShape&, bool*) [with T = signed char]	40	static
comparisons.h:272:1:void tflite::reference_ops::GreaterEqualWithScaling(const tflite::ComparisonParams&, const tflite::RuntimeShape&, const T*, const tflite::RuntimeShape&, const T*, const tflite::RuntimeShape&, bool*) [with T = signed char]	40	static
comparisons.h:273:1:void tflite::reference_ops::Broadcast4DSlowLessNoScaling(const tflite::ComparisonParams&, const tflite::RuntimeShape&, const T*, const tflite::RuntimeShape&, const T*, const tflite::RuntimeShape&, bool*) [with T = float]	40	static
comparisons.h:273:1:void tflite::reference_ops::LessNoScaling(const tflite::ComparisonParams&, const tflite::RuntimeShape&, const T*, const tflite::RuntimeShape&, const T*, const tflite::RuntimeShape&, bool*) [with T = float]	40	static
comparisons.h:273:1:void tflite::reference_ops::Broadcast4DSlowLessNoScaling(const tflite::ComparisonParams&, const tflite::RuntimeShape&, const T*, const tflite::RuntimeShape&, const T*, const tflite::RuntimeShape&, bool*) [with T = long int]	40	static
comparisons.h:273:1:void tflite::reference_ops::LessNoScaling(const tflite::ComparisonParams&, const tflite::RuntimeShape&, const T*, const tflite::RuntimeShape&, const T*, const tflite::RuntimeShape&, bool*) [with T = long int]	40	static
comparisons.h:273:1:void tflite::reference_ops::Broadcast4DSlowLessNoScaling(const tflite::ComparisonParams&, const tflite::RuntimeShape&, const T*, const tflite::RuntimeShape&, const T*, const tflite::RuntimeShape&, bool*) [with T = long long int]	40	static
comparisons.h:273:1:void tflite::reference_ops::LessNoScaling(const tflite::ComparisonParams&, const tflite::RuntimeShape&, const T*, const tflite::RuntimeShape&, const T*, const tflite::RuntimeShape&, bool*) [with T = long long int]	40	static
comparisons.h:273:1:void tflite::reference_ops::Broadcast4DSlowLessWithScaling(const tflite::ComparisonParams&, const tflite::RuntimeShape&, const T*, const tflite::RuntimeShape&, const T*, const tflite::RuntimeShape&, bool*) [with T = unsigned char]	40	static
comparisons.h:273:1:void tflite::reference_ops::LessWithScaling(const tflite::ComparisonParams&, const tflite::RuntimeShape&, const T*, const tflite::RuntimeShape&, const T*, const tflite::RuntimeShape&, bool*) [with T = unsigned char]	40	static
comparisons.h:273:1:void tflite::reference_ops::Broadcast4DSlowLessWithScaling(const tflite::ComparisonParams&, const tflite::RuntimeShape&, const T*, const tflite::RuntimeShape&, const T*, const tflite::RuntimeShape&, bool*) [with T = signed char]	40	static
comparisons.h:273:1:void tflite::reference_ops::LessWithScaling(const tflite::ComparisonParams&, const tflite::RuntimeShape&, const T*, const tflite::RuntimeShape&, const T*, const tflite::RuntimeShape&, bool*) [with T = signed char]	40	static
comparisons.h:274:1:void tflite::reference_ops::Broadcast4DSlowLessEqualNoScaling(const tflite::ComparisonParams&, const tflite::RuntimeShape&, const T*, const tflite::RuntimeShape&, const T*, const tflite::RuntimeShape&, bool*) [with T = float]	40	static
comparisons.h:274:1:void tflite::reference_ops::LessEqualNoScaling(const tflite::ComparisonParams&, const tflite::RuntimeShape&, const T*, const tflite::RuntimeShape&, const T*, const tflite::RuntimeShape&, bool*) [with T = float]	40	static
comparisons.h:274:1:void tflite::reference_ops::Broadcast4DSlowLessEqualNoScaling(const tflite::ComparisonParams&, const tflite::RuntimeShape&, const T*, const tflite::RuntimeShape&, const T*, const tflite::RuntimeShape&, bool*) [with T = long int]	40	static
comparisons.h:274:1:void tflite::reference_ops::LessEqualNoScaling(const tflite::ComparisonParams&, const tflite::RuntimeShape&, const T*, const tflite::RuntimeShape&, const T*, const tflite::RuntimeShape&, bool*) [with T = long int]	40	static
comparisons.h:274:1:void tflite::reference_ops::Broadcast4DSlowLessEqualNoScaling(const tflite::ComparisonParams&, const tflite::RuntimeShape&, const T*, const tflite::RuntimeShape&, const T*, const tflite::RuntimeShape&, bool*) [with T = long long int]	40	static
comparisons.h:274:1:void tflite::reference_ops::LessEqualNoScaling(const tflite::ComparisonParams&, const tflite::RuntimeShape&, const T*, const tflite::RuntimeShape&, const T*, const tflite::RuntimeShape&, bool*) [with T = long long int]	40	static
comparisons.h:274:1:void tflite::reference_ops::Broadcast4DSlowLessEqualWithScaling(const tflite::ComparisonParams&, const tflite::RuntimeShape&, const T*, const tflite::RuntimeShape&, const T*, const tflite::RuntimeShape&, bool*) [with T = unsigned char]	40	static
comparisons.h:274:1:void tflite::reference_ops::LessEqualWithScaling(const tflite::ComparisonParams&, const tflite::RuntimeShape&, const T*, const tflite::RuntimeShape&, const T*, const tflite::RuntimeShape&, bool*) [with T = unsigned char]	40	static
comparisons.h:274:1:void tflite::reference_ops::Broadcast4DSlowLessEqualWithScaling(const tflite::ComparisonParams&, const tflite::RuntimeShape&, const T*, const tflite::RuntimeShape&, const T*, const tflite::RuntimeShape&, bool*) [with T = signed char]	40	static
comparisons.h:274:1:void tflite::reference_ops::LessEqualWithScaling(const tflite::ComparisonParams&, const tflite::RuntimeShape&, const T*, const tflite::RuntimeShape&, const T*, const tflite::RuntimeShape&, bool*) [with T = signed char]	40	static
fixedpoint.h:64:10:tRawType gemmlowp::Dup(typename gemmlowp::FixedPointRawTypeTraits<tRawType>::ScalarRawType) [with tRawType = long int]	16	static
fixedpoint.h:70:14:tIntegerType gemmlowp::BitAnd(tIntegerType, tIntegerType) [with tIntegerType = long int]	16	static
fixedpoint.h:140:14:tIntegerType gemmlowp::ShiftRight(tIntegerType, int) [with tIntegerType = long int]	16	static
fixedpoint.h:199:14:tIntegerType gemmlowp::MaskIfLessThan(tIntegerType, tIntegerType) [with tIntegerType = long int]	16	static
fixedpoint.h:94:14:tIntegerType gemmlowp::Add(tIntegerType, tIntegerType) [with tIntegerType = long int]	16	static
fixedpoint.h:185:14:tIntegerType gemmlowp::MaskIfGreaterThan(tIntegerType, tIntegerType) [with tIntegerType = long int]	16	static
common.h:807:13:void tflite::CopyDimsToDesc(const tflite::RuntimeShape&, tflite::NdArrayDesc<N>*) [with int N = 4]	24	static
comparisons.h:57:13:void tflite::reference_ops::ComparisonImpl(const tflite::ComparisonParams&, const tflite::RuntimeShape&, const T*, const tflite::RuntimeShape&, const T*, const tflite::RuntimeShape&, bool*) [with T = float; bool (* F)(T, T) = tflite::reference_ops::EqualFn<float>]	56	static
comparisons.h:131:13:void tflite::reference_ops::BroadcastComparison4DSlowImpl(const tflite::ComparisonParams&, const tflite::RuntimeShape&, const T*, const tflite::RuntimeShape&, const T*, const tflite::RuntimeShape&, bool*) [with T = float; bool (* F)(T, T) = tflite::reference_ops::EqualFn<float>]	152	static
comparisons.h:57:13:void tflite::reference_ops::ComparisonImpl(const tflite::ComparisonParams&, const tflite::RuntimeShape&, const T*, const tflite::RuntimeShape&, const T*, const tflite::RuntimeShape&, bool*) [with T = float; bool (* F)(T, T) = tflite::reference_ops::NotEqualFn<float>]	56	static
comparisons.h:131:13:void tflite::reference_ops::BroadcastComparison4DSlowImpl(const tflite::ComparisonParams&, const tflite::RuntimeShape&, const T*, const tflite::RuntimeShape&, const T*, const tflite::RuntimeShape&, bool*) [with T = float; bool (* F)(T, T) = tflite::reference_ops::NotEqualFn<float>]	152	static
comparisons.h:57:13:void tflite::reference_ops::ComparisonImpl(const tflite::ComparisonParams&, const tflite::RuntimeShape&, const T*, const tflite::RuntimeShape&, const T*, const tflite::RuntimeShape&, bool*) [with T = float; bool (* F)(T, T) = tflite::reference_ops::GreaterFn<float>]	56	static
comparisons.h:131:13:void tflite::reference_ops::BroadcastComparison4DSlowImpl(const tflite::ComparisonParams&, const tflite::RuntimeShape&, const T*, const tflite::RuntimeShape&, const T*, const tflite::RuntimeShape&, bool*) [with T = float; bool (* F)(T, T) = tflite::reference_ops::GreaterFn<float>]	152	static
comparisons.h:57:13:void tflite::reference_ops::ComparisonImpl(const tflite::ComparisonParams&, const tflite::RuntimeShape&, const T*, const tflite::RuntimeShape&, const T*, const tflite::RuntimeShape&, bool*) [with T = float; bool (* F)(T, T) = tflite::reference_ops::GreaterEqualFn<float>]	56	static
comparisons.h:131:13:void tflite::reference_ops::BroadcastComparison4DSlowImpl(const tflite::ComparisonParams&, const tflite::RuntimeShape&, const T*, const tflite::RuntimeShape&, const T*, const tflite::RuntimeShape&, bool*) [with T = float; bool (* F)(T, T) = tflite::reference_ops::GreaterEqualFn<float>]	152	static
comparisons.h:57:13:void tflite::reference_ops::ComparisonImpl(const tflite::ComparisonParams&, const tflite::RuntimeShape&, const T*, const tflite::RuntimeShape&, const T*, const tflite::RuntimeShape&, bool*) [with T = float; bool (* F)(T, T) = tflite::reference_ops::LessFn<float>]	56	static
comparisons.h:131:13:void tflite::reference_ops::BroadcastComparison4DSlowImpl(const tflite::ComparisonParams&, const tflite::RuntimeShape&, const T*, const tflite::RuntimeShape&, const T*, const tflite::RuntimeShape&, bool*) [with T = float; bool (* F)(T, T) = tflite::reference_ops::LessFn<float>]	152	static
comparisons.h:57:13:void tflite::reference_ops::ComparisonImpl(const tflite::ComparisonParams&, const tflite::RuntimeShape&, const T*, const tflite::RuntimeShape&, const T*, const tflite::RuntimeShape&, bool*) [with T = float; bool (* F)(T, T) = tflite::reference_ops::LessEqualFn<float>]	56	static
comparisons.h:131:13:void tflite::reference_ops::BroadcastComparison4DSlowImpl(const tflite::ComparisonParams&, const tflite::RuntimeShape&, const T*, const tflite::RuntimeShape&, const T*, const tflite::RuntimeShape&, bool*) [with T = float; bool (* F)(T, T) = tflite::reference_ops::LessEqualFn<float>]	152	static
comparisons.h:27:13:bool tflite::reference_ops::EqualFn(T, T) [with T = bool]	16	static
comparisons.h:131:13:void tflite::reference_ops::BroadcastComparison4DSlowImpl(const tflite::ComparisonParams&, const tflite::RuntimeShape&, const T*, const tflite::RuntimeShape&, const T*, const tflite::RuntimeShape&, bool*) [with T = bool; bool (* F)(T, T) = tflite::reference_ops::EqualFn<bool>]	152	static
comparisons.h:57:13:void tflite::reference_ops::ComparisonImpl(const tflite::ComparisonParams&, const tflite::RuntimeShape&, const T*, const tflite::RuntimeShape&, const T*, const tflite::RuntimeShape&, bool*) [with T = bool; bool (* F)(T, T) = tflite::reference_ops::EqualFn<bool>]	56	static
comparisons.h:27:13:bool tflite::reference_ops::EqualFn(T, T) [with T = long int]	16	static
comparisons.h:131:13:void tflite::reference_ops::BroadcastComparison4DSlowImpl(const tflite::ComparisonParams&, const tflite::RuntimeShape&, const T*, const tflite::RuntimeShape&, const T*, const tflite::RuntimeShape&, bool*) [with T = long int; bool (* F)(T, T) = tflite::reference_ops::EqualFn<long int>]	152	static
comparisons.h:57:13:void tflite::reference_ops::ComparisonImpl(const tflite::ComparisonParams&, const tflite::RuntimeShape&, const T*, const tflite::RuntimeShape&, const T*, const tflite::RuntimeShape&, bool*) [with T = long int; bool (* F)(T, T) = tflite::reference_ops::EqualFn<long int>]	56	static
comparisons.h:27:13:bool tflite::reference_ops::EqualFn(T, T) [with T = long long int]	24	static
comparisons.h:131:13:void tflite::reference_ops::BroadcastComparison4DSlowImpl(const tflite::ComparisonParams&, const tflite::RuntimeShape&, const T*, const tflite::RuntimeShape&, const T*, const tflite::RuntimeShape&, bool*) [with T = long long int; bool (* F)(T, T) = tflite::reference_ops::EqualFn<long long int>]	160	static
comparisons.h:57:13:void tflite::reference_ops::ComparisonImpl(const tflite::ComparisonParams&, const tflite::RuntimeShape&, const T*, const tflite::RuntimeShape&, const T*, const tflite::RuntimeShape&, bool*) [with T = long long int; bool (* F)(T, T) = tflite::reference_ops::EqualFn<long long int>]	56	static
comparisons.h:168:13:void tflite::reference_ops::BroadcastComparison4DSlowWithScaling(const tflite::ComparisonParams&, const tflite::RuntimeShape&, const T*, const tflite::RuntimeShape&, const T*, const tflite::RuntimeShape&, bool*) [with T = unsigned char; bool (* F)(long int, long int) = tflite::reference_ops::EqualFn<long int>]	200	static
comparisons.h:80:13:void tflite::reference_ops::ComparisonWithScaling(const tflite::ComparisonParams&, const tflite::RuntimeShape&, const T*, const tflite::RuntimeShape&, const T*, const tflite::RuntimeShape&, bool*) [with T = unsigned char; bool (* F)(long int, long int) = tflite::reference_ops::EqualFn<long int>]	112	static
comparisons.h:168:13:void tflite::reference_ops::BroadcastComparison4DSlowWithScaling(const tflite::ComparisonParams&, const tflite::RuntimeShape&, const T*, const tflite::RuntimeShape&, const T*, const tflite::RuntimeShape&, bool*) [with T = signed char; bool (* F)(long int, long int) = tflite::reference_ops::EqualFn<long int>]	200	static
comparisons.h:80:13:void tflite::reference_ops::ComparisonWithScaling(const tflite::ComparisonParams&, const tflite::RuntimeShape&, const T*, const tflite::RuntimeShape&, const T*, const tflite::RuntimeShape&, bool*) [with T = signed char; bool (* F)(long int, long int) = tflite::reference_ops::EqualFn<long int>]	112	static
comparisons.h:32:13:bool tflite::reference_ops::NotEqualFn(T, T) [with T = bool]	16	static
comparisons.h:131:13:void tflite::reference_ops::BroadcastComparison4DSlowImpl(const tflite::ComparisonParams&, const tflite::RuntimeShape&, const T*, const tflite::RuntimeShape&, const T*, const tflite::RuntimeShape&, bool*) [with T = bool; bool (* F)(T, T) = tflite::reference_ops::NotEqualFn<bool>]	152	static
comparisons.h:57:13:void tflite::reference_ops::ComparisonImpl(const tflite::ComparisonParams&, const tflite::RuntimeShape&, const T*, const tflite::RuntimeShape&, const T*, const tflite::RuntimeShape&, bool*) [with T = bool; bool (* F)(T, T) = tflite::reference_ops::NotEqualFn<bool>]	56	static
comparisons.h:32:13:bool tflite::reference_ops::NotEqualFn(T, T) [with T = long int]	16	static
comparisons.h:131:13:void tflite::reference_ops::BroadcastComparison4DSlowImpl(const tflite::ComparisonParams&, const tflite::RuntimeShape&, const T*, const tflite::RuntimeShape&, const T*, const tflite::RuntimeShape&, bool*) [with T = long int; bool (* F)(T, T) = tflite::reference_ops::NotEqualFn<long int>]	152	static
comparisons.h:57:13:void tflite::reference_ops::ComparisonImpl(const tflite::ComparisonParams&, const tflite::RuntimeShape&, const T*, const tflite::RuntimeShape&, const T*, const tflite::RuntimeShape&, bool*) [with T = long int; bool (* F)(T, T) = tflite::reference_ops::NotEqualFn<long int>]	56	static
comparisons.h:32:13:bool tflite::reference_ops::NotEqualFn(T, T) [with T = long long int]	24	static
comparisons.h:131:13:void tflite::reference_ops::BroadcastComparison4DSlowImpl(const tflite::ComparisonParams&, const tflite::RuntimeShape&, const T*, const tflite::RuntimeShape&, const T*, const tflite::RuntimeShape&, bool*) [with T = long long int; bool (* F)(T, T) = tflite::reference_ops::NotEqualFn<long long int>]	160	static
comparisons.h:57:13:void tflite::reference_ops::ComparisonImpl(const tflite::ComparisonParams&, const tflite::RuntimeShape&, const T*, const tflite::RuntimeShape&, const T*, const tflite::RuntimeShape&, bool*) [with T = long long int; bool (* F)(T, T) = tflite::reference_ops::NotEqualFn<long long int>]	56	static
comparisons.h:168:13:void tflite::reference_ops::BroadcastComparison4DSlowWithScaling(const tflite::ComparisonParams&, const tflite::RuntimeShape&, const T*, const tflite::RuntimeShape&, const T*, const tflite::RuntimeShape&, bool*) [with T = unsigned char; bool (* F)(long int, long int) = tflite::reference_ops::NotEqualFn<long int>]	200	static
comparisons.h:80:13:void tflite::reference_ops::ComparisonWithScaling(const tflite::ComparisonParams&, const tflite::RuntimeShape&, const T*, const tflite::RuntimeShape&, const T*, const tflite::RuntimeShape&, bool*) [with T = unsigned char; bool (* F)(long int, long int) = tflite::reference_ops::NotEqualFn<long int>]	112	static
comparisons.h:168:13:void tflite::reference_ops::BroadcastComparison4DSlowWithScaling(const tflite::ComparisonParams&, const tflite::RuntimeShape&, const T*, const tflite::RuntimeShape&, const T*, const tflite::RuntimeShape&, bool*) [with T = signed char; bool (* F)(long int, long int) = tflite::reference_ops::NotEqualFn<long int>]	200	static
comparisons.h:80:13:void tflite::reference_ops::ComparisonWithScaling(const tflite::ComparisonParams&, const tflite::RuntimeShape&, const T*, const tflite::RuntimeShape&, const T*, const tflite::RuntimeShape&, bool*) [with T = signed char; bool (* F)(long int, long int) = tflite::reference_ops::NotEqualFn<long int>]	112	static
comparisons.h:37:13:bool tflite::reference_ops::GreaterFn(T, T) [with T = long int]	16	static
comparisons.h:131:13:void tflite::reference_ops::BroadcastComparison4DSlowImpl(const tflite::ComparisonParams&, const tflite::RuntimeShape&, const T*, const tflite::RuntimeShape&, const T*, const tflite::RuntimeShape&, bool*) [with T = long int; bool (* F)(T, T) = tflite::reference_ops::GreaterFn<long int>]	152	static
comparisons.h:57:13:void tflite::reference_ops::ComparisonImpl(const tflite::ComparisonParams&, const tflite::RuntimeShape&, const T*, const tflite::RuntimeShape&, const T*, const tflite::RuntimeShape&, bool*) [with T = long int; bool (* F)(T, T) = tflite::reference_ops::GreaterFn<long int>]	56	static
comparisons.h:37:13:bool tflite::reference_ops::GreaterFn(T, T) [with T = long long int]	24	static
comparisons.h:131:13:void tflite::reference_ops::BroadcastComparison4DSlowImpl(const tflite::ComparisonParams&, const tflite::RuntimeShape&, const T*, const tflite::RuntimeShape&, const T*, const tflite::RuntimeShape&, bool*) [with T = long long int; bool (* F)(T, T) = tflite::reference_ops::GreaterFn<long long int>]	160	static
comparisons.h:57:13:void tflite::reference_ops::ComparisonImpl(const tflite::ComparisonParams&, const tflite::RuntimeShape&, const T*, const tflite::RuntimeShape&, const T*, const tflite::RuntimeShape&, bool*) [with T = long long int; bool (* F)(T, T) = tflite::reference_ops::GreaterFn<long long int>]	56	static
comparisons.h:168:13:void tflite::reference_ops::BroadcastComparison4DSlowWithScaling(const tflite::ComparisonParams&, const tflite::RuntimeShape&, const T*, const tflite::RuntimeShape&, const T*, const tflite::RuntimeShape&, bool*) [with T = unsigned char; bool (* F)(long int, long int) = tflite::reference_ops::GreaterFn<long int>]	200	static
comparisons.h:80:13:void tflite::reference_ops::ComparisonWithScaling(const tflite::ComparisonParams&, const tflite::RuntimeShape&, const T*, const tflite::RuntimeShape&, const T*, const tflite::RuntimeShape&, bool*) [with T = unsigned char; bool (* F)(long int, long int) = tflite::reference_ops::GreaterFn<long int>]	112	static
comparisons.h:168:13:void tflite::reference_ops::BroadcastComparison4DSlowWithScaling(const tflite::ComparisonParams&, const tflite::RuntimeShape&, const T*, const tflite::RuntimeShape&, const T*, const tflite::RuntimeShape&, bool*) [with T = signed char; bool (* F)(long int, long int) = tflite::reference_ops::GreaterFn<long int>]	200	static
comparisons.h:80:13:void tflite::reference_ops::ComparisonWithScaling(const tflite::ComparisonParams&, const tflite::RuntimeShape&, const T*, const tflite::RuntimeShape&, const T*, const tflite::RuntimeShape&, bool*) [with T = signed char; bool (* F)(long int, long int) = tflite::reference_ops::GreaterFn<long int>]	112	static
comparisons.h:41:13:bool tflite::reference_ops::GreaterEqualFn(T, T) [with T = long int]	16	static
comparisons.h:131:13:void tflite::reference_ops::BroadcastComparison4DSlowImpl(const tflite::ComparisonParams&, const tflite::RuntimeShape&, const T*, const tflite::RuntimeShape&, const T*, const tflite::RuntimeShape&, bool*) [with T = long int; bool (* F)(T, T) = tflite::reference_ops::GreaterEqualFn<long int>]	152	static
comparisons.h:57:13:void tflite::reference_ops::ComparisonImpl(const tflite::ComparisonParams&, const tflite::RuntimeShape&, const T*, const tflite::RuntimeShape&, const T*, const tflite::RuntimeShape&, bool*) [with T = long int; bool (* F)(T, T) = tflite::reference_ops::GreaterEqualFn<long int>]	56	static
comparisons.h:41:13:bool tflite::reference_ops::GreaterEqualFn(T, T) [with T = long long int]	24	static
comparisons.h:131:13:void tflite::reference_ops::BroadcastComparison4DSlowImpl(const tflite::ComparisonParams&, const tflite::RuntimeShape&, const T*, const tflite::RuntimeShape&, const T*, const tflite::RuntimeShape&, bool*) [with T = long long int; bool (* F)(T, T) = tflite::reference_ops::GreaterEqualFn<long long int>]	160	static
comparisons.h:57:13:void tflite::reference_ops::ComparisonImpl(const tflite::ComparisonParams&, const tflite::RuntimeShape&, const T*, const tflite::RuntimeShape&, const T*, const tflite::RuntimeShape&, bool*) [with T = long long int; bool (* F)(T, T) = tflite::reference_ops::GreaterEqualFn<long long int>]	56	static
comparisons.h:168:13:void tflite::reference_ops::BroadcastComparison4DSlowWithScaling(const tflite::ComparisonParams&, const tflite::RuntimeShape&, const T*, const tflite::RuntimeShape&, const T*, const tflite::RuntimeShape&, bool*) [with T = unsigned char; bool (* F)(long int, long int) = tflite::reference_ops::GreaterEqualFn<long int>]	200	static
comparisons.h:80:13:void tflite::reference_ops::ComparisonWithScaling(const tflite::ComparisonParams&, const tflite::RuntimeShape&, const T*, const tflite::RuntimeShape&, const T*, const tflite::RuntimeShape&, bool*) [with T = unsigned char; bool (* F)(long int, long int) = tflite::reference_ops::GreaterEqualFn<long int>]	112	static
comparisons.h:168:13:void tflite::reference_ops::BroadcastComparison4DSlowWithScaling(const tflite::ComparisonParams&, const tflite::RuntimeShape&, const T*, const tflite::RuntimeShape&, const T*, const tflite::RuntimeShape&, bool*) [with T = signed char; bool (* F)(long int, long int) = tflite::reference_ops::GreaterEqualFn<long int>]	200	static
comparisons.h:80:13:void tflite::reference_ops::ComparisonWithScaling(const tflite::ComparisonParams&, const tflite::RuntimeShape&, const T*, const tflite::RuntimeShape&, const T*, const tflite::RuntimeShape&, bool*) [with T = signed char; bool (* F)(long int, long int) = tflite::reference_ops::GreaterEqualFn<long int>]	112	static
comparisons.h:45:13:bool tflite::reference_ops::LessFn(T, T) [with T = long int]	16	static
comparisons.h:131:13:void tflite::reference_ops::BroadcastComparison4DSlowImpl(const tflite::ComparisonParams&, const tflite::RuntimeShape&, const T*, const tflite::RuntimeShape&, const T*, const tflite::RuntimeShape&, bool*) [with T = long int; bool (* F)(T, T) = tflite::reference_ops::LessFn<long int>]	152	static
comparisons.h:57:13:void tflite::reference_ops::ComparisonImpl(const tflite::ComparisonParams&, const tflite::RuntimeShape&, const T*, const tflite::RuntimeShape&, const T*, const tflite::RuntimeShape&, bool*) [with T = long int; bool (* F)(T, T) = tflite::reference_ops::LessFn<long int>]	56	static
comparisons.h:45:13:bool tflite::reference_ops::LessFn(T, T) [with T = long long int]	24	static
comparisons.h:131:13:void tflite::reference_ops::BroadcastComparison4DSlowImpl(const tflite::ComparisonParams&, const tflite::RuntimeShape&, const T*, const tflite::RuntimeShape&, const T*, const tflite::RuntimeShape&, bool*) [with T = long long int; bool (* F)(T, T) = tflite::reference_ops::LessFn<long long int>]	160	static
comparisons.h:57:13:void tflite::reference_ops::ComparisonImpl(const tflite::ComparisonParams&, const tflite::RuntimeShape&, const T*, const tflite::RuntimeShape&, const T*, const tflite::RuntimeShape&, bool*) [with T = long long int; bool (* F)(T, T) = tflite::reference_ops::LessFn<long long int>]	56	static
comparisons.h:168:13:void tflite::reference_ops::BroadcastComparison4DSlowWithScaling(const tflite::ComparisonParams&, const tflite::RuntimeShape&, const T*, const tflite::RuntimeShape&, const T*, const tflite::RuntimeShape&, bool*) [with T = unsigned char; bool (* F)(long int, long int) = tflite::reference_ops::LessFn<long int>]	200	static
comparisons.h:80:13:void tflite::reference_ops::ComparisonWithScaling(const tflite::ComparisonParams&, const tflite::RuntimeShape&, const T*, const tflite::RuntimeShape&, const T*, const tflite::RuntimeShape&, bool*) [with T = unsigned char; bool (* F)(long int, long int) = tflite::reference_ops::LessFn<long int>]	112	static
comparisons.h:168:13:void tflite::reference_ops::BroadcastComparison4DSlowWithScaling(const tflite::ComparisonParams&, const tflite::RuntimeShape&, const T*, const tflite::RuntimeShape&, const T*, const tflite::RuntimeShape&, bool*) [with T = signed char; bool (* F)(long int, long int) = tflite::reference_ops::LessFn<long int>]	200	static
comparisons.h:80:13:void tflite::reference_ops::ComparisonWithScaling(const tflite::ComparisonParams&, const tflite::RuntimeShape&, const T*, const tflite::RuntimeShape&, const T*, const tflite::RuntimeShape&, bool*) [with T = signed char; bool (* F)(long int, long int) = tflite::reference_ops::LessFn<long int>]	112	static
comparisons.h:49:13:bool tflite::reference_ops::LessEqualFn(T, T) [with T = long int]	16	static
comparisons.h:131:13:void tflite::reference_ops::BroadcastComparison4DSlowImpl(const tflite::ComparisonParams&, const tflite::RuntimeShape&, const T*, const tflite::RuntimeShape&, const T*, const tflite::RuntimeShape&, bool*) [with T = long int; bool (* F)(T, T) = tflite::reference_ops::LessEqualFn<long int>]	152	static
comparisons.h:57:13:void tflite::reference_ops::ComparisonImpl(const tflite::ComparisonParams&, const tflite::RuntimeShape&, const T*, const tflite::RuntimeShape&, const T*, const tflite::RuntimeShape&, bool*) [with T = long int; bool (* F)(T, T) = tflite::reference_ops::LessEqualFn<long int>]	56	static
comparisons.h:49:13:bool tflite::reference_ops::LessEqualFn(T, T) [with T = long long int]	24	static
comparisons.h:131:13:void tflite::reference_ops::BroadcastComparison4DSlowImpl(const tflite::ComparisonParams&, const tflite::RuntimeShape&, const T*, const tflite::RuntimeShape&, const T*, const tflite::RuntimeShape&, bool*) [with T = long long int; bool (* F)(T, T) = tflite::reference_ops::LessEqualFn<long long int>]	160	static
comparisons.h:57:13:void tflite::reference_ops::ComparisonImpl(const tflite::ComparisonParams&, const tflite::RuntimeShape&, const T*, const tflite::RuntimeShape&, const T*, const tflite::RuntimeShape&, bool*) [with T = long long int; bool (* F)(T, T) = tflite::reference_ops::LessEqualFn<long long int>]	56	static
comparisons.h:168:13:void tflite::reference_ops::BroadcastComparison4DSlowWithScaling(const tflite::ComparisonParams&, const tflite::RuntimeShape&, const T*, const tflite::RuntimeShape&, const T*, const tflite::RuntimeShape&, bool*) [with T = unsigned char; bool (* F)(long int, long int) = tflite::reference_ops::LessEqualFn<long int>]	200	static
comparisons.h:80:13:void tflite::reference_ops::ComparisonWithScaling(const tflite::ComparisonParams&, const tflite::RuntimeShape&, const T*, const tflite::RuntimeShape&, const T*, const tflite::RuntimeShape&, bool*) [with T = unsigned char; bool (* F)(long int, long int) = tflite::reference_ops::LessEqualFn<long int>]	112	static
comparisons.h:168:13:void tflite::reference_ops::BroadcastComparison4DSlowWithScaling(const tflite::ComparisonParams&, const tflite::RuntimeShape&, const T*, const tflite::RuntimeShape&, const T*, const tflite::RuntimeShape&, bool*) [with T = signed char; bool (* F)(long int, long int) = tflite::reference_ops::LessEqualFn<long int>]	200	static
comparisons.h:80:13:void tflite::reference_ops::ComparisonWithScaling(const tflite::ComparisonParams&, const tflite::RuntimeShape&, const T*, const tflite::RuntimeShape&, const T*, const tflite::RuntimeShape&, bool*) [with T = signed char; bool (* F)(long int, long int) = tflite::reference_ops::LessEqualFn<long int>]	112	static
fixedpoint.h:156:14:tIntegerType gemmlowp::MaskIfNonZero(tIntegerType) [with tIntegerType = long int]	16	static
fixedpoint.h:88:14:tIntegerType gemmlowp::BitNot(tIntegerType) [with tIntegerType = long int]	16	static
