types.h:202:3:tflite::RuntimeShape::~RuntimeShape()	16	static
types.h:212:18:int32_t tflite::RuntimeShape::DimensionsCount() const	16	static
types.h:231:25:const int32_t* tflite::RuntimeShape::DimsData() const	16	static
types.h:289:14:int tflite::RuntimeShape::FlatSize() const	32	static
kernel_util.h:147:12:int tflite::NumDimensions(const TfLiteTensor*)	16	static
kernel_util.h:31:26:TfLiteEvalTensor* tflite::micro::GetMutableEvalInput(const TfLiteContext*, const TfLiteNode*, int)	24	static
kernel_util.h:40:32:const TfLiteEvalTensor* tflite::micro::GetEvalInput(const TfLiteContext*, const TfLiteNode*, int)	24	static
kernel_util.h:46:26:TfLiteEvalTensor* tflite::micro::GetEvalOutput(const TfLiteContext*, const TfLiteNode*, int)	24	static
fill.cc:40:14:TfLiteStatus tflite::{anonymous}::EnsureEq(TfLiteContext*, const TfLiteIntArray*, const TfLiteTensor*)	56	static
fill.cc:69:14:TfLiteStatus tflite::{anonymous}::Prepare(TfLiteContext*, TfLiteNode*)	56	static
fill.cc:99:14:TfLiteStatus tflite::{anonymous}::Eval(TfLiteContext*, TfLiteNode*)	32	static
fill.cc:120:20:TfLiteRegistration tflite::Register_FILL()	24	static
fill.cc:30:14:TfLiteStatus tflite::{anonymous}::EnsureEqImpl(TfLiteContext*, const TfLiteIntArray*, const TfLiteTensor*) [with T = signed char]	56	static
fill.cc:30:14:TfLiteStatus tflite::{anonymous}::EnsureEqImpl(TfLiteContext*, const TfLiteIntArray*, const TfLiteTensor*) [with T = unsigned char]	56	static
fill.cc:30:14:TfLiteStatus tflite::{anonymous}::EnsureEqImpl(TfLiteContext*, const TfLiteIntArray*, const TfLiteTensor*) [with T = short int]	56	static
fill.cc:30:14:TfLiteStatus tflite::{anonymous}::EnsureEqImpl(TfLiteContext*, const TfLiteIntArray*, const TfLiteTensor*) [with T = long int]	56	static
fill.cc:30:14:TfLiteStatus tflite::{anonymous}::EnsureEqImpl(TfLiteContext*, const TfLiteIntArray*, const TfLiteTensor*) [with T = long long int]	64	static
fill.cc:93:6:void tflite::{anonymous}::FillImpl(const TfLiteEvalTensor*, TfLiteEvalTensor*) [with T = float]	72	static
tensor_ctypes.h:29:17:const T* tflite::GetTensorData(const TfLiteTensor*) [with T = signed char]	16	static
tensor_ctypes.h:29:17:const T* tflite::GetTensorData(const TfLiteTensor*) [with T = unsigned char]	16	static
tensor_ctypes.h:29:17:const T* tflite::GetTensorData(const TfLiteTensor*) [with T = short int]	16	static
tensor_ctypes.h:29:17:const T* tflite::GetTensorData(const TfLiteTensor*) [with T = long int]	16	static
tensor_ctypes.h:29:17:const T* tflite::GetTensorData(const TfLiteTensor*) [with T = long long int]	16	static
kernel_util.h:61:10:const T* tflite::micro::GetTensorData(const TfLiteEvalTensor*) [with T = float]	16	static
kernel_util.h:55:4:T* tflite::micro::GetTensorData(TfLiteEvalTensor*) [with T = float]	16	static
fill.h:26:6:void tflite::reference_ops::Fill(const tflite::RuntimeShape&, const T*, const tflite::RuntimeShape&, T*) [with T = float]	32	static
