limits:525:7:static constexpr signed char std::numeric_limits<signed char>::min()	4	static
limits:1204:7:static constexpr long int std::numeric_limits<long int>::min()	4	static
limits:1207:7:static constexpr long int std::numeric_limits<long int>::max()	4	static
gthr-default.h:229:1:int __gthread_key_delete(__gthread_key_t)	16	static
cmath:222:3:constexpr float std::exp(float)	16	static
fixedpoint.h:236:21:IntegerType gemmlowp::RoundingHalfSum(IntegerType, IntegerType) [with IntegerType = long int]	72	static
fixedpoint.h:329:21:IntegerType gemmlowp::SaturatingRoundingDoublingHighMul(IntegerType, IntegerType) [with IntegerType = long int]	64	static
types.h:202:3:tflite::RuntimeShape::~RuntimeShape()	16	static
types.h:212:18:int32_t tflite::RuntimeShape::DimensionsCount() const	16	static
types.h:213:18:int32_t tflite::RuntimeShape::Dims(int) const	16	static
types.h:231:25:const int32_t* tflite::RuntimeShape::DimsData() const	16	static
types.h:289:14:int tflite::RuntimeShape::FlatSize() const	32	static
types.h:519:12:int tflite::MatchingFlatSize(const tflite::RuntimeShape&, const tflite::RuntimeShape&)	32	static
common.h:156:16:int32_t tflite::MultiplyByQuantizedMultiplier(int32_t, int32_t, int)	32	static
logistic.h:24:13:void tflite::reference_integer_ops::Logistic(int32_t, int32_t, int32_t, int32_t, int32_t, const int8_t*, int8_t*)	64	static
logistic.h:30:13:void tflite::reference_ops::Logistic(const tflite::RuntimeShape&, const float*, const tflite::RuntimeShape&, float*)	48	static
kernel_util.h:161:16:int64_t tflite::NumElements(const TfLiteIntArray*)	32	static
kernel_util.h:31:26:TfLiteEvalTensor* tflite::micro::GetMutableEvalInput(const TfLiteContext*, const TfLiteNode*, int)	24	static
kernel_util.h:40:32:const TfLiteEvalTensor* tflite::micro::GetEvalInput(const TfLiteContext*, const TfLiteNode*, int)	24	static
kernel_util.h:46:26:TfLiteEvalTensor* tflite::micro::GetEvalOutput(const TfLiteContext*, const TfLiteNode*, int)	24	static
logistic.cc:43:14:TfLiteStatus tflite::ops::micro::activations::{anonymous}::CalculateArithmeticOpData(TfLiteContext*, TfLiteNode*, tflite::ops::micro::activations::{anonymous}::OpData*)	72	static
logistic.cc:72:7:void* tflite::ops::micro::activations::LogisticInit(TfLiteContext*, const char*, size_t)	24	static
logistic.cc:77:14:TfLiteStatus tflite::ops::micro::activations::LogisticPrepare(TfLiteContext*, TfLiteNode*)	24	static
logistic.cc:84:14:TfLiteStatus tflite::ops::micro::activations::LogisticEval(TfLiteContext*, TfLiteNode*)	128	static
logistic.cc:138:20:TfLiteRegistration tflite::ops::micro::Register_LOGISTIC()	24	static
stl_algobase.h:222:5:constexpr const _Tp& std::max(const _Tp&, const _Tp&) [with _Tp = long int]	16	static
stl_algobase.h:198:5:constexpr const _Tp& std::min(const _Tp&, const _Tp&) [with _Tp = long int]	16	static
fixedpoint.h:357:20:IntegerType gemmlowp::RoundingDivideByPOT(IntegerType, int) [with IntegerType = long int]	56	static
cppmath.h:36:1:T tflite::TfLiteRound(T) [with T = double]	16	static
fixedpoint.h:481:21:static gemmlowp::FixedPoint<tRawType, tIntegerBits> gemmlowp::FixedPoint<tRawType, tIntegerBits>::FromRaw(gemmlowp::FixedPoint<tRawType, tIntegerBits>::RawType) [with tRawType = long int; int tIntegerBits = 0]	24	static
fixedpoint.h:842:25:gemmlowp::FixedPoint<tRawType, 0> gemmlowp::one_over_one_plus_x_for_x_in_0_1(gemmlowp::FixedPoint<tRawType, 0>) [with tRawType = long int]	48	static
fixedpoint.h:525:12:gemmlowp::FixedPoint<tRawType, tIntegerBits>::RawType& gemmlowp::FixedPoint<tRawType, tIntegerBits>::raw() [with tRawType = long int; int tIntegerBits = 0]	16	static
fixedpoint.h:487:21:static gemmlowp::FixedPoint<tRawType, tIntegerBits> gemmlowp::FixedPoint<tRawType, tIntegerBits>::FromScalarRaw(gemmlowp::FixedPoint<tRawType, tIntegerBits>::ScalarRawType) [with tRawType = long int; int tIntegerBits = 0]	32	static
fixedpoint.h:687:47:typename FixedPointType::ScalarRawType gemmlowp::RescaleConstantInitializer(int32_t) [with FixedPointType = gemmlowp::FixedPoint<long int, 0>]	16	static
fixedpoint.h:481:21:static gemmlowp::FixedPoint<tRawType, tIntegerBits> gemmlowp::FixedPoint<tRawType, tIntegerBits>::FromRaw(gemmlowp::FixedPoint<tRawType, tIntegerBits>::RawType) [with tRawType = long int; int tIntegerBits = 4]	24	static
fixedpoint.h:873:25:gemmlowp::FixedPoint<tRawType, 0> gemmlowp::logistic(gemmlowp::FixedPoint<tRawType, tIntegerBits_a>) [with tRawType = long int; int tIntegerBits = 4]	40	static
kernel_util.h:61:10:const T* tflite::micro::GetTensorData(const TfLiteEvalTensor*) [with T = float]	16	static
kernel_util.h:55:4:T* tflite::micro::GetTensorData(TfLiteEvalTensor*) [with T = float]	16	static
kernel_util.h:61:10:const T* tflite::micro::GetTensorData(const TfLiteEvalTensor*) [with T = signed char]	16	static
kernel_util.h:55:4:T* tflite::micro::GetTensorData(TfLiteEvalTensor*) [with T = signed char]	16	static
fixedpoint.h:64:10:tRawType gemmlowp::Dup(typename gemmlowp::FixedPointRawTypeTraits<tRawType>::ScalarRawType) [with tRawType = long int]	16	static
fixedpoint.h:70:14:tIntegerType gemmlowp::BitAnd(tIntegerType, tIntegerType) [with tIntegerType = long int]	16	static
fixedpoint.h:140:14:tIntegerType gemmlowp::ShiftRight(tIntegerType, int) [with tIntegerType = long int]	16	static
fixedpoint.h:199:14:tIntegerType gemmlowp::MaskIfLessThan(tIntegerType, tIntegerType) [with tIntegerType = long int]	16	static
fixedpoint.h:94:14:tIntegerType gemmlowp::Add(tIntegerType, tIntegerType) [with tIntegerType = long int]	16	static
fixedpoint.h:185:14:tIntegerType gemmlowp::MaskIfGreaterThan(tIntegerType, tIntegerType) [with tIntegerType = long int]	16	static
fixedpoint.h:508:21:static gemmlowp::FixedPoint<tRawType, tIntegerBits> gemmlowp::FixedPoint<tRawType, tIntegerBits>::One() [with tRawType = long int; int tIntegerBits = 0]	8	static
fixedpoint.h:590:1:gemmlowp::FixedPoint<tRawType, tIntegerBits_a> gemmlowp::RoundingHalfSum(gemmlowp::FixedPoint<tRawType, tIntegerBits_a>, gemmlowp::FixedPoint<tRawType, tIntegerBits_a>) [with tRawType = long int; int tIntegerBits = 0]	24	static
fixedpoint.h:487:21:static gemmlowp::FixedPoint<tRawType, tIntegerBits> gemmlowp::FixedPoint<tRawType, tIntegerBits>::FromScalarRaw(gemmlowp::FixedPoint<tRawType, tIntegerBits>::ScalarRawType) [with tRawType = long int; int tIntegerBits = 2]	32	static
fixedpoint.h:687:47:typename FixedPointType::ScalarRawType gemmlowp::RescaleConstantInitializer(int32_t) [with FixedPointType = gemmlowp::FixedPoint<long int, 2>]	16	static
fixedpoint.h:539:55:gemmlowp::FixedPoint<tRawType, (tIntegerBits_a + tIntegerBits_b)> gemmlowp::operator*(gemmlowp::FixedPoint<tRawType, tIntegerBits_a>, gemmlowp::FixedPoint<tRawType, tIntegerBits_b>) [with tRawType = long int; int tIntegerBits_a = 0; int tIntegerBits_b = 2]	40	static
fixedpoint.h:585:1:gemmlowp::FixedPoint<tRawType, tIntegerBits_a> gemmlowp::operator+(gemmlowp::FixedPoint<tRawType, tIntegerBits_a>, gemmlowp::FixedPoint<tRawType, tIntegerBits_a>) [with tRawType = long int; int tIntegerBits = 2]	24	static
fixedpoint.h:508:21:static gemmlowp::FixedPoint<tRawType, tIntegerBits> gemmlowp::FixedPoint<tRawType, tIntegerBits>::One() [with tRawType = long int; int tIntegerBits = 2]	8	static
fixedpoint.h:586:1:gemmlowp::FixedPoint<tRawType, tIntegerBits_a> gemmlowp::operator-(gemmlowp::FixedPoint<tRawType, tIntegerBits_a>, gemmlowp::FixedPoint<tRawType, tIntegerBits_a>) [with tRawType = long int; int tIntegerBits = 2]	24	static
fixedpoint.h:539:55:gemmlowp::FixedPoint<tRawType, (tIntegerBits_a + tIntegerBits_b)> gemmlowp::operator*(gemmlowp::FixedPoint<tRawType, tIntegerBits_a>, gemmlowp::FixedPoint<tRawType, tIntegerBits_b>) [with tRawType = long int; int tIntegerBits_a = 2; int tIntegerBits_b = 2]	40	static
fixedpoint.h:668:39:gemmlowp::FixedPoint<tRawType, tIntegerBitsDst> gemmlowp::Rescale(gemmlowp::FixedPoint<tRawType, tIntegerBits>) [with int tIntegerBitsDst = 2; tRawType = long int; int tIntegerBitsSrc = 4]	32	static
fixedpoint.h:549:48:gemmlowp::FixedPoint<tRawType, (tExponent + tIntegerBits)> gemmlowp::ExactMulByPot(gemmlowp::FixedPoint<tRawType, tIntegerBits>) [with int tExponent = -1; tRawType = long int; int tIntegerBits = 2]	32	static
fixedpoint.h:668:39:gemmlowp::FixedPoint<tRawType, tIntegerBitsDst> gemmlowp::Rescale(gemmlowp::FixedPoint<tRawType, tIntegerBits>) [with int tIntegerBitsDst = 0; tRawType = long int; int tIntegerBitsSrc = 1]	32	static
fixedpoint.h:416:13:IntegerType gemmlowp::SaturatingRoundingMultiplyByPOT(IntegerType) [with int Exponent = -1; IntegerType = long int]	16	static
fixedpoint.h:105:14:tIntegerType gemmlowp::Sub(tIntegerType, tIntegerType) [with tIntegerType = long int]	16	static
fixedpoint.h:525:12:gemmlowp::FixedPoint<tRawType, tIntegerBits>::RawType& gemmlowp::FixedPoint<tRawType, tIntegerBits>::raw() [with tRawType = long int; int tIntegerBits = 4]	16	static
fixedpoint.h:506:21:static gemmlowp::FixedPoint<tRawType, tIntegerBits> gemmlowp::FixedPoint<tRawType, tIntegerBits>::Zero() [with tRawType = long int; int tIntegerBits = 4]	8	static
fixedpoint.h:612:1:tRawType gemmlowp::MaskIfGreaterThan(gemmlowp::FixedPoint<tRawType, tIntegerBits_a>, gemmlowp::FixedPoint<tRawType, tIntegerBits_a>) [with tRawType = long int; int tIntegerBits = 4]	24	static
fixedpoint.h:608:1:tRawType gemmlowp::MaskIfZero(gemmlowp::FixedPoint<tRawType, tIntegerBits_a>) [with tRawType = long int; int tIntegerBits = 4]	16	static
fixedpoint.h:583:1:gemmlowp::FixedPoint<tRawType, tIntegerBits_a> gemmlowp::operator-(gemmlowp::FixedPoint<tRawType, tIntegerBits_a>) [with tRawType = long int; int tIntegerBits = 4]	16	static
fixedpoint.h:621:36:gemmlowp::FixedPoint<tRawType, tIntegerBits_a> gemmlowp::SelectUsingMask(tRawType, gemmlowp::FixedPoint<tRawType, tIntegerBits_a>, gemmlowp::FixedPoint<tRawType, tIntegerBits_a>) [with tRawType = long int; int tIntegerBits = 4]	32	static
fixedpoint.h:866:25:gemmlowp::FixedPoint<tRawType, 0> gemmlowp::logistic_on_positive_values(gemmlowp::FixedPoint<tRawType, tIntegerBits_a>) [with tRawType = long int; int tIntegerBits = 4]	16	static
fixedpoint.h:586:1:gemmlowp::FixedPoint<tRawType, tIntegerBits_a> gemmlowp::operator-(gemmlowp::FixedPoint<tRawType, tIntegerBits_a>, gemmlowp::FixedPoint<tRawType, tIntegerBits_a>) [with tRawType = long int; int tIntegerBits = 0]	24	static
fixedpoint.h:621:36:gemmlowp::FixedPoint<tRawType, tIntegerBits_a> gemmlowp::SelectUsingMask(tRawType, gemmlowp::FixedPoint<tRawType, tIntegerBits_a>, gemmlowp::FixedPoint<tRawType, tIntegerBits_a>) [with tRawType = long int; int tIntegerBits = 0]	32	static
fixedpoint.h:156:14:tIntegerType gemmlowp::MaskIfNonZero(tIntegerType) [with tIntegerType = long int]	16	static
fixedpoint.h:469:30:static const ScalarRawType gemmlowp::FixedPoint<tRawType, tIntegerBits>::ScalarRawMax() [with tRawType = long int; int tIntegerBits = 0]	8	static
fixedpoint.h:525:12:gemmlowp::FixedPoint<tRawType, tIntegerBits>::RawType& gemmlowp::FixedPoint<tRawType, tIntegerBits>::raw() [with tRawType = long int; int tIntegerBits = 2]	16	static
fixedpoint.h:481:21:static gemmlowp::FixedPoint<tRawType, tIntegerBits> gemmlowp::FixedPoint<tRawType, tIntegerBits>::FromRaw(gemmlowp::FixedPoint<tRawType, tIntegerBits>::RawType) [with tRawType = long int; int tIntegerBits = 2]	24	static
fixedpoint.h:416:13:IntegerType gemmlowp::SaturatingRoundingMultiplyByPOT(IntegerType) [with int Exponent = 2; IntegerType = long int]	16	static
fixedpoint.h:525:12:gemmlowp::FixedPoint<tRawType, tIntegerBits>::RawType& gemmlowp::FixedPoint<tRawType, tIntegerBits>::raw() [with tRawType = long int; int tIntegerBits = 1]	16	static
fixedpoint.h:416:13:IntegerType gemmlowp::SaturatingRoundingMultiplyByPOT(IntegerType) [with int Exponent = 1; IntegerType = long int]	16	static
fixedpoint.h:410:22:static IntegerType gemmlowp::ImplSaturatingRoundingMultiplyByPOT<Exponent, IntegerType, -1>::eval(IntegerType) [with int Exponent = -1; IntegerType = long int]	16	static
fixedpoint.h:487:21:static gemmlowp::FixedPoint<tRawType, tIntegerBits> gemmlowp::FixedPoint<tRawType, tIntegerBits>::FromScalarRaw(gemmlowp::FixedPoint<tRawType, tIntegerBits>::ScalarRawType) [with tRawType = long int; int tIntegerBits = 4]	32	static
fixedpoint.h:164:14:tIntegerType gemmlowp::MaskIfZero(tIntegerType) [with tIntegerType = long int]	16	static
fixedpoint.h:111:14:tIntegerType gemmlowp::Neg(tIntegerType) [with tIntegerType = long int]	16	static
fixedpoint.h:148:14:tIntegerType gemmlowp::SelectUsingMask(tIntegerType, tIntegerType, tIntegerType) [with tIntegerType = long int]	32	static
fixedpoint.h:746:25:gemmlowp::FixedPoint<tRawType, 0> gemmlowp::exp_on_negative_values(gemmlowp::FixedPoint<tRawType, tIntegerBits_a>) [with tRawType = long int; int tIntegerBits = 4]	80	static
fixedpoint.h:88:14:tIntegerType gemmlowp::BitNot(tIntegerType) [with tIntegerType = long int]	16	static
fixedpoint.h:385:22:static IntegerType gemmlowp::ImplSaturatingRoundingMultiplyByPOT<Exponent, IntegerType, 1>::eval(IntegerType) [with int Exponent = 2; IntegerType = long int]	48	static
fixedpoint.h:385:22:static IntegerType gemmlowp::ImplSaturatingRoundingMultiplyByPOT<Exponent, IntegerType, 1>::eval(IntegerType) [with int Exponent = 1; IntegerType = long int]	48	static
fixedpoint.h:125:14:tIntegerType gemmlowp::ShiftLeft(tIntegerType, int) [with tIntegerType = long int]	40	static
fixedpoint.h:82:14:tIntegerType gemmlowp::BitXor(tIntegerType, tIntegerType) [with tIntegerType = long int]	16	static
fixedpoint.h:498:21:static gemmlowp::FixedPoint<tRawType, tIntegerBits> gemmlowp::FixedPoint<tRawType, tIntegerBits>::ConstantPOT() [with int Exponent = -2; tRawType = long int; int tIntegerBits = 4]	8	static
fixedpoint.h:586:1:gemmlowp::FixedPoint<tRawType, tIntegerBits_a> gemmlowp::operator-(gemmlowp::FixedPoint<tRawType, tIntegerBits_a>, gemmlowp::FixedPoint<tRawType, tIntegerBits_a>) [with tRawType = long int; int tIntegerBits = 4]	24	static
fixedpoint.h:587:1:gemmlowp::FixedPoint<tRawType, tIntegerBits_a> gemmlowp::operator&(gemmlowp::FixedPoint<tRawType, tIntegerBits_a>, gemmlowp::FixedPoint<tRawType, tIntegerBits_a>) [with tRawType = long int; int tIntegerBits = 4]	24	static
fixedpoint.h:668:39:gemmlowp::FixedPoint<tRawType, tIntegerBitsDst> gemmlowp::Rescale(gemmlowp::FixedPoint<tRawType, tIntegerBits>) [with int tIntegerBitsDst = 0; tRawType = long int; int tIntegerBitsSrc = 4]	32	static
fixedpoint.h:721:25:gemmlowp::FixedPoint<tRawType, 0> gemmlowp::exp_on_interval_between_negative_one_quarter_and_0_excl(gemmlowp::FixedPoint<tRawType, 0>) [with tRawType = long int]	48	static
fixedpoint.h:539:55:gemmlowp::FixedPoint<tRawType, (tIntegerBits_a + tIntegerBits_b)> gemmlowp::operator*(gemmlowp::FixedPoint<tRawType, tIntegerBits_a>, gemmlowp::FixedPoint<tRawType, tIntegerBits_b>) [with tRawType = long int; int tIntegerBits_a = 0; int tIntegerBits_b = 0]	40	static
fixedpoint.h:416:13:IntegerType gemmlowp::SaturatingRoundingMultiplyByPOT(IntegerType) [with int Exponent = 4; IntegerType = long int]	16	static
fixedpoint.h:498:21:static gemmlowp::FixedPoint<tRawType, tIntegerBits> gemmlowp::FixedPoint<tRawType, tIntegerBits>::ConstantPOT() [with int Exponent = -3; tRawType = long int; int tIntegerBits = 0]	8	static
fixedpoint.h:585:1:gemmlowp::FixedPoint<tRawType, tIntegerBits_a> gemmlowp::operator+(gemmlowp::FixedPoint<tRawType, tIntegerBits_a>, gemmlowp::FixedPoint<tRawType, tIntegerBits_a>) [with tRawType = long int; int tIntegerBits = 0]	24	static
fixedpoint.h:559:36:gemmlowp::FixedPoint<tRawType, tIntegerBits> gemmlowp::SaturatingRoundingMultiplyByPOT(gemmlowp::FixedPoint<tRawType, tIntegerBits>) [with int tExponent = -2; tRawType = long int; int tIntegerBits = 0]	16	static
fixedpoint.h:559:36:gemmlowp::FixedPoint<tRawType, tIntegerBits> gemmlowp::SaturatingRoundingMultiplyByPOT(gemmlowp::FixedPoint<tRawType, tIntegerBits>) [with int tExponent = -1; tRawType = long int; int tIntegerBits = 0]	16	static
fixedpoint.h:649:36:gemmlowp::FixedPoint<tRawType, tIntegerBits_a> gemmlowp::AddSaturatingIf16Bit(gemmlowp::FixedPoint<tRawType, tIntegerBits_a>, gemmlowp::FixedPoint<tRawType, tIntegerBits_a>) [with tRawType = long int; int tIntegerBits = 0]	24	static
fixedpoint.h:385:22:static IntegerType gemmlowp::ImplSaturatingRoundingMultiplyByPOT<Exponent, IntegerType, 1>::eval(IntegerType) [with int Exponent = 4; IntegerType = long int]	48	static
fixedpoint.h:416:13:IntegerType gemmlowp::SaturatingRoundingMultiplyByPOT(IntegerType) [with int Exponent = -2; IntegerType = long int]	16	static
fixedpoint.h:284:13:IntegerType gemmlowp::AddSaturatingIf16Bit(IntegerType, IntegerType) [with IntegerType = long int]	16	static
fixedpoint.h:410:22:static IntegerType gemmlowp::ImplSaturatingRoundingMultiplyByPOT<Exponent, IntegerType, -1>::eval(IntegerType) [with int Exponent = -2; IntegerType = long int]	16	static
fixedpoint.h:275:22:static IntegerType gemmlowp::AddSaturatingIf16BitImpl<IntegerType, Is16Bit>::Run(IntegerType, IntegerType) [with IntegerType = long int; bool Is16Bit = false]	16	static
