kernel_util.h:31:26:TfLiteEvalTensor* tflite::micro::GetMutableEvalInput(const TfLiteContext*, const TfLiteNode*, int)	24	static
kernel_util.h:40:32:const TfLiteEvalTensor* tflite::micro::GetEvalInput(const TfLiteContext*, const TfLiteNode*, int)	24	static
kernel_util.h:46:26:TfLiteEvalTensor* tflite::micro::GetEvalOutput(const TfLiteContext*, const TfLiteNode*, int)	24	static
pack.cc:73:14:TfLiteStatus tflite::ops::micro::pack::{anonymous}::Eval(TfLiteContext*, TfLiteNode*)	40	static
pack.cc:114:20:TfLiteRegistration tflite::ops::micro::Register_PACK()	16	static
pack.cc:30:14:TfLiteStatus tflite::ops::micro::pack::{anonymous}::PackImpl(TfLiteContext*, TfLiteNode*, TfLiteEvalTensor*, int, int) [with T = float]	104	static
pack.cc:30:14:TfLiteStatus tflite::ops::micro::pack::{anonymous}::PackImpl(TfLiteContext*, TfLiteNode*, TfLiteEvalTensor*, int, int) [with T = unsigned char]	104	static
pack.cc:30:14:TfLiteStatus tflite::ops::micro::pack::{anonymous}::PackImpl(TfLiteContext*, TfLiteNode*, TfLiteEvalTensor*, int, int) [with T = signed char]	104	static
pack.cc:30:14:TfLiteStatus tflite::ops::micro::pack::{anonymous}::PackImpl(TfLiteContext*, TfLiteNode*, TfLiteEvalTensor*, int, int) [with T = long int]	104	static
pack.cc:30:14:TfLiteStatus tflite::ops::micro::pack::{anonymous}::PackImpl(TfLiteContext*, TfLiteNode*, TfLiteEvalTensor*, int, int) [with T = long long int]	104	static
kernel_util.h:55:4:T* tflite::micro::GetTensorData(TfLiteEvalTensor*) [with T = float]	16	static
kernel_util.h:61:10:const T* tflite::micro::GetTensorData(const TfLiteEvalTensor*) [with T = float]	16	static
kernel_util.h:55:4:T* tflite::micro::GetTensorData(TfLiteEvalTensor*) [with T = unsigned char]	16	static
kernel_util.h:61:10:const T* tflite::micro::GetTensorData(const TfLiteEvalTensor*) [with T = unsigned char]	16	static
kernel_util.h:55:4:T* tflite::micro::GetTensorData(TfLiteEvalTensor*) [with T = signed char]	16	static
kernel_util.h:61:10:const T* tflite::micro::GetTensorData(const TfLiteEvalTensor*) [with T = signed char]	16	static
kernel_util.h:55:4:T* tflite::micro::GetTensorData(TfLiteEvalTensor*) [with T = long int]	16	static
kernel_util.h:61:10:const T* tflite::micro::GetTensorData(const TfLiteEvalTensor*) [with T = long int]	16	static
kernel_util.h:55:4:T* tflite::micro::GetTensorData(TfLiteEvalTensor*) [with T = long long int]	16	static
kernel_util.h:61:10:const T* tflite::micro::GetTensorData(const TfLiteEvalTensor*) [with T = long long int]	16	static
