conv.cc:111:7:void* tflite::{anonymous}::Init(TfLiteContext*, const char*, size_t)	8	static
conv.cc:116:14:TfLiteStatus tflite::{anonymous}::Prepare(TfLiteContext*, TfLiteNode*)	216	static
conv.h:25:13:void tflite::reference_ops::Conv(const tflite::ConvParams&, const tflite::RuntimeShape&, const float*, const tflite::RuntimeShape&, const float*, const tflite::RuntimeShape&, const float*, const tflite::RuntimeShape&, float*, const tflite::RuntimeShape&, float*)	200	static
conv.h:24:13:void tflite::reference_integer_ops::ConvPerChannel(const tflite::ConvParams&, const int32_t*, const int32_t*, const tflite::RuntimeShape&, const int8_t*, const tflite::RuntimeShape&, const int8_t*, const tflite::RuntimeShape&, const int32_t*, const tflite::RuntimeShape&, int8_t*)	168	static
conv.cc:331:14:TfLiteStatus tflite::{anonymous}::Eval(TfLiteContext*, TfLiteNode*)	560	static
conv.cc:623:20:TfLiteRegistration tflite::Register_CONV_2D()	12	static
