fully_connected.cc:44:7:void* tflite::{anonymous}::Init(TfLiteContext*, const char*, size_t)	8	static
fully_connected.cc:103:14:TfLiteStatus tflite::{anonymous}::EvalQuantizedInt8(TfLiteContext*, TfLiteNode*, const tflite::{anonymous}::OpData&, const TfLiteEvalTensor*, const TfLiteEvalTensor*, const TfLiteEvalTensor*, TfLiteEvalTensor*)	248	static
fully_connected.cc:238:14:TfLiteStatus tflite::{anonymous}::EvalInt8(TfLiteContext*, TfLiteNode*)	32	static
fully_connected.cc:174:14:TfLiteStatus tflite::{anonymous}::Eval(TfLiteContext*, TfLiteNode*)	392	static
fully_connected.cc:49:14:TfLiteStatus tflite::{anonymous}::Prepare(TfLiteContext*, TfLiteNode*)	120	static
fully_connected.cc:263:20:TfLiteRegistration tflite::Register_FULLY_CONNECTED()	16	static
fully_connected.cc:275:20:TfLiteRegistration tflite::Register_FULLY_CONNECTED_INT8()	16	static
