pooling.cc:312:7:void* tflite::ops::micro::pooling::Init(TfLiteContext*, const char*, size_t)	8	static
pooling.cc:317:14:TfLiteStatus tflite::ops::micro::pooling::MaxPrepare(TfLiteContext*, TfLiteNode*)	40	static
pooling.cc:545:14:TfLiteStatus tflite::ops::micro::pooling::MaxEval(TfLiteContext*, TfLiteNode*)	424	static
pooling.cc:334:14:TfLiteStatus tflite::ops::micro::pooling::AveragePrepare(TfLiteContext*, TfLiteNode*)	96	static
pooling.cc:369:14:TfLiteStatus tflite::ops::micro::pooling::AverageEval(TfLiteContext*, TfLiteNode*)	416	static
pooling.cc:577:20:TfLiteRegistration tflite::ops::micro::Register_AVERAGE_POOL_2D()	12	static
pooling.cc:588:20:TfLiteRegistration tflite::ops::micro::Register_MAX_POOL_2D()	12	static
