main.c:107:6:init	16	static
main.c:133:5:main	72	static
main.c:307:6:SystemClock_Config	88	static
main.c:358:13:MX_TIM10_Init	8	static
main.c:389:13:MX_USART3_UART_Init	8	static
main.c:424:13:MX_DMA_Init	16	static
main.c:483:13:MX_GPIO_Init	24	static
main.c:501:13:BSP_SDRAM_Initialization_Sequence	24	static
main.c:556:13:FMC_Init_	8	static
main.c:593:13:QSPI_Init_	96	static
main.c:816:13:QSPI_WriteEnable	96	static
main.c:859:13:QSPI_AutoPollingMemReady	96	static
main.c:893:13:QSPI_DummyCyclesCfg	88	static,ignoring_inline_asm
main.c:943:6:HAL_QSPI_CmdCpltCallback	16	static
main.c:953:6:HAL_QSPI_RxCpltCallback	16	static
main.c:963:6:HAL_QSPI_TxCpltCallback	16	static
main.c:973:6:HAL_QSPI_StatusMatchCallback	16	static
main.c:985:7:HAL_QSPI_ErrorCallback	16	static
main.c:998:13:GpioToggle	4	static
main.c:1014:6:TransferComplete	88	static
main.c:1065:6:TransferError	16	static
main.c:1076:6:TransferComplete_Strm1_Ch0	88	static
main.c:1126:6:TransferError_Strm1_Ch0	16	static
main.c:1140:6:HAL_TIM_PeriodElapsedCallback	16	static
main.c:1157:6:Error_Handler	4	static,ignoring_inline_asm
