stm32f4xx_ll_fmc.c:133:20:FMC_NORSRAM_Init	24	static
stm32f4xx_ll_fmc.c:245:19:FMC_NORSRAM_DeInit	24	static
stm32f4xx_ll_fmc.c:281:19:FMC_NORSRAM_Timing_Init	32	static
stm32f4xx_ll_fmc.c:334:20:FMC_NORSRAM_Extended_Timing_Init	32	static
stm32f4xx_ll_fmc.c:399:19:FMC_NORSRAM_WriteOperation_Enable	16	static
stm32f4xx_ll_fmc.c:417:19:FMC_NORSRAM_WriteOperation_Disable	16	static
stm32f4xx_ll_fmc.c:487:19:FMC_NAND_Init	24	static
stm32f4xx_ll_fmc.c:532:19:FMC_NAND_CommonSpace_Timing_Init	32	static
stm32f4xx_ll_fmc.c:573:19:FMC_NAND_AttributeSpace_Timing_Init	32	static
stm32f4xx_ll_fmc.c:611:19:FMC_NAND_DeInit	16	static
stm32f4xx_ll_fmc.c:657:19:FMC_NAND_ECC_Enable	16	static
stm32f4xx_ll_fmc.c:676:19:FMC_NAND_ECC_Disable	16	static
stm32f4xx_ll_fmc.c:696:19:FMC_NAND_GetECC	32	static
stm32f4xx_ll_fmc.c:1336:19:FMC_SDRAM_Init	24	static
stm32f4xx_ll_fmc.c:1417:19:FMC_SDRAM_Timing_Init	32	static
stm32f4xx_ll_fmc.c:1486:19:FMC_SDRAM_DeInit	16	static
stm32f4xx_ll_fmc.c:1526:19:FMC_SDRAM_WriteProtection_Enable	16	static
stm32f4xx_ll_fmc.c:1543:19:FMC_SDRAM_WriteProtection_Disable	16	static
stm32f4xx_ll_fmc.c:1563:19:FMC_SDRAM_SendCommand	32	static
stm32f4xx_ll_fmc.c:1609:19:FMC_SDRAM_ProgramRefreshRate	16	static
stm32f4xx_ll_fmc.c:1627:19:FMC_SDRAM_SetAutoRefreshNumber	16	static
stm32f4xx_ll_fmc.c:1648:10:FMC_SDRAM_GetModeStatus	24	static
