bsp_driver_sd.c:79:16:BSP_SD_ITConfig	0	static
bsp_driver_sd.c:99:16:BSP_SD_ReadBlocks	24	static
bsp_driver_sd.c:122:16:BSP_SD_WriteBlocks	24	static
bsp_driver_sd.c:144:16:BSP_SD_ReadBlocks_DMA	16	static
bsp_driver_sd.c:167:16:BSP_SD_WriteBlocks_DMA	16	static
bsp_driver_sd.c:189:16:BSP_SD_Erase	8	static
bsp_driver_sd.c:213:16:BSP_SD_GetCardState	8	static
bsp_driver_sd.c:223:13:BSP_SD_GetCardInfo	0	static
bsp_driver_sd.c:268:13:BSP_SD_AbortCallback	0	static
bsp_driver_sd.c:237:6:HAL_SD_AbortCallback	8	static
bsp_driver_sd.c:278:13:BSP_SD_WriteCpltCallback	0	static
bsp_driver_sd.c:247:6:HAL_SD_TxCpltCallback	8	static
bsp_driver_sd.c:288:13:BSP_SD_ReadCpltCallback	0	static
bsp_driver_sd.c:257:6:HAL_SD_RxCpltCallback	8	static
bsp_driver_sd.c:300:16:BSP_SD_IsDetected	16	static
bsp_driver_sd.c:48:16:BSP_SD_Init	8	static
