cs43l22.c:371:10:cs43l22_SetFrequency	0	static
cs43l22.c:451:10:cs43l22_Reset	0	static
cs43l22.c:344:10:cs43l22_SetVolume	16	static
cs43l22.c:217:6:cs43l22_DeInit	0	static
cs43l22.c:228:10:cs43l22_ReadID	8	static
cs43l22.c:383:10:cs43l22_SetMute	16	static
cs43l22.c:412:10:cs43l22_SetOutputMode	8	static
cs43l22.c:272:10:cs43l22_Pause	16	static
cs43l22.c:319:10:cs43l22_Stop	16	static
cs43l22.c:291:10:cs43l22_Resume	32	static
cs43l22.c:246:10:cs43l22_Play	16	static
cs43l22.c:133:10:cs43l22_Init	24	static
