gthr-default.h:229:1:int __gthread_key_delete(__gthread_key_t)	16	static
cmath:1756:3:constexpr float std::round(float)	16	static
types.h:156:3:tflite::RuntimeShape::RuntimeShape()	16	static
types.h:202:3:tflite::RuntimeShape::~RuntimeShape()	16	static
types.h:212:18:int32_t tflite::RuntimeShape::DimensionsCount() const	16	static
types.h:213:18:int32_t tflite::RuntimeShape::Dims(int) const	16	static
types.h:228:19:int32_t* tflite::RuntimeShape::DimsData()	16	static
types.h:237:15:void tflite::RuntimeShape::Resize(int)	16	static
types.h:255:15:void tflite::RuntimeShape::ReplaceWith(int, const int32_t*)	32	static
types.h:470:12:int tflite::MatchingDim(const tflite::RuntimeShape&, int, const tflite::RuntimeShape&, int)	40	static
concatenation.h:74:13:void tflite::reference_ops::ConcatenationWithScaling(const tflite::ConcatenationParams&, const tflite::RuntimeShape* const*, const uint8_t* const*, const tflite::RuntimeShape&, uint8_t*)	152	static
kernel_util.h:147:12:int tflite::NumDimensions(const TfLiteTensor*)	16	static
kernel_util.h:152:12:int tflite::NumInputs(const TfLiteNode*)	16	static
kernel_util.h:31:26:TfLiteEvalTensor* tflite::micro::GetMutableEvalInput(const TfLiteContext*, const TfLiteNode*, int)	24	static
kernel_util.h:40:32:const TfLiteEvalTensor* tflite::micro::GetEvalInput(const TfLiteContext*, const TfLiteNode*, int)	24	static
kernel_util.h:46:26:TfLiteEvalTensor* tflite::micro::GetEvalOutput(const TfLiteContext*, const TfLiteNode*, int)	24	static
concatenation.cc:40:12:int tflite::ops::micro::concatenation::CalculatePositiveAxis(int, const TfLiteTensor*)	16	static
concatenation.cc:53:13:void tflite::ops::micro::concatenation::GetAllInputTensorShapes(const TfLiteContext*, const TfLiteNode*, tflite::RuntimeShape*)	64	static
concatenation.cc:66:13:void tflite::ops::micro::concatenation::GetShapesPointers(const tflite::RuntimeShape*, size_t, const tflite::RuntimeShape**)	32	static
concatenation.cc:107:6:void tflite::ops::micro::concatenation::EvalQuantizedUInt8(TfLiteContext*, TfLiteNode*)	384	static
concatenation.cc:128:7:void* tflite::ops::micro::concatenation::Init(TfLiteContext*, const char*, size_t)	24	static
concatenation.cc:133:14:TfLiteStatus tflite::ops::micro::concatenation::Prepare(TfLiteContext*, TfLiteNode*)	104	static
concatenation.cc:229:14:TfLiteStatus tflite::ops::micro::concatenation::Eval(TfLiteContext*, TfLiteNode*)	40	static
concatenation.cc:263:20:TfLiteRegistration tflite::ops::micro::Register_CONCATENATION()	24	static
stl_algobase.h:222:5:constexpr const _Tp& std::max(const _Tp&, const _Tp&) [with _Tp = long int]	16	static
stl_algobase.h:198:5:constexpr const _Tp& std::min(const _Tp&, const _Tp&) [with _Tp = long int]	16	static
cppmath.h:36:1:T tflite::TfLiteRound(T) [with T = float]	16	static
concatenation.cc:75:13:void tflite::ops::micro::concatenation::GetAllInputTensorData(const TfLiteContext*, const TfLiteNode*, T**) [with T = const unsigned char]	40	static
kernel_util.h:55:4:T* tflite::micro::GetTensorData(TfLiteEvalTensor*) [with T = unsigned char]	16	static
concatenation.cc:87:6:void tflite::ops::micro::concatenation::EvalUnquantized(TfLiteContext*, TfLiteNode*) [with data_type = float]	384	static
concatenation.cc:87:6:void tflite::ops::micro::concatenation::EvalUnquantized(TfLiteContext*, TfLiteNode*) [with data_type = long int]	384	static
concatenation.cc:87:6:void tflite::ops::micro::concatenation::EvalUnquantized(TfLiteContext*, TfLiteNode*) [with data_type = signed char]	384	static
concatenation.cc:87:6:void tflite::ops::micro::concatenation::EvalUnquantized(TfLiteContext*, TfLiteNode*) [with data_type = long long int]	384	static
kernel_util.h:61:10:const T* tflite::micro::GetTensorData(const TfLiteEvalTensor*) [with T = const unsigned char]	16	static
concatenation.cc:75:13:void tflite::ops::micro::concatenation::GetAllInputTensorData(const TfLiteContext*, const TfLiteNode*, T**) [with T = const float]	40	static
kernel_util.h:55:4:T* tflite::micro::GetTensorData(TfLiteEvalTensor*) [with T = float]	16	static
concatenation.h:28:13:void tflite::reference_ops::Concatenation(const tflite::ConcatenationParams&, const tflite::RuntimeShape* const*, const Scalar* const*, const tflite::RuntimeShape&, Scalar*) [with Scalar = float]	112	static
concatenation.cc:75:13:void tflite::ops::micro::concatenation::GetAllInputTensorData(const TfLiteContext*, const TfLiteNode*, T**) [with T = const long int]	40	static
kernel_util.h:55:4:T* tflite::micro::GetTensorData(TfLiteEvalTensor*) [with T = long int]	16	static
concatenation.h:28:13:void tflite::reference_ops::Concatenation(const tflite::ConcatenationParams&, const tflite::RuntimeShape* const*, const Scalar* const*, const tflite::RuntimeShape&, Scalar*) [with Scalar = long int]	112	static
concatenation.cc:75:13:void tflite::ops::micro::concatenation::GetAllInputTensorData(const TfLiteContext*, const TfLiteNode*, T**) [with T = const signed char]	40	static
kernel_util.h:55:4:T* tflite::micro::GetTensorData(TfLiteEvalTensor*) [with T = signed char]	16	static
concatenation.h:28:13:void tflite::reference_ops::Concatenation(const tflite::ConcatenationParams&, const tflite::RuntimeShape* const*, const Scalar* const*, const tflite::RuntimeShape&, Scalar*) [with Scalar = signed char]	112	static
concatenation.cc:75:13:void tflite::ops::micro::concatenation::GetAllInputTensorData(const TfLiteContext*, const TfLiteNode*, T**) [with T = const long long int]	40	static
kernel_util.h:55:4:T* tflite::micro::GetTensorData(TfLiteEvalTensor*) [with T = long long int]	16	static
concatenation.h:28:13:void tflite::reference_ops::Concatenation(const tflite::ConcatenationParams&, const tflite::RuntimeShape* const*, const Scalar* const*, const tflite::RuntimeShape&, Scalar*) [with Scalar = long long int]	112	static
kernel_util.h:61:10:const T* tflite::micro::GetTensorData(const TfLiteEvalTensor*) [with T = const float]	16	static
kernel_util.h:61:10:const T* tflite::micro::GetTensorData(const TfLiteEvalTensor*) [with T = const long int]	16	static
kernel_util.h:61:10:const T* tflite::micro::GetTensorData(const TfLiteEvalTensor*) [with T = const signed char]	16	static
kernel_util.h:61:10:const T* tflite::micro::GetTensorData(const TfLiteEvalTensor*) [with T = const long long int]	16	static
