gthr-default.h:229:1:int __gthread_key_delete(__gthread_key_t)	16	static
util.h:41:13:bool flatbuffers::check_ascii_range(char, char, char)	16	static
util.h:49:13:bool flatbuffers::is_alpha(char)	16	static
util.h:55:13:bool flatbuffers::is_alpha_char(char, char)	16	static
util.h:66:13:bool flatbuffers::is_digit(char)	16	static
util.h:253:13:void flatbuffers::strtoval_impl(int64_t*, const char*, char**, int)	24	static
util.h:258:13:void flatbuffers::strtoval_impl(uint64_t*, const char*, char**, int)	24	static
util.h:392:16:int64_t flatbuffers::StringToInt(const char*, int)	24	static
util.h:397:17:uint64_t flatbuffers::StringToUInt(const char*, int)	24	static
flexbuffers.h:146:16:int64_t flexbuffers::ReadInt64(const uint8_t*, uint8_t)	16	static
flexbuffers.h:151:17:uint64_t flexbuffers::ReadUInt64(const uint8_t*, uint8_t)	16	static
flexbuffers.h:170:15:double flexbuffers::ReadDouble(const uint8_t*, uint8_t)	16	static
flexbuffers.h:175:23:const uint8_t* flexbuffers::Indirect(const uint8_t*, uint8_t)	16	static
flexbuffers.h:209:3:flexbuffers::Object::Object(const uint8_t*, uint8_t)	24	static
flexbuffers.h:221:3:flexbuffers::Sized::Sized(const uint8_t*, uint8_t)	24	static
flexbuffers.h:224:3:flexbuffers::Sized::Sized(const uint8_t*, uint8_t, size_t)	24	static
flexbuffers.h:226:10:size_t flexbuffers::Sized::size() const	16	static
flexbuffers.h:228:10:size_t flexbuffers::Sized::read_size() const	16	static
flexbuffers.h:239:3:flexbuffers::String::String(const uint8_t*, uint8_t)	24	static
flexbuffers.h:241:3:flexbuffers::String::String(const uint8_t*, uint8_t, size_t)	24	static
flexbuffers.h:245:15:const char* flexbuffers::String::c_str() const	16	static
flexbuffers.h:248:17:static flexbuffers::String flexbuffers::String::EmptyString()	16	static
flexbuffers.h:270:3:flexbuffers::Vector::Vector(const uint8_t*, uint8_t)	24	static
flexbuffers.h:274:17:static flexbuffers::Vector flexbuffers::Vector::EmptyVector()	16	static
flexbuffers.h:283:3:flexbuffers::TypedVector::TypedVector(const uint8_t*, uint8_t, flexbuffers::Type)	24	static
flexbuffers.h:332:3:flexbuffers::Map::Map(const uint8_t*, uint8_t)	24	static
flexbuffers.h:339:15:flexbuffers::TypedVector flexbuffers::Map::Keys() const	32	static
flexbuffers.h:348:14:static flexbuffers::Map flexbuffers::Map::EmptyMap()	16	static
flexbuffers.h:383:3:flexbuffers::Reference::Reference(const uint8_t*, uint8_t, uint8_t)	24	static
flexbuffers.h:391:8:bool flexbuffers::Reference::IsNull() const	16	static
flexbuffers.h:415:8:bool flexbuffers::Reference::AsBool() const	16	static
flexbuffers.h:423:11:int64_t flexbuffers::Reference::AsInt64() const	40	static
flexbuffers.h:448:11:int32_t flexbuffers::Reference::AsInt32() const	16	static
flexbuffers.h:452:12:uint64_t flexbuffers::Reference::AsUInt64() const	40	static
flexbuffers.h:479:10:double flexbuffers::Reference::AsDouble() const	32	static
flexbuffers.h:519:9:float flexbuffers::Reference::AsFloat() const	16	static
flexbuffers.h:531:10:flexbuffers::String flexbuffers::Reference::AsString() const	32	static
flexbuffers.h:618:10:flexbuffers::Vector flexbuffers::Reference::AsVector() const	16	static
flexbuffers.h:655:7:flexbuffers::Map flexbuffers::Reference::AsMap() const	16	static
flexbuffers.h:742:18:const uint8_t* flexbuffers::Reference::Indirect() const	16	static
flexbuffers.h:812:16:uint8_t flexbuffers::PackedType(flexbuffers::BitWidth, flexbuffers::Type)	16	static
flexbuffers.h:816:16:uint8_t flexbuffers::NullPackedType()	8	static
flexbuffers.h:825:18:flexbuffers::Reference flexbuffers::Vector::operator[](size_t) const	40	static
flexbuffers.h:853:18:flexbuffers::Reference flexbuffers::Map::operator[](const char*) const	72	static
flexbuffers.h:874:18:flexbuffers::Reference flexbuffers::GetRoot(const uint8_t*, size_t)	32	static
kernel_util.h:147:12:int tflite::NumDimensions(const TfLiteTensor*)	16	static
kernel_util.h:152:12:int tflite::NumInputs(const TfLiteNode*)	16	static
kernel_util.h:153:12:int tflite::NumOutputs(const TfLiteNode*)	16	static
kernel_util.h:31:26:TfLiteEvalTensor* tflite::micro::GetMutableEvalInput(const TfLiteContext*, const TfLiteNode*, int)	24	static
kernel_util.h:40:32:const TfLiteEvalTensor* tflite::micro::GetEvalInput(const TfLiteContext*, const TfLiteNode*, int)	24	static
kernel_util.h:46:26:TfLiteEvalTensor* tflite::micro::GetEvalOutput(const TfLiteContext*, const TfLiteNode*, int)	24	static
detection_postprocess.cc:119:7:void* tflite::{anonymous}::Init(TfLiteContext*, const char*, size_t)	160	static
detection_postprocess.cc:152:6:void tflite::{anonymous}::Free(TfLiteContext*, void*)	16	static
detection_postprocess.cc:154:14:TfLiteStatus tflite::{anonymous}::Prepare(TfLiteContext*, TfLiteNode*)	72	static
detection_postprocess.cc:227:3:tflite::{anonymous}::Dequantizer::Dequantizer(int, float)	24	static
detection_postprocess.cc:229:9:float tflite::{anonymous}::Dequantizer::operator()(uint8_t)	16	static
detection_postprocess.cc:238:6:void tflite::{anonymous}::DequantizeBoxEncodings(const TfLiteEvalTensor*, int, float, float, int, tflite::{anonymous}::CenterSizeEncoding*)	48	static
detection_postprocess.cc:269:14:TfLiteStatus tflite::{anonymous}::DecodeCenterSizeBoxes(TfLiteContext*, TfLiteNode*, tflite::{anonymous}::OpData*)	144	static
detection_postprocess.cc:352:7:tflite::{anonymous}::DecreasingPartialArgSort(const float*, int, int, int*)::<lambda(int, int)>	24	static
detection_postprocess.cc:347:6:void tflite::{anonymous}::DecreasingPartialArgSort(const float*, int, int, int*)	24	static
detection_postprocess.cc:355:5:int tflite::{anonymous}::SelectDetectionsAboveScoreThreshold(const float*, int, float, float*, int*)	40	static
detection_postprocess.cc:369:6:bool tflite::{anonymous}::ValidateBoxes(const float*, int)	24	static
detection_postprocess.cc:380:7:float tflite::{anonymous}::ComputeIntersectionOverUnion(const float*, int, int)	88	static
stl_algobase.h:198:5:constexpr const _Tp& std::min(const _Tp&, const _Tp&) [with _Tp = int]	16	static
detection_postprocess.cc:403:14:TfLiteStatus tflite::{anonymous}::NonMaxSuppressionSingleClassHelper(TfLiteContext*, TfLiteNode*, tflite::{anonymous}::OpData*, const float*, int*, int*, int)	112	static
detection_postprocess.cc:484:14:TfLiteStatus tflite::{anonymous}::NonMaxSuppressionMultiClassRegularHelper(TfLiteContext*, TfLiteNode*, tflite::{anonymous}::OpData*, const float*)	192	static
detection_postprocess.cc:617:14:TfLiteStatus tflite::{anonymous}::NonMaxSuppressionMultiClassFastHelper(TfLiteContext*, TfLiteNode*, tflite::{anonymous}::OpData*, const float*)	160	static
detection_postprocess.cc:704:6:void tflite::{anonymous}::DequantizeClassPredictions(const TfLiteEvalTensor*, int, int, float*, tflite::{anonymous}::OpData*)	56	static
detection_postprocess.cc:720:14:TfLiteStatus tflite::{anonymous}::NonMaxSuppressionMultiClass(TfLiteContext*, TfLiteNode*, tflite::{anonymous}::OpData*)	80	static
detection_postprocess.cc:768:14:TfLiteStatus tflite::{anonymous}::Eval(TfLiteContext*, TfLiteNode*)	24	static
detection_postprocess.cc:793:21:TfLiteRegistration* tflite::Register_DETECTION_POSTPROCESS()	4	static
util.h:291:13:bool flatbuffers::StringToIntegerImpl(T*, const char*, int, bool) [with T = long long int]	32	static
util.h:291:13:bool flatbuffers::StringToIntegerImpl(T*, const char*, int, bool) [with T = long long unsigned int]	32	static
flexbuffers.h:136:3:R flexbuffers::ReadSizedScalar(const uint8_t*, uint8_t) [with R = long long int; T1 = signed char; T2 = short int; T4 = long int; T8 = long long int]	16	static
flexbuffers.h:136:3:R flexbuffers::ReadSizedScalar(const uint8_t*, uint8_t) [with R = long long unsigned int; T1 = unsigned char; T2 = short unsigned int; T4 = long unsigned int; T8 = long long unsigned int]	16	static
flexbuffers.h:136:3:R flexbuffers::ReadSizedScalar(const uint8_t*, uint8_t) [with R = double; T1 = signed char; T2 = short int; T4 = float; T8 = double]	16	static
flexbuffers.h:846:26:int flexbuffers::KeyCompare(const void*, const void*) [with T = unsigned char]	24	static
flexbuffers.h:846:26:int flexbuffers::KeyCompare(const void*, const void*) [with T = short unsigned int]	24	static
flexbuffers.h:846:26:int flexbuffers::KeyCompare(const void*, const void*) [with T = long unsigned int]	24	static
flexbuffers.h:846:26:int flexbuffers::KeyCompare(const void*, const void*) [with T = long long unsigned int]	24	static
stl_algobase.h:222:5:constexpr const _Tp& std::max(const _Tp&, const _Tp&) [with _Tp = float]	16	static
stl_algobase.h:198:5:constexpr const _Tp& std::min(const _Tp&, const _Tp&) [with _Tp = float]	16	static
stl_algobase.h:222:5:constexpr const _Tp& std::max(const _Tp&, const _Tp&) [with _Tp = int]	16	static
kernel_util.h:61:10:const T* tflite::micro::GetTensorData(const TfLiteEvalTensor*) [with T = unsigned char]	16	static
kernel_util.h:61:10:const T* tflite::micro::GetTensorData(const TfLiteEvalTensor*) [with T = float]	16	static
detection_postprocess.cc:258:3:T tflite::{anonymous}::ReInterpretTensor(const TfLiteEvalTensor*) [with T = const tflite::{anonymous}::CenterSizeEncoding*]	24	static
stl_numeric.h:87:5:void std::iota(_ForwardIterator, _ForwardIterator, _Tp) [with _ForwardIterator = int*; _Tp = int]	24	static
stl_algo.h:4745:5:void std::partial_sort(_RAIter, _RAIter, _RAIter, _Compare) [with _RAIter = int*; _Compare = tflite::{anonymous}::DecreasingPartialArgSort(const float*, int, int, int*)::<lambda(int, int)>]	24	static
detection_postprocess.cc:264:3:T tflite::{anonymous}::ReInterpretTensor(TfLiteEvalTensor*) [with T = tflite::{anonymous}::BoxCornerEncoding*]	24	static
kernel_util.h:55:4:T* tflite::micro::GetTensorData(TfLiteEvalTensor*) [with T = float]	16	static
base.h:391:3:T flatbuffers::ReadScalar(const void*) [with T = signed char]	16	static
base.h:391:3:T flatbuffers::ReadScalar(const void*) [with T = short int]	16	static
base.h:391:3:T flatbuffers::ReadScalar(const void*) [with T = long int]	16	static
base.h:391:3:T flatbuffers::ReadScalar(const void*) [with T = long long int]	16	static
base.h:391:3:T flatbuffers::ReadScalar(const void*) [with T = unsigned char]	16	static
base.h:391:3:T flatbuffers::ReadScalar(const void*) [with T = short unsigned int]	16	static
base.h:391:3:T flatbuffers::ReadScalar(const void*) [with T = long unsigned int]	16	static
base.h:391:3:T flatbuffers::ReadScalar(const void*) [with T = long long unsigned int]	16	static
base.h:391:3:T flatbuffers::ReadScalar(const void*) [with T = float]	16	static
base.h:391:3:T flatbuffers::ReadScalar(const void*) [with T = double]	16	static
base.h:380:24:T flatbuffers::EndianScalar(T) [with T = long long int]	16	static
base.h:380:24:T flatbuffers::EndianScalar(T) [with T = long long unsigned int]	16	static
flexbuffers.h:179:37:const uint8_t* flexbuffers::Indirect(const uint8_t*) [with T = unsigned char]	16	static
flexbuffers.h:179:37:const uint8_t* flexbuffers::Indirect(const uint8_t*) [with T = short unsigned int]	16	static
flexbuffers.h:179:37:const uint8_t* flexbuffers::Indirect(const uint8_t*) [with T = long unsigned int]	16	static
flexbuffers.h:179:37:const uint8_t* flexbuffers::Indirect(const uint8_t*) [with T = long long unsigned int]	16	static
base.h:380:24:T flatbuffers::EndianScalar(T) [with T = unsigned char]	16	static
base.h:380:24:T flatbuffers::EndianScalar(T) [with T = double]	16	static
base.h:380:24:T flatbuffers::EndianScalar(T) [with T = float]	16	static
predefined_ops.h:149:5:constexpr __gnu_cxx::__ops::_Iter_comp_iter<_Compare> __gnu_cxx::__ops::__iter_comp_iter(_Compare) [with _Compare = tflite::{anonymous}::DecreasingPartialArgSort(const float*, int, int, int*)::<lambda(int, int)>]	24	static
stl_algo.h:1927:5:void std::__partial_sort(_RandomAccessIterator, _RandomAccessIterator, _RandomAccessIterator, _Compare) [with _RandomAccessIterator = int*; _Compare = __gnu_cxx::__ops::_Iter_comp_iter<tflite::{anonymous}::DecreasingPartialArgSort(const float*, int, int, int*)::<lambda(int, int)> >]	24	static
base.h:380:24:T flatbuffers::EndianScalar(T) [with T = signed char]	16	static
base.h:380:24:T flatbuffers::EndianScalar(T) [with T = short int]	16	static
base.h:380:24:T flatbuffers::EndianScalar(T) [with T = long int]	16	static
base.h:380:24:T flatbuffers::EndianScalar(T) [with T = short unsigned int]	16	static
base.h:380:24:T flatbuffers::EndianScalar(T) [with T = long unsigned int]	16	static
move.h:99:5:constexpr typename std::remove_reference<_Tp>::type&& std::move(_Tp&&) [with _Tp = tflite::{anonymous}::DecreasingPartialArgSort(const float*, int, int, int*)::<lambda(int, int)>&]	16	static
predefined_ops.h:135:7:constexpr __gnu_cxx::__ops::_Iter_comp_iter<_Compare>::_Iter_comp_iter(_Compare) [with _Compare = tflite::{anonymous}::DecreasingPartialArgSort(const float*, int, int, int*)::<lambda(int, int)>]	16	static
stl_algo.h:1667:5:void std::__heap_select(_RandomAccessIterator, _RandomAccessIterator, _RandomAccessIterator, _Compare) [with _RandomAccessIterator = int*; _Compare = __gnu_cxx::__ops::_Iter_comp_iter<tflite::{anonymous}::DecreasingPartialArgSort(const float*, int, int, int*)::<lambda(int, int)> >]	32	static
stl_heap.h:402:5:void std::__sort_heap(_RandomAccessIterator, _RandomAccessIterator, _Compare&) [with _RandomAccessIterator = int*; _Compare = __gnu_cxx::__ops::_Iter_comp_iter<tflite::{anonymous}::DecreasingPartialArgSort(const float*, int, int, int*)::<lambda(int, int)> >]	24	static
stl_heap.h:326:5:void std::__make_heap(_RandomAccessIterator, _RandomAccessIterator, _Compare&) [with _RandomAccessIterator = int*; _Compare = __gnu_cxx::__ops::_Iter_comp_iter<tflite::{anonymous}::DecreasingPartialArgSort(const float*, int, int, int*)::<lambda(int, int)> >]	48	static
predefined_ops.h:142:9:constexpr bool __gnu_cxx::__ops::_Iter_comp_iter<_Compare>::operator()(_Iterator1, _Iterator2) [with _Iterator1 = int*; _Iterator2 = int*; _Compare = tflite::{anonymous}::DecreasingPartialArgSort(const float*, int, int, int*)::<lambda(int, int)>]	24	static
move.h:99:5:constexpr typename std::remove_reference<_Tp>::type&& std::move(_Tp&&) [with _Tp = int&]	16	static
stl_heap.h:243:5:void std::__pop_heap(_RandomAccessIterator, _RandomAccessIterator, _RandomAccessIterator, _Compare&) [with _RandomAccessIterator = int*; _Compare = __gnu_cxx::__ops::_Iter_comp_iter<tflite::{anonymous}::DecreasingPartialArgSort(const float*, int, int, int*)::<lambda(int, int)> >]	48	static
stl_heap.h:214:5:void std::__adjust_heap(_RandomAccessIterator, _Distance, _Distance, _Tp, _Compare) [with _RandomAccessIterator = int*; _Distance = int; _Tp = int; _Compare = __gnu_cxx::__ops::_Iter_comp_iter<tflite::{anonymous}::DecreasingPartialArgSort(const float*, int, int, int*)::<lambda(int, int)> >]	48	static
move.h:99:5:constexpr typename std::remove_reference<_Tp>::type&& std::move(_Tp&&) [with _Tp = __gnu_cxx::__ops::_Iter_comp_iter<tflite::{anonymous}::DecreasingPartialArgSort(const float*, int, int, int*)::<lambda(int, int)> >&]	16	static
predefined_ops.h:169:7:__gnu_cxx::__ops::_Iter_comp_val<_Compare>::_Iter_comp_val(__gnu_cxx::__ops::_Iter_comp_iter<_Compare>&&) [with _Compare = tflite::{anonymous}::DecreasingPartialArgSort(const float*, int, int, int*)::<lambda(int, int)>]	16	static
stl_heap.h:128:5:void std::__push_heap(_RandomAccessIterator, _Distance, _Distance, _Tp, _Compare&) [with _RandomAccessIterator = int*; _Distance = int; _Tp = int; _Compare = __gnu_cxx::__ops::_Iter_comp_val<tflite::{anonymous}::DecreasingPartialArgSort(const float*, int, int, int*)::<lambda(int, int)> >]	32	static
predefined_ops.h:176:2:bool __gnu_cxx::__ops::_Iter_comp_val<_Compare>::operator()(_Iterator, _Value&) [with _Iterator = int*; _Value = int; _Compare = tflite::{anonymous}::DecreasingPartialArgSort(const float*, int, int, int*)::<lambda(int, int)>]	24	static
