limits:1204:7:static constexpr long int std::numeric_limits<long int>::min()	4	static
limits:1207:7:static constexpr long int std::numeric_limits<long int>::max()	4	static
limits:1668:7:static constexpr float std::numeric_limits<float>::max()	4	static
limits:1672:7:static constexpr float std::numeric_limits<float>::lowest()	4	static
gthr-default.h:229:1:int __gthread_key_delete(__gthread_key_t)	16	static
fixedpoint.h:236:21:IntegerType gemmlowp::RoundingHalfSum(IntegerType, IntegerType) [with IntegerType = long int]	64	static
fixedpoint.h:329:21:IntegerType gemmlowp::SaturatingRoundingDoublingHighMul(IntegerType, IntegerType) [with IntegerType = long int]	64	static
types.h:168:3:tflite::RuntimeShape::RuntimeShape(int, int32_t)	32	static
types.h:196:8:bool tflite::RuntimeShape::operator==(const tflite::RuntimeShape&) const	24	static
types.h:202:3:tflite::RuntimeShape::~RuntimeShape()	16	static
types.h:212:18:int32_t tflite::RuntimeShape::DimensionsCount() const	16	static
types.h:213:18:int32_t tflite::RuntimeShape::Dims(int) const	16	static
types.h:218:15:void tflite::RuntimeShape::SetDim(int, int32_t)	24	static
types.h:228:19:int32_t* tflite::RuntimeShape::DimsData()	16	static
types.h:231:25:const int32_t* tflite::RuntimeShape::DimsData() const	16	static
types.h:237:15:void tflite::RuntimeShape::Resize(int)	16	static
types.h:278:30:static tflite::RuntimeShape tflite::RuntimeShape::ExtendedShape(int, const tflite::RuntimeShape&)	24	static
types.h:289:14:int tflite::RuntimeShape::FlatSize() const	32	static
types.h:304:3:tflite::RuntimeShape::RuntimeShape(int, const tflite::RuntimeShape&, int)	40	static
types.h:506:12:int tflite::MatchingElementsSize(const tflite::RuntimeShape&, const tflite::RuntimeShape&, const tflite::RuntimeShape&)	40	static
common.h:141:16:int32_t tflite::MultiplyByQuantizedMultiplierSmallerThanOneExp(int32_t, int32_t, int)	24	static
common.h:149:16:int32_t tflite::MultiplyByQuantizedMultiplierGreaterThanOne(int32_t, int32_t, int)	24	static
common.h:623:16:int32_t tflite::GetReciprocal(int32_t, int, int*)	40	static
common.h:735:12:int tflite::SubscriptToIndex(const tflite::NdArrayDesc<5>&, int*)	16	static
div.h:86:13:void tflite::reference_ops::Div(const tflite::ArithmeticParams&, const tflite::RuntimeShape&, const int8_t*, const tflite::RuntimeShape&, const int8_t*, const tflite::RuntimeShape&, int8_t*)	40	static
process_broadcast_shapes.h:38:13:bool tflite::reference_ops::ProcessBroadcastShapes(const tflite::RuntimeShape&, const tflite::RuntimeShape&, tflite::ArithmeticParams*)	136	static
kernel_util.h:152:12:int tflite::NumInputs(const TfLiteNode*)	16	static
kernel_util.h:153:12:int tflite::NumOutputs(const TfLiteNode*)	16	static
kernel_util.h:31:26:TfLiteEvalTensor* tflite::micro::GetMutableEvalInput(const TfLiteContext*, const TfLiteNode*, int)	24	static
kernel_util.h:40:32:const TfLiteEvalTensor* tflite::micro::GetEvalInput(const TfLiteContext*, const TfLiteNode*, int)	24	static
kernel_util.h:46:26:TfLiteEvalTensor* tflite::micro::GetEvalOutput(const TfLiteContext*, const TfLiteNode*, int)	24	static
div.cc:45:14:TfLiteStatus tflite::{anonymous}::CalculateOpData(TfLiteContext*, TfLiteNode*, TfLiteDivParams*, tflite::{anonymous}::OpData*)	80	static
div.cc:79:7:void* tflite::{anonymous}::Init(TfLiteContext*, const char*, size_t)	24	static
div.cc:84:14:TfLiteStatus tflite::{anonymous}::Prepare(TfLiteContext*, TfLiteNode*)	24	static
div.cc:90:6:void tflite::{anonymous}::EvalDiv(TfLiteContext*, TfLiteNode*, TfLiteDivParams*, const tflite::{anonymous}::OpData*, const TfLiteEvalTensor*, const TfLiteEvalTensor*, TfLiteEvalTensor*)	368	static
div.cc:120:14:TfLiteStatus tflite::{anonymous}::EvalQuantized(TfLiteContext*, TfLiteNode*, TfLiteDivParams*, const tflite::{anonymous}::OpData*, const TfLiteEvalTensor*, const TfLiteEvalTensor*, TfLiteEvalTensor*)	352	static
div.cc:164:14:TfLiteStatus tflite::{anonymous}::Eval(TfLiteContext*, TfLiteNode*)	64	static
div.cc:195:20:TfLiteRegistration tflite::Register_DIV()	24	static
stl_algobase.h:222:5:constexpr const _Tp& std::max(const _Tp&, const _Tp&) [with _Tp = long int]	16	static
stl_algobase.h:198:5:constexpr const _Tp& std::min(const _Tp&, const _Tp&) [with _Tp = long int]	16	static
common.h:59:10:T tflite::ActivationFunctionWithMinMax(T, T, T) [with T = float]	24	static
fixedpoint.h:357:20:IntegerType gemmlowp::RoundingDivideByPOT(IntegerType, int) [with IntegerType = long int]	56	static
stl_algobase.h:222:5:constexpr const _Tp& std::max(const _Tp&, const _Tp&) [with _Tp = float]	16	static
stl_algobase.h:198:5:constexpr const _Tp& std::min(const _Tp&, const _Tp&) [with _Tp = float]	16	static
common.h:230:5:int tflite::CountLeadingZeros(T) [with T = long unsigned int]	16	static
fixedpoint.h:481:21:static gemmlowp::FixedPoint<tRawType, tIntegerBits> gemmlowp::FixedPoint<tRawType, tIntegerBits>::FromRaw(gemmlowp::FixedPoint<tRawType, tIntegerBits>::RawType) [with tRawType = long int; int tIntegerBits = 0]	24	static
fixedpoint.h:842:25:gemmlowp::FixedPoint<tRawType, 0> gemmlowp::one_over_one_plus_x_for_x_in_0_1(gemmlowp::FixedPoint<tRawType, 0>) [with tRawType = long int]	48	static
fixedpoint.h:525:12:gemmlowp::FixedPoint<tRawType, tIntegerBits>::RawType& gemmlowp::FixedPoint<tRawType, tIntegerBits>::raw() [with tRawType = long int; int tIntegerBits = 0]	16	static
fixedpoint.h:487:21:static gemmlowp::FixedPoint<tRawType, tIntegerBits> gemmlowp::FixedPoint<tRawType, tIntegerBits>::FromScalarRaw(gemmlowp::FixedPoint<tRawType, tIntegerBits>::ScalarRawType) [with tRawType = long int; int tIntegerBits = 0]	32	static
div.h:45:13:void tflite::reference_ops::DivElementwise(int, const tflite::ArithmeticParams&, const T*, const T*, T*) [with T = signed char]	72	static
kernel_util.h:253:6:void tflite::CalculateActivationRange(TfLiteFusedActivation, T*, T*) [with T = float]	24	static
types.h:1165:13:void tflite::SetActivationParams(float, float, P*) [with P = tflite::ArithmeticParams]	24	static
kernel_util.h:61:10:const T* tflite::micro::GetTensorData(const TfLiteEvalTensor*) [with T = float]	16	static
kernel_util.h:55:4:T* tflite::micro::GetTensorData(TfLiteEvalTensor*) [with T = float]	16	static
div.h:208:19:tflite::reference_ops::BroadcastDivSlow(const tflite::ArithmeticParams&, const tflite::RuntimeShape&, const T*, const tflite::RuntimeShape&, const T*, const tflite::RuntimeShape&, T*) [with T = float; int N = 5]::<lambda(int*)>	40	static
div.h:177:6:void tflite::reference_ops::BroadcastDivSlow(const tflite::ArithmeticParams&, const tflite::RuntimeShape&, const T*, const tflite::RuntimeShape&, const T*, const tflite::RuntimeShape&, T*) [with T = float; int N = 5]	208	static
div.h:219:13:void tflite::reference_ops::Div(const tflite::ArithmeticParams&, const tflite::RuntimeShape&, const T*, const tflite::RuntimeShape&, const T*, const tflite::RuntimeShape&, T*) [with T = float]	48	static
types.h:1171:13:void tflite::SetActivationParams(int32_t, int32_t, P*) [with P = tflite::ArithmeticParams]	24	static
kernel_util.h:61:10:const T* tflite::micro::GetTensorData(const TfLiteEvalTensor*) [with T = signed char]	16	static
kernel_util.h:55:4:T* tflite::micro::GetTensorData(TfLiteEvalTensor*) [with T = signed char]	16	static
div.h:160:13:void tflite::reference_ops::BroadcastDivSlow(const tflite::ArithmeticParams&, const tflite::RuntimeShape&, const int8_t*, const tflite::RuntimeShape&, const int8_t*, const tflite::RuntimeShape&, int8_t*) [with int N = 5]	40	static
fixedpoint.h:64:10:tRawType gemmlowp::Dup(typename gemmlowp::FixedPointRawTypeTraits<tRawType>::ScalarRawType) [with tRawType = long int]	16	static
fixedpoint.h:70:14:tIntegerType gemmlowp::BitAnd(tIntegerType, tIntegerType) [with tIntegerType = long int]	16	static
fixedpoint.h:140:14:tIntegerType gemmlowp::ShiftRight(tIntegerType, int) [with tIntegerType = long int]	16	static
fixedpoint.h:199:14:tIntegerType gemmlowp::MaskIfLessThan(tIntegerType, tIntegerType) [with tIntegerType = long int]	16	static
fixedpoint.h:94:14:tIntegerType gemmlowp::Add(tIntegerType, tIntegerType) [with tIntegerType = long int]	16	static
fixedpoint.h:185:14:tIntegerType gemmlowp::MaskIfGreaterThan(tIntegerType, tIntegerType) [with tIntegerType = long int]	16	static
fixedpoint.h:508:21:static gemmlowp::FixedPoint<tRawType, tIntegerBits> gemmlowp::FixedPoint<tRawType, tIntegerBits>::One() [with tRawType = long int; int tIntegerBits = 0]	8	static
fixedpoint.h:590:1:gemmlowp::FixedPoint<tRawType, tIntegerBits_a> gemmlowp::RoundingHalfSum(gemmlowp::FixedPoint<tRawType, tIntegerBits_a>, gemmlowp::FixedPoint<tRawType, tIntegerBits_a>) [with tRawType = long int; int tIntegerBits = 0]	24	static
fixedpoint.h:487:21:static gemmlowp::FixedPoint<tRawType, tIntegerBits> gemmlowp::FixedPoint<tRawType, tIntegerBits>::FromScalarRaw(gemmlowp::FixedPoint<tRawType, tIntegerBits>::ScalarRawType) [with tRawType = long int; int tIntegerBits = 2]	32	static
fixedpoint.h:687:47:typename FixedPointType::ScalarRawType gemmlowp::RescaleConstantInitializer(int32_t) [with FixedPointType = gemmlowp::FixedPoint<long int, 2>]	16	static
fixedpoint.h:539:55:gemmlowp::FixedPoint<tRawType, (tIntegerBits_a + tIntegerBits_b)> gemmlowp::operator*(gemmlowp::FixedPoint<tRawType, tIntegerBits_a>, gemmlowp::FixedPoint<tRawType, tIntegerBits_b>) [with tRawType = long int; int tIntegerBits_a = 0; int tIntegerBits_b = 2]	40	static
fixedpoint.h:585:1:gemmlowp::FixedPoint<tRawType, tIntegerBits_a> gemmlowp::operator+(gemmlowp::FixedPoint<tRawType, tIntegerBits_a>, gemmlowp::FixedPoint<tRawType, tIntegerBits_a>) [with tRawType = long int; int tIntegerBits = 2]	24	static
fixedpoint.h:508:21:static gemmlowp::FixedPoint<tRawType, tIntegerBits> gemmlowp::FixedPoint<tRawType, tIntegerBits>::One() [with tRawType = long int; int tIntegerBits = 2]	8	static
fixedpoint.h:586:1:gemmlowp::FixedPoint<tRawType, tIntegerBits_a> gemmlowp::operator-(gemmlowp::FixedPoint<tRawType, tIntegerBits_a>, gemmlowp::FixedPoint<tRawType, tIntegerBits_a>) [with tRawType = long int; int tIntegerBits = 2]	24	static
fixedpoint.h:539:55:gemmlowp::FixedPoint<tRawType, (tIntegerBits_a + tIntegerBits_b)> gemmlowp::operator*(gemmlowp::FixedPoint<tRawType, tIntegerBits_a>, gemmlowp::FixedPoint<tRawType, tIntegerBits_b>) [with tRawType = long int; int tIntegerBits_a = 2; int tIntegerBits_b = 2]	40	static
fixedpoint.h:668:39:gemmlowp::FixedPoint<tRawType, tIntegerBitsDst> gemmlowp::Rescale(gemmlowp::FixedPoint<tRawType, tIntegerBits>) [with int tIntegerBitsDst = 2; tRawType = long int; int tIntegerBitsSrc = 4]	32	static
fixedpoint.h:549:48:gemmlowp::FixedPoint<tRawType, (tExponent + tIntegerBits)> gemmlowp::ExactMulByPot(gemmlowp::FixedPoint<tRawType, tIntegerBits>) [with int tExponent = -1; tRawType = long int; int tIntegerBits = 2]	32	static
fixedpoint.h:668:39:gemmlowp::FixedPoint<tRawType, tIntegerBitsDst> gemmlowp::Rescale(gemmlowp::FixedPoint<tRawType, tIntegerBits>) [with int tIntegerBitsDst = 0; tRawType = long int; int tIntegerBitsSrc = 1]	32	static
fixedpoint.h:105:14:tIntegerType gemmlowp::Sub(tIntegerType, tIntegerType) [with tIntegerType = long int]	16	static
common.h:253:12:int tflite::CountLeadingSignBits(T) [with T = long int]	16	static
div.h:27:13:void tflite::reference_ops::DivCheckArithmeticParams(const tflite::ArithmeticParams&) [with T = signed char]	24	static
types.h:1189:13:void tflite::GetActivationParams(const P&, float*, float*) [with P = tflite::ArithmeticParams]	24	static
common.h:818:13:void tflite::NdArrayDescsForElementwiseBroadcast(const tflite::RuntimeShape&, const tflite::RuntimeShape&, tflite::NdArrayDesc<N>*, tflite::NdArrayDesc<N>*) [with int N = 5]	88	static
common.h:807:13:void tflite::CopyDimsToDesc(const tflite::RuntimeShape&, tflite::NdArrayDesc<N>*) [with int N = 5]	24	static
common.h:932:13:void tflite::NDOpsHelper(const tflite::NdArrayDesc<N>&, const Calc&) [with int N = 5; Calc = tflite::reference_ops::BroadcastDivSlow(const tflite::ArithmeticParams&, const tflite::RuntimeShape&, const T*, const tflite::RuntimeShape&, const T*, const tflite::RuntimeShape&, T*) [with T = float; int N = 5]::<lambda(int*)>]	40	static
div.h:118:19:tflite::reference_ops::BroadcastDivSlowQuantized(const tflite::ArithmeticParams&, const tflite::RuntimeShape&, const T*, const tflite::RuntimeShape&, const T*, const tflite::RuntimeShape&, T*) [with T = signed char; int N = 5]::<lambda(int*)>	64	static
div.h:99:13:void tflite::reference_ops::BroadcastDivSlowQuantized(const tflite::ArithmeticParams&, const tflite::RuntimeShape&, const T*, const tflite::RuntimeShape&, const T*, const tflite::RuntimeShape&, T*) [with T = signed char; int N = 5]	200	static
fixedpoint.h:156:14:tIntegerType gemmlowp::MaskIfNonZero(tIntegerType) [with tIntegerType = long int]	16	static
fixedpoint.h:469:30:static const ScalarRawType gemmlowp::FixedPoint<tRawType, tIntegerBits>::ScalarRawMax() [with tRawType = long int; int tIntegerBits = 0]	8	static
fixedpoint.h:525:12:gemmlowp::FixedPoint<tRawType, tIntegerBits>::RawType& gemmlowp::FixedPoint<tRawType, tIntegerBits>::raw() [with tRawType = long int; int tIntegerBits = 2]	16	static
fixedpoint.h:481:21:static gemmlowp::FixedPoint<tRawType, tIntegerBits> gemmlowp::FixedPoint<tRawType, tIntegerBits>::FromRaw(gemmlowp::FixedPoint<tRawType, tIntegerBits>::RawType) [with tRawType = long int; int tIntegerBits = 2]	24	static
fixedpoint.h:525:12:gemmlowp::FixedPoint<tRawType, tIntegerBits>::RawType& gemmlowp::FixedPoint<tRawType, tIntegerBits>::raw() [with tRawType = long int; int tIntegerBits = 4]	16	static
fixedpoint.h:416:13:IntegerType gemmlowp::SaturatingRoundingMultiplyByPOT(IntegerType) [with int Exponent = 2; IntegerType = long int]	16	static
fixedpoint.h:525:12:gemmlowp::FixedPoint<tRawType, tIntegerBits>::RawType& gemmlowp::FixedPoint<tRawType, tIntegerBits>::raw() [with tRawType = long int; int tIntegerBits = 1]	16	static
fixedpoint.h:416:13:IntegerType gemmlowp::SaturatingRoundingMultiplyByPOT(IntegerType) [with int Exponent = 1; IntegerType = long int]	16	static
common.h:914:51:typename std::enable_if<(DIM != (N - 1)), void>::type tflite::NDOpsHelperImpl(const tflite::NdArrayDesc<N>&, const Calc&, int*) [with int N = 5; int DIM = 0; Calc = tflite::reference_ops::BroadcastDivSlow(const tflite::ArithmeticParams&, const tflite::RuntimeShape&, const T*, const tflite::RuntimeShape&, const T*, const tflite::RuntimeShape&, T*) [with T = float; int N = 5]::<lambda(int*)>]	24	static
common.h:932:13:void tflite::NDOpsHelper(const tflite::NdArrayDesc<N>&, const Calc&) [with int N = 5; Calc = tflite::reference_ops::BroadcastDivSlowQuantized(const tflite::ArithmeticParams&, const tflite::RuntimeShape&, const T*, const tflite::RuntimeShape&, const T*, const tflite::RuntimeShape&, T*) [with T = signed char; int N = 5]::<lambda(int*)>]	40	static
fixedpoint.h:88:14:tIntegerType gemmlowp::BitNot(tIntegerType) [with tIntegerType = long int]	16	static
fixedpoint.h:385:22:static IntegerType gemmlowp::ImplSaturatingRoundingMultiplyByPOT<Exponent, IntegerType, 1>::eval(IntegerType) [with int Exponent = 2; IntegerType = long int]	48	static
fixedpoint.h:385:22:static IntegerType gemmlowp::ImplSaturatingRoundingMultiplyByPOT<Exponent, IntegerType, 1>::eval(IntegerType) [with int Exponent = 1; IntegerType = long int]	48	static
fixedpoint.h:125:14:tIntegerType gemmlowp::ShiftLeft(tIntegerType, int) [with tIntegerType = long int]	40	static
fixedpoint.h:148:14:tIntegerType gemmlowp::SelectUsingMask(tIntegerType, tIntegerType, tIntegerType) [with tIntegerType = long int]	32	static
common.h:914:51:typename std::enable_if<(DIM != (N - 1)), void>::type tflite::NDOpsHelperImpl(const tflite::NdArrayDesc<N>&, const Calc&, int*) [with int N = 5; int DIM = 1; Calc = tflite::reference_ops::BroadcastDivSlow(const tflite::ArithmeticParams&, const tflite::RuntimeShape&, const T*, const tflite::RuntimeShape&, const T*, const tflite::RuntimeShape&, T*) [with T = float; int N = 5]::<lambda(int*)>]	24	static
common.h:914:51:typename std::enable_if<(DIM != (N - 1)), void>::type tflite::NDOpsHelperImpl(const tflite::NdArrayDesc<N>&, const Calc&, int*) [with int N = 5; int DIM = 0; Calc = tflite::reference_ops::BroadcastDivSlowQuantized(const tflite::ArithmeticParams&, const tflite::RuntimeShape&, const T*, const tflite::RuntimeShape&, const T*, const tflite::RuntimeShape&, T*) [with T = signed char; int N = 5]::<lambda(int*)>]	24	static
fixedpoint.h:82:14:tIntegerType gemmlowp::BitXor(tIntegerType, tIntegerType) [with tIntegerType = long int]	16	static
common.h:914:51:typename std::enable_if<(DIM != (N - 1)), void>::type tflite::NDOpsHelperImpl(const tflite::NdArrayDesc<N>&, const Calc&, int*) [with int N = 5; int DIM = 2; Calc = tflite::reference_ops::BroadcastDivSlow(const tflite::ArithmeticParams&, const tflite::RuntimeShape&, const T*, const tflite::RuntimeShape&, const T*, const tflite::RuntimeShape&, T*) [with T = float; int N = 5]::<lambda(int*)>]	24	static
common.h:914:51:typename std::enable_if<(DIM != (N - 1)), void>::type tflite::NDOpsHelperImpl(const tflite::NdArrayDesc<N>&, const Calc&, int*) [with int N = 5; int DIM = 1; Calc = tflite::reference_ops::BroadcastDivSlowQuantized(const tflite::ArithmeticParams&, const tflite::RuntimeShape&, const T*, const tflite::RuntimeShape&, const T*, const tflite::RuntimeShape&, T*) [with T = signed char; int N = 5]::<lambda(int*)>]	24	static
common.h:914:51:typename std::enable_if<(DIM != (N - 1)), void>::type tflite::NDOpsHelperImpl(const tflite::NdArrayDesc<N>&, const Calc&, int*) [with int N = 5; int DIM = 3; Calc = tflite::reference_ops::BroadcastDivSlow(const tflite::ArithmeticParams&, const tflite::RuntimeShape&, const T*, const tflite::RuntimeShape&, const T*, const tflite::RuntimeShape&, T*) [with T = float; int N = 5]::<lambda(int*)>]	24	static
common.h:914:51:typename std::enable_if<(DIM != (N - 1)), void>::type tflite::NDOpsHelperImpl(const tflite::NdArrayDesc<N>&, const Calc&, int*) [with int N = 5; int DIM = 2; Calc = tflite::reference_ops::BroadcastDivSlowQuantized(const tflite::ArithmeticParams&, const tflite::RuntimeShape&, const T*, const tflite::RuntimeShape&, const T*, const tflite::RuntimeShape&, T*) [with T = signed char; int N = 5]::<lambda(int*)>]	24	static
common.h:922:51:typename std::enable_if<(DIM == (N - 1)), void>::type tflite::NDOpsHelperImpl(const tflite::NdArrayDesc<N>&, const Calc&, int*) [with int N = 5; int DIM = 4; Calc = tflite::reference_ops::BroadcastDivSlow(const tflite::ArithmeticParams&, const tflite::RuntimeShape&, const T*, const tflite::RuntimeShape&, const T*, const tflite::RuntimeShape&, T*) [with T = float; int N = 5]::<lambda(int*)>]	24	static
common.h:914:51:typename std::enable_if<(DIM != (N - 1)), void>::type tflite::NDOpsHelperImpl(const tflite::NdArrayDesc<N>&, const Calc&, int*) [with int N = 5; int DIM = 3; Calc = tflite::reference_ops::BroadcastDivSlowQuantized(const tflite::ArithmeticParams&, const tflite::RuntimeShape&, const T*, const tflite::RuntimeShape&, const T*, const tflite::RuntimeShape&, T*) [with T = signed char; int N = 5]::<lambda(int*)>]	24	static
common.h:922:51:typename std::enable_if<(DIM == (N - 1)), void>::type tflite::NDOpsHelperImpl(const tflite::NdArrayDesc<N>&, const Calc&, int*) [with int N = 5; int DIM = 4; Calc = tflite::reference_ops::BroadcastDivSlowQuantized(const tflite::ArithmeticParams&, const tflite::RuntimeShape&, const T*, const tflite::RuntimeShape&, const T*, const tflite::RuntimeShape&, T*) [with T = signed char; int N = 5]::<lambda(int*)>]	24	static
