cmath:222:3:constexpr float std::exp(float)	16	static
cmath:1360:3:constexpr float std::expm1(float)	16	static
cmath:1756:3:constexpr float std::round(float)	16	static
types.h:202:3:tflite::RuntimeShape::~RuntimeShape()	16	static
types.h:212:18:int32_t tflite::RuntimeShape::DimensionsCount() const	16	static
types.h:213:18:int32_t tflite::RuntimeShape::Dims(int) const	16	static
types.h:231:25:const int32_t* tflite::RuntimeShape::DimsData() const	16	static
types.h:289:14:int tflite::RuntimeShape::FlatSize() const	32	static
types.h:519:12:int tflite::MatchingFlatSize(const tflite::RuntimeShape&, const tflite::RuntimeShape&)	32	static
elu.h:25:13:void tflite::reference_ops::Elu(const tflite::RuntimeShape&, const float*, const tflite::RuntimeShape&, float*)	40	static
kernel_util.h:152:12:int tflite::NumInputs(const TfLiteNode*)	16	static
kernel_util.h:153:12:int tflite::NumOutputs(const TfLiteNode*)	16	static
kernel_util.h:31:26:TfLiteEvalTensor* tflite::micro::GetMutableEvalInput(const TfLiteContext*, const TfLiteNode*, int)	24	static
kernel_util.h:40:32:const TfLiteEvalTensor* tflite::micro::GetEvalInput(const TfLiteContext*, const TfLiteNode*, int)	24	static
kernel_util.h:46:26:TfLiteEvalTensor* tflite::micro::GetEvalOutput(const TfLiteContext*, const TfLiteNode*, int)	24	static
elu.cc:66:6:void tflite::{anonymous}::EvalUsingLookupTable(const tflite::{anonymous}::OpData*, const TfLiteEvalTensor*, TfLiteEvalTensor*)	88	static
elu.cc:91:31:tflite::{anonymous}::CalculateOpData(TfLiteContext*, TfLiteNode*)::<lambda(float)>	16	static
elu.cc:91:31:static float tflite::{anonymous}::CalculateOpData(TfLiteContext*, TfLiteNode*)::<lambda(float)>::_FUN(float)	16	static
elu.cc:91:31:tflite::{anonymous}::CalculateOpData(TfLiteContext*, TfLiteNode*)::<lambda(float)>::operator float (*)(float)() const	16	static
elu.cc:78:14:TfLiteStatus tflite::{anonymous}::CalculateOpData(TfLiteContext*, TfLiteNode*)	64	static
elu.cc:100:7:void* tflite::{anonymous}::EluInit(TfLiteContext*, const char*, size_t)	24	static
elu.cc:108:14:TfLiteStatus tflite::{anonymous}::EluPrepare(TfLiteContext*, TfLiteNode*)	16	static
elu.cc:112:14:TfLiteStatus tflite::{anonymous}::EluEval(TfLiteContext*, TfLiteNode*)	88	static
elu.cc:140:20:TfLiteRegistration tflite::Register_ELU()	24	static
stl_algobase.h:198:5:constexpr const _Tp& std::min(const _Tp&, const _Tp&) [with _Tp = long int]	16	static
cppmath.h:37:1:T tflite::TfLiteExpm1(T) [with T = float]	16	static
stl_algobase.h:222:5:constexpr const _Tp& std::max(const _Tp&, const _Tp&) [with _Tp = long int]	16	static
kernel_util.h:55:4:T* tflite::micro::GetTensorData(TfLiteEvalTensor*) [with T = signed char]	16	static
kernel_util.h:61:10:const T* tflite::micro::GetTensorData(const TfLiteEvalTensor*) [with T = signed char]	16	static
elu.cc:46:6:void tflite::{anonymous}::PopulateLookupTable(const TfLiteTensor*, const TfLiteTensor*, tflite::{anonymous}::TransformFunc, tflite::{anonymous}::OpData*) [with T = signed char]	56	static
kernel_util.h:61:10:const T* tflite::micro::GetTensorData(const TfLiteEvalTensor*) [with T = float]	16	static
kernel_util.h:55:4:T* tflite::micro::GetTensorData(TfLiteEvalTensor*) [with T = float]	16	static
cppmath.h:36:1:T tflite::TfLiteRound(T) [with T = float]	16	static
