cmath:1756:3:constexpr float std::round(float)	16	static
limits:1204:7:static constexpr long int std::numeric_limits<long int>::min()	4	static
limits:1207:7:static constexpr long int std::numeric_limits<long int>::max()	4	static
types.h:202:3:tflite::RuntimeShape::~RuntimeShape()	16	static
types.h:212:18:int32_t tflite::RuntimeShape::DimensionsCount() const	16	static
types.h:213:18:int32_t tflite::RuntimeShape::Dims(int) const	16	static
types.h:231:25:const int32_t* tflite::RuntimeShape::DimsData() const	16	static
types.h:289:14:int tflite::RuntimeShape::FlatSize() const	32	static
types.h:519:12:int tflite::MatchingFlatSize(const tflite::RuntimeShape&, const tflite::RuntimeShape&)	32	static
gthr-default.h:229:1:int __gthread_key_delete(__gthread_key_t)	16	static
fixedpoint.h:329:21:IntegerType gemmlowp::SaturatingRoundingDoublingHighMul(IntegerType, IntegerType) [with IntegerType = long int]	64	static
common.h:156:16:int32_t tflite::MultiplyByQuantizedMultiplier(int32_t, int32_t, int)	32	static
instrumentation.h:195:3:ruy::profiler::ScopeLabel::~ScopeLabel()	16	static
kernel_util.h:152:12:int tflite::NumInputs(const TfLiteNode*)	16	static
kernel_util.h:153:12:int tflite::NumOutputs(const TfLiteNode*)	16	static
kernel_util.h:31:26:TfLiteEvalTensor* tflite::micro::GetMutableEvalInput(const TfLiteContext*, const TfLiteNode*, int)	24	static
kernel_util.h:40:32:const TfLiteEvalTensor* tflite::micro::GetEvalInput(const TfLiteContext*, const TfLiteNode*, int)	24	static
kernel_util.h:46:26:TfLiteEvalTensor* tflite::micro::GetEvalOutput(const TfLiteContext*, const TfLiteNode*, int)	24	static
quantize_common.cc:46:14:TfLiteStatus tflite::PrepareQuantizeReference(TfLiteContext*, TfLiteNode*)	64	static
quantize_common.cc:104:14:TfLiteStatus tflite::EvalQuantizeReference(TfLiteContext*, TfLiteNode*)	176	static
stl_algobase.h:198:5:constexpr const _Tp& std::min(const _Tp&, const _Tp&) [with _Tp = long int]	16	static
stl_algobase.h:222:5:constexpr const _Tp& std::max(const _Tp&, const _Tp&) [with _Tp = long int]	16	static
fixedpoint.h:357:20:IntegerType gemmlowp::RoundingDivideByPOT(IntegerType, int) [with IntegerType = long int]	56	static
cppmath.h:36:1:T tflite::TfLiteRound(T) [with T = float]	16	static
kernel_util.h:61:10:const T* tflite::micro::GetTensorData(const TfLiteEvalTensor*) [with T = float]	16	static
kernel_util.h:55:4:T* tflite::micro::GetTensorData(TfLiteEvalTensor*) [with T = signed char]	16	static
quantize.h:31:13:void tflite::reference_ops::AffineQuantize(const tflite::QuantizationParams&, const tflite::RuntimeShape&, const InputT*, const tflite::RuntimeShape&, OutputT*) [with InputT = float; OutputT = signed char]	56	static
kernel_util.h:55:4:T* tflite::micro::GetTensorData(TfLiteEvalTensor*) [with T = short int]	16	static
quantize.h:31:13:void tflite::reference_ops::AffineQuantize(const tflite::QuantizationParams&, const tflite::RuntimeShape&, const InputT*, const tflite::RuntimeShape&, OutputT*) [with InputT = float; OutputT = short int]	56	static
kernel_util.h:61:10:const T* tflite::micro::GetTensorData(const TfLiteEvalTensor*) [with T = short int]	16	static
requantize.h:26:13:void tflite::reference_ops::Requantize(const input_type*, int32_t, int32_t, int32_t, int32_t, int32_t, output_type*) [with input_type = short int; output_type = signed char]	64	static
requantize.h:26:13:void tflite::reference_ops::Requantize(const input_type*, int32_t, int32_t, int32_t, int32_t, int32_t, output_type*) [with input_type = short int; output_type = short int]	64	static
kernel_util.h:55:4:T* tflite::micro::GetTensorData(TfLiteEvalTensor*) [with T = long int]	16	static
requantize.h:26:13:void tflite::reference_ops::Requantize(const input_type*, int32_t, int32_t, int32_t, int32_t, int32_t, output_type*) [with input_type = short int; output_type = long int]	64	static
kernel_util.h:61:10:const T* tflite::micro::GetTensorData(const TfLiteEvalTensor*) [with T = signed char]	16	static
requantize.h:26:13:void tflite::reference_ops::Requantize(const input_type*, int32_t, int32_t, int32_t, int32_t, int32_t, output_type*) [with input_type = signed char; output_type = signed char]	64	static
requantize.h:26:13:void tflite::reference_ops::Requantize(const input_type*, int32_t, int32_t, int32_t, int32_t, int32_t, output_type*) [with input_type = signed char; output_type = long int]	64	static
fixedpoint.h:64:10:tRawType gemmlowp::Dup(typename gemmlowp::FixedPointRawTypeTraits<tRawType>::ScalarRawType) [with tRawType = long int]	16	static
fixedpoint.h:70:14:tIntegerType gemmlowp::BitAnd(tIntegerType, tIntegerType) [with tIntegerType = long int]	16	static
fixedpoint.h:140:14:tIntegerType gemmlowp::ShiftRight(tIntegerType, int) [with tIntegerType = long int]	16	static
fixedpoint.h:199:14:tIntegerType gemmlowp::MaskIfLessThan(tIntegerType, tIntegerType) [with tIntegerType = long int]	16	static
fixedpoint.h:94:14:tIntegerType gemmlowp::Add(tIntegerType, tIntegerType) [with tIntegerType = long int]	16	static
fixedpoint.h:185:14:tIntegerType gemmlowp::MaskIfGreaterThan(tIntegerType, tIntegerType) [with tIntegerType = long int]	16	static
instrumentation.h:191:12:) [with Args = {const char*}]	16	static
fixedpoint.h:156:14:tIntegerType gemmlowp::MaskIfNonZero(tIntegerType) [with tIntegerType = long int]	16	static
fixedpoint.h:88:14:tIntegerType gemmlowp::BitNot(tIntegerType) [with tIntegerType = long int]	16	static
