kernel_util.h:31:26:TfLiteEvalTensor* tflite::micro::GetMutableEvalInput(const TfLiteContext*, const TfLiteNode*, int)	24	static
kernel_util.h:40:32:const TfLiteEvalTensor* tflite::micro::GetEvalInput(const TfLiteContext*, const TfLiteNode*, int)	24	static
kernel_util.h:46:26:TfLiteEvalTensor* tflite::micro::GetEvalOutput(const TfLiteContext*, const TfLiteNode*, int)	24	static
unpack.cc:76:14:TfLiteStatus tflite::ops::micro::unpack::{anonymous}::Eval(TfLiteContext*, TfLiteNode*)	40	static
unpack.cc:108:20:TfLiteRegistration tflite::ops::micro::Register_UNPACK()	16	static
unpack.cc:31:14:TfLiteStatus tflite::ops::micro::unpack::{anonymous}::UnpackImpl(TfLiteContext*, TfLiteNode*, const TfLiteEvalTensor*, int, int) [with T = float]	104	static
unpack.cc:31:14:TfLiteStatus tflite::ops::micro::unpack::{anonymous}::UnpackImpl(TfLiteContext*, TfLiteNode*, const TfLiteEvalTensor*, int, int) [with T = long int]	104	static
unpack.cc:31:14:TfLiteStatus tflite::ops::micro::unpack::{anonymous}::UnpackImpl(TfLiteContext*, TfLiteNode*, const TfLiteEvalTensor*, int, int) [with T = unsigned char]	104	static
unpack.cc:31:14:TfLiteStatus tflite::ops::micro::unpack::{anonymous}::UnpackImpl(TfLiteContext*, TfLiteNode*, const TfLiteEvalTensor*, int, int) [with T = signed char]	104	static
kernel_util.h:61:10:const T* tflite::micro::GetTensorData(const TfLiteEvalTensor*) [with T = float]	16	static
kernel_util.h:55:4:T* tflite::micro::GetTensorData(TfLiteEvalTensor*) [with T = float]	16	static
kernel_util.h:61:10:const T* tflite::micro::GetTensorData(const TfLiteEvalTensor*) [with T = long int]	16	static
kernel_util.h:55:4:T* tflite::micro::GetTensorData(TfLiteEvalTensor*) [with T = long int]	16	static
kernel_util.h:61:10:const T* tflite::micro::GetTensorData(const TfLiteEvalTensor*) [with T = unsigned char]	16	static
kernel_util.h:55:4:T* tflite::micro::GetTensorData(TfLiteEvalTensor*) [with T = unsigned char]	16	static
kernel_util.h:61:10:const T* tflite::micro::GetTensorData(const TfLiteEvalTensor*) [with T = signed char]	16	static
kernel_util.h:55:4:T* tflite::micro::GetTensorData(TfLiteEvalTensor*) [with T = signed char]	16	static
