stm32f7xx_hal_sd.c:335:19:HAL_SD_Init	16	static
stm32f7xx_hal_sd.c:403:19:HAL_SD_InitCard	72	static
stm32f7xx_hal_sd.c:473:19:HAL_SD_DeInit	16	static
stm32f7xx_hal_sd.c:514:13:HAL_SD_MspInit	16	static
stm32f7xx_hal_sd.c:529:13:HAL_SD_MspDeInit	16	static
stm32f7xx_hal_sd.c:570:19:HAL_SD_ReadBlocks	80	static
stm32f7xx_hal_sd.c:781:19:HAL_SD_WriteBlocks	80	static
stm32f7xx_hal_sd.c:965:19:HAL_SD_ReadBlocks_IT	56	static
stm32f7xx_hal_sd.c:1057:19:HAL_SD_WriteBlocks_IT	56	static
stm32f7xx_hal_sd.c:1150:19:HAL_SD_ReadBlocks_DMA	56	static
stm32f7xx_hal_sd.c:1267:19:HAL_SD_WriteBlocks_DMA	56	static
stm32f7xx_hal_sd.c:1382:19:HAL_SD_Erase	40	static
stm32f7xx_hal_sd.c:1484:6:HAL_SD_IRQHandler	24	static
stm32f7xx_hal_sd.c:1675:21:HAL_SD_GetState	16	static
stm32f7xx_hal_sd.c:1686:10:HAL_SD_GetError	16	static
stm32f7xx_hal_sd.c:1696:13:HAL_SD_TxCpltCallback	16	static
stm32f7xx_hal_sd.c:1711:13:HAL_SD_RxCpltCallback	16	static
stm32f7xx_hal_sd.c:1726:13:HAL_SD_ErrorCallback	16	static
stm32f7xx_hal_sd.c:1741:13:HAL_SD_AbortCallback	16	static
stm32f7xx_hal_sd.c:1952:19:HAL_SD_GetCardCID	16	static
stm32f7xx_hal_sd.c:1985:19:HAL_SD_GetCardCSD	16	static
stm32f7xx_hal_sd.c:2099:19:HAL_SD_GetCardStatus	88	static
stm32f7xx_hal_sd.c:2159:19:HAL_SD_GetCardInfo	16	static
stm32f7xx_hal_sd.c:2184:19:HAL_SD_ConfigWideBusOperation	72	static
stm32f7xx_hal_sd.c:2266:25:HAL_SD_GetCardState	32	static
stm32f7xx_hal_sd.c:2289:19:HAL_SD_Abort	24	static
stm32f7xx_hal_sd.c:2353:19:HAL_SD_Abort_IT	24	static
stm32f7xx_hal_sd.c:2440:13:SD_DMATransmitCplt	24	static
stm32f7xx_hal_sd.c:2453:13:SD_DMAReceiveCplt	24	static
stm32f7xx_hal_sd.c:2495:13:SD_DMAError	32	static
stm32f7xx_hal_sd.c:2539:13:SD_DMATxAbort	24	static
stm32f7xx_hal_sd.c:2578:13:SD_DMARxAbort	24	static
stm32f7xx_hal_sd.c:2617:17:SD_InitCard	96	static
stm32f7xx_hal_sd.c:2709:17:SD_PowerON	32	static
stm32f7xx_hal_sd.c:2799:13:SD_PowerOFF	16	static
stm32f7xx_hal_sd.c:2812:17:SD_SendSDStatus	56	static
stm32f7xx_hal_sd.c:2918:17:SD_SendStatus	24	static
stm32f7xx_hal_sd.c:2945:17:SD_WideBus_Enable	32	static
stm32f7xx_hal_sd.c:2992:17:SD_WideBus_Disable	32	static
stm32f7xx_hal_sd.c:3041:17:SD_FindSCR	72	static
stm32f7xx_hal_sd.c:3138:13:SD_Read_IT	32	static
stm32f7xx_hal_sd.c:3177:13:SD_Write_IT	32	static
