linear_memory_planner.cc:22:1:tflite::LinearMemoryPlanner::~LinearMemoryPlanner()	0	static
linear_memory_planner.cc:24:14:virtual TfLiteStatus tflite::LinearMemoryPlanner::AddBuffer(tflite::ErrorReporter*, int, int, int)	16	static
linear_memory_planner.cc:38:8:virtual size_t tflite::LinearMemoryPlanner::GetMaximumMemorySize()	0	static
linear_memory_planner.cc:40:5:virtual int tflite::LinearMemoryPlanner::GetBufferCount()	0	static
linear_memory_planner.cc:42:14:virtual TfLiteStatus tflite::LinearMemoryPlanner::GetOffsetForBuffer(tflite::ErrorReporter*, int, int*)	0	static
linear_memory_planner.cc:22:1:virtual tflite::LinearMemoryPlanner::~LinearMemoryPlanner()	8	static
linear_memory_planner.cc:20:1:tflite::LinearMemoryPlanner::LinearMemoryPlanner()	8	static
