memory_planner.h:48:3:tflite::MemoryPlanner::MemoryPlanner()	16	static
memory_planner.h:49:11:tflite::MemoryPlanner::~MemoryPlanner()	16	static
memory_planner.h:49:11:virtual tflite::MemoryPlanner::~MemoryPlanner()	16	static
greedy_memory_planner.h:98:17:static size_t tflite::GreedyMemoryPlanner::per_buffer_size()	16	static
greedy_memory_planner.cc:23:6:void tflite::ReverseSortInPlace(int*, int*, int)	40	static
greedy_memory_planner.cc:41:1:tflite::GreedyMemoryPlanner::GreedyMemoryPlanner(unsigned char*, int)	40	static
greedy_memory_planner.cc:63:1:tflite::GreedyMemoryPlanner::~GreedyMemoryPlanner()	16	static
greedy_memory_planner.cc:63:1:virtual tflite::GreedyMemoryPlanner::~GreedyMemoryPlanner()	16	static
greedy_memory_planner.cc:67:14:virtual TfLiteStatus tflite::GreedyMemoryPlanner::AddBuffer(tflite::ErrorReporter*, int, int, int)	32	static
greedy_memory_planner.cc:85:14:TfLiteStatus tflite::GreedyMemoryPlanner::AddBuffer(tflite::ErrorReporter*, int, int, int, int)	48	static
greedy_memory_planner.cc:97:6:bool tflite::GreedyMemoryPlanner::DoesEntryOverlapInTime(const tflite::GreedyMemoryPlanner::ListEntry*, int, int) const	32	static
greedy_memory_planner.cc:112:1:tflite::GreedyMemoryPlanner::ListEntry* tflite::GreedyMemoryPlanner::NextSimultaneouslyActiveBuffer(const tflite::GreedyMemoryPlanner::ListEntry*, int, int)	32	static
greedy_memory_planner.cc:140:6:void tflite::GreedyMemoryPlanner::CalculateOffsetsIfNeeded()	104	static
greedy_memory_planner.cc:290:8:virtual size_t tflite::GreedyMemoryPlanner::GetMaximumMemorySize()	32	static
greedy_memory_planner.cc:314:6:void tflite::GreedyMemoryPlanner::PrintMemoryPlan(tflite::ErrorReporter*)	200	static
greedy_memory_planner.cc:384:5:virtual int tflite::GreedyMemoryPlanner::GetBufferCount()	16	static
greedy_memory_planner.cc:386:14:virtual TfLiteStatus tflite::GreedyMemoryPlanner::GetOffsetForBuffer(tflite::ErrorReporter*, int, int*)	24	static
greedy_memory_planner.cc:399:6:bool tflite::GreedyMemoryPlanner::DoAnyBuffersOverlap(tflite::ErrorReporter*)	104	static
