Archive member included to satisfy reference by file (symbol)

c:/st/stm32cubeide_1.6.1/stm32cubeide/plugins/com.st.stm32cube.ide.mcu.externaltools.gnu-tools-for-stm32.9-2020-q2-update.win32_2.0.0.202105311346/tools/bin/../lib/gcc/arm-none-eabi/9.3.1/../../../../arm-none-eabi/lib/thumb/v7e-m+fp/hard\libstdc++_nano.a(del_op.o)
                              ./Core/Src/tensorflow/lite/kernels/kernel_util.o (operator delete(void*))
c:/st/stm32cubeide_1.6.1/stm32cubeide/plugins/com.st.stm32cube.ide.mcu.externaltools.gnu-tools-for-stm32.9-2020-q2-update.win32_2.0.0.202105311346/tools/bin/../lib/gcc/arm-none-eabi/9.3.1/../../../../arm-none-eabi/lib/thumb/v7e-m+fp/hard\libstdc++_nano.a(del_ops.o)
                              ./Core/Src/tensorflow/lite/micro/all_ops_resolver.o (operator delete(void*, unsigned int))
c:/st/stm32cubeide_1.6.1/stm32cubeide/plugins/com.st.stm32cube.ide.mcu.externaltools.gnu-tools-for-stm32.9-2020-q2-update.win32_2.0.0.202105311346/tools/bin/../lib/gcc/arm-none-eabi/9.3.1/../../../../arm-none-eabi/lib/thumb/v7e-m+fp/hard\libstdc++_nano.a(del_opv.o)
                              ./Core/Src/tensorflow/lite/micro/memory_helpers.o (operator delete[](void*))
c:/st/stm32cubeide_1.6.1/stm32cubeide/plugins/com.st.stm32cube.ide.mcu.externaltools.gnu-tools-for-stm32.9-2020-q2-update.win32_2.0.0.202105311346/tools/bin/../lib/gcc/arm-none-eabi/9.3.1/../../../../arm-none-eabi/lib/thumb/v7e-m+fp/hard\libstdc++_nano.a(guard.o)
                              ./Core/Src/tensorflow/lite/micro/test_helpers.o (__cxa_guard_acquire)
c:/st/stm32cubeide_1.6.1/stm32cubeide/plugins/com.st.stm32cube.ide.mcu.externaltools.gnu-tools-for-stm32.9-2020-q2-update.win32_2.0.0.202105311346/tools/bin/../lib/gcc/arm-none-eabi/9.3.1/../../../../arm-none-eabi/lib/thumb/v7e-m+fp/hard\libstdc++_nano.a(new_op.o)
                              ./Core/Src/tensorflow/lite/micro/test_helpers.o (operator new(unsigned int))
c:/st/stm32cubeide_1.6.1/stm32cubeide/plugins/com.st.stm32cube.ide.mcu.externaltools.gnu-tools-for-stm32.9-2020-q2-update.win32_2.0.0.202105311346/tools/bin/../lib/gcc/arm-none-eabi/9.3.1/../../../../arm-none-eabi/lib/thumb/v7e-m+fp/hard\libstdc++_nano.a(new_opv.o)
                              ./Core/Src/tensorflow/lite/micro/memory_helpers.o (operator new[](unsigned int))
c:/st/stm32cubeide_1.6.1/stm32cubeide/plugins/com.st.stm32cube.ide.mcu.externaltools.gnu-tools-for-stm32.9-2020-q2-update.win32_2.0.0.202105311346/tools/bin/../lib/gcc/arm-none-eabi/9.3.1/../../../../arm-none-eabi/lib/thumb/v7e-m+fp/hard\libstdc++_nano.a(functexcept.o)
                              ./Core/Src/tensorflow/lite/kernels/kernel_util.o (std::__throw_length_error(char const*))
c:/st/stm32cubeide_1.6.1/stm32cubeide/plugins/com.st.stm32cube.ide.mcu.externaltools.gnu-tools-for-stm32.9-2020-q2-update.win32_2.0.0.202105311346/tools/bin/../lib/gcc/arm-none-eabi/9.3.1/../../../../arm-none-eabi/lib/thumb/v7e-m+fp/hard\libstdc++_nano.a(snprintf_lite.o)
                              c:/st/stm32cubeide_1.6.1/stm32cubeide/plugins/com.st.stm32cube.ide.mcu.externaltools.gnu-tools-for-stm32.9-2020-q2-update.win32_2.0.0.202105311346/tools/bin/../lib/gcc/arm-none-eabi/9.3.1/../../../../arm-none-eabi/lib/thumb/v7e-m+fp/hard\libstdc++_nano.a(functexcept.o) (__gnu_cxx::__snprintf_lite(char*, unsigned int, char const*, std::__va_list))
c:/st/stm32cubeide_1.6.1/stm32cubeide/plugins/com.st.stm32cube.ide.mcu.externaltools.gnu-tools-for-stm32.9-2020-q2-update.win32_2.0.0.202105311346/tools/bin/../lib/gcc/arm-none-eabi/9.3.1/../../../../arm-none-eabi/lib/thumb/v7e-m+fp/hard\libstdc++_nano.a(string-inst.o)
                              ./Core/Src/tensorflow/lite/kernels/kernel_util.o (std::__cxx11::basic_string<char, std::char_traits<char>, std::allocator<char> >::_M_replace(unsigned int, unsigned int, char const*, unsigned int))
c:/st/stm32cubeide_1.6.1/stm32cubeide/plugins/com.st.stm32cube.ide.mcu.externaltools.gnu-tools-for-stm32.9-2020-q2-update.win32_2.0.0.202105311346/tools/bin/../lib/gcc/arm-none-eabi/9.3.1/../../../../arm-none-eabi/lib/thumb/v7e-m+fp/hard\libstdc++_nano.a(new_handler.o)
                              c:/st/stm32cubeide_1.6.1/stm32cubeide/plugins/com.st.stm32cube.ide.mcu.externaltools.gnu-tools-for-stm32.9-2020-q2-update.win32_2.0.0.202105311346/tools/bin/../lib/gcc/arm-none-eabi/9.3.1/../../../../arm-none-eabi/lib/thumb/v7e-m+fp/hard\libstdc++_nano.a(new_op.o) (std::get_new_handler())
c:/st/stm32cubeide_1.6.1/stm32cubeide/plugins/com.st.stm32cube.ide.mcu.externaltools.gnu-tools-for-stm32.9-2020-q2-update.win32_2.0.0.202105311346/tools/bin/../lib/gcc/arm-none-eabi/9.3.1/../../../../arm-none-eabi/lib/thumb/v7e-m+fp/hard\libm.a(lib_a-s_floor.o)
                              ./Core/Src/tensorflow/lite/kernels/internal/quantization_util.o (floor)
[...]
Memory Configuration

Name             Origin             Length             Attributes
RAMITCM          0x0000000000000000 0x0000000000004000 xrw
FLASH            0x0000000008000000 0x0000000000100000 xr
RAM              0x0000000020000000 0x0000000000050000 xrw
SDRAM            0x0000000060000000 0x0000000000800000 xrw
QSPI             0x0000000090000000 0x0000000001000000 xrw
*default*        0x0000000000000000 0xffffffffffffffff

Linker script and memory map

LOAD c:/st/stm32cubeide_1.6.1/stm32cubeide/plugins/com.st.stm32cube.ide.mcu.externaltools.gnu-tools-for-stm32.9-2020-q2-update.win32_2.0.0.202105311346/tools/bin/../lib/gcc/arm-none-eabi/9.3.1/thumb/v7e-m+fp/hard/crti.o
LOAD c:/st/stm32cubeide_1.6.1/stm32cubeide/plugins/com.st.stm32cube.ide.mcu.externaltools.gnu-tools-for-stm32.9-2020-q2-update.win32_2.0.0.202105311346/tools/bin/../lib/gcc/arm-none-eabi/9.3.1/thumb/v7e-m+fp/hard/crtbegin.o
LOAD c:/st/stm32cubeide_1.6.1/stm32cubeide/plugins/com.st.stm32cube.ide.mcu.externaltools.gnu-tools-for-stm32.9-2020-q2-update.win32_2.0.0.202105311346/tools/bin/../lib/gcc/arm-none-eabi/9.3.1/../../../../arm-none-eabi/lib/thumb/v7e-m+fp/hard/crt0.o
LOAD ./Core/Src/dmacopying.o
LOAD ./Core/Src/main.o
LOAD ./Core/Src/overlay_fw.o
LOAD ./Core/Src/stm32f7xx_hal_msp.o
LOAD ./Core/Src/stm32f7xx_it.o
LOAD ./Core/Src/syscalls.o
LOAD ./Core/Src/sysmem.o
LOAD ./Core/Src/system_stm32f7xx.o
LOAD ./Core/Src/tensorflow/lite/c/common.o
LOAD ./Core/Src/tensorflow/lite/core/api/error_reporter.o
LOAD ./Core/Src/tensorflow/lite/core/api/flatbuffer_conversions.o
LOAD ./Core/Src/tensorflow/lite/core/api/op_resolver.o
LOAD ./Core/Src/tensorflow/lite/core/api/tensor_utils.o
LOAD ./Core/Src/tensorflow/lite/kernels/internal/quantization_util.o
LOAD ./Core/Src/tensorflow/lite/kernels/kernel_util.o
LOAD ./Core/Src/tensorflow/lite/micro/all_ops_resolver.o
LOAD ./Core/Src/tensorflow/lite/micro/memory_helpers.o
LOAD ./Core/Src/tensorflow/lite/micro/micro_allocator.o
LOAD ./Core/Src/tensorflow/lite/micro/micro_error_reporter.o
LOAD ./Core/Src/tensorflow/lite/micro/micro_interpreter.o
LOAD ./Core/Src/tensorflow/lite/micro/micro_profiler.o
LOAD ./Core/Src/tensorflow/lite/micro/micro_string.o
LOAD ./Core/Src/tensorflow/lite/micro/micro_time.o
LOAD ./Core/Src/tensorflow/lite/micro/micro_utils.o
LOAD ./Core/Src/tensorflow/lite/micro/recording_micro_allocator.o
LOAD ./Core/Src/tensorflow/lite/micro/recording_simple_memory_allocator.o
LOAD ./Core/Src/tensorflow/lite/micro/simple_memory_allocator.o
LOAD ./Core/Src/tensorflow/lite/micro/system_setup.o
LOAD ./Core/Src/tensorflow/lite/micro/test_helpers.o
LOAD ./Core/Src/tensorflow/lite/micro/examples/hello_world/Validated_Models/ImgNet_Models/mbv3-w1.00-r160_int8_1.o
LOAD ./Core/Src/tensorflow/lite/micro/examples/hello_world/constants.o
LOAD ./Core/Src/tensorflow/lite/micro/examples/hello_world/main_functions.o
LOAD ./Core/Src/tensorflow/lite/micro/examples/hello_world/output_handler.o
LOAD ./Core/Src/tensorflow/lite/micro/kernels/activations.o
LOAD ./Core/Src/tensorflow/lite/micro/kernels/add_n.o
LOAD ./Core/Src/tensorflow/lite/micro/kernels/arg_min_max.o
LOAD ./Core/Src/tensorflow/lite/micro/kernels/batch_to_space_nd.o
LOAD ./Core/Src/tensorflow/lite/micro/kernels/cast.o
LOAD ./Core/Src/tensorflow/lite/micro/kernels/ceil.o
LOAD ./Core/Src/tensorflow/lite/micro/kernels/circular_buffer.o
LOAD ./Core/Src/tensorflow/lite/micro/kernels/comparisons.o
LOAD ./Core/Src/tensorflow/lite/micro/kernels/concatenation.o
LOAD ./Core/Src/tensorflow/lite/micro/kernels/conv_common.o
LOAD ./Core/Src/tensorflow/lite/micro/kernels/depthwise_conv_common.o
LOAD ./Core/Src/tensorflow/lite/micro/kernels/dequantize.o
LOAD ./Core/Src/tensorflow/lite/micro/kernels/detection_postprocess.o
LOAD ./Core/Src/tensorflow/lite/micro/kernels/div.o
LOAD ./Core/Src/tensorflow/lite/micro/kernels/elementwise.o
LOAD ./Core/Src/tensorflow/lite/micro/kernels/elu.o
LOAD ./Core/Src/tensorflow/lite/micro/kernels/ethosu.o
LOAD ./Core/Src/tensorflow/lite/micro/kernels/exp.o
LOAD ./Core/Src/tensorflow/lite/micro/kernels/expand_dims.o
LOAD ./Core/Src/tensorflow/lite/micro/kernels/fill.o
LOAD ./Core/Src/tensorflow/lite/micro/kernels/floor.o
LOAD ./Core/Src/tensorflow/lite/micro/kernels/fully_connected_common.o
LOAD ./Core/Src/tensorflow/lite/micro/kernels/hard_swish.o
LOAD ./Core/Src/tensorflow/lite/micro/kernels/kernel_runner.o
LOAD ./Core/Src/tensorflow/lite/micro/kernels/kernel_util.o
LOAD ./Core/Src/tensorflow/lite/micro/kernels/l2_pool_2d.o
LOAD ./Core/Src/tensorflow/lite/micro/kernels/l2norm.o
LOAD ./Core/Src/tensorflow/lite/micro/kernels/leaky_relu.o
LOAD ./Core/Src/tensorflow/lite/micro/kernels/logical.o
LOAD ./Core/Src/tensorflow/lite/micro/kernels/logistic.o
LOAD ./Core/Src/tensorflow/lite/micro/kernels/maximum_minimum.o
LOAD ./Core/Src/tensorflow/lite/micro/kernels/neg.o
LOAD ./Core/Src/tensorflow/lite/micro/kernels/pack.o
LOAD ./Core/Src/tensorflow/lite/micro/kernels/pad.o
LOAD ./Core/Src/tensorflow/lite/micro/kernels/prelu.o
LOAD ./Core/Src/tensorflow/lite/micro/kernels/quantize.o
LOAD ./Core/Src/tensorflow/lite/micro/kernels/quantize_common.o
LOAD ./Core/Src/tensorflow/lite/micro/kernels/reduce.o
LOAD ./Core/Src/tensorflow/lite/micro/kernels/reshape.o
LOAD ./Core/Src/tensorflow/lite/micro/kernels/resize_nearest_neighbor.o
LOAD ./Core/Src/tensorflow/lite/micro/kernels/round.o
LOAD ./Core/Src/tensorflow/lite/micro/kernels/shape.o
LOAD ./Core/Src/tensorflow/lite/micro/kernels/softmax_common.o
LOAD ./Core/Src/tensorflow/lite/micro/kernels/space_to_batch_nd.o
LOAD ./Core/Src/tensorflow/lite/micro/kernels/split.o
LOAD ./Core/Src/tensorflow/lite/micro/kernels/split_v.o
LOAD ./Core/Src/tensorflow/lite/micro/kernels/squeeze.o
LOAD ./Core/Src/tensorflow/lite/micro/kernels/strided_slice.o
LOAD ./Core/Src/tensorflow/lite/micro/kernels/sub.o
LOAD ./Core/Src/tensorflow/lite/micro/kernels/svdf_common.o
LOAD ./Core/Src/tensorflow/lite/micro/kernels/tanh.o
LOAD ./Core/Src/tensorflow/lite/micro/kernels/transpose_conv.o
LOAD ./Core/Src/tensorflow/lite/micro/kernels/unpack.o
LOAD ./Core/Src/tensorflow/lite/micro/kernels/zeros_like.o
LOAD ./Core/Src/tensorflow/lite/micro/kernels/cmsis_nn/add.o
LOAD ./Core/Src/tensorflow/lite/micro/kernels/cmsis_nn/conv.o
LOAD ./Core/Src/tensorflow/lite/micro/kernels/cmsis_nn/depthwise_conv.o
LOAD ./Core/Src/tensorflow/lite/micro/kernels/cmsis_nn/fully_connected.o
LOAD ./Core/Src/tensorflow/lite/micro/kernels/cmsis_nn/mul.o
LOAD ./Core/Src/tensorflow/lite/micro/kernels/cmsis_nn/pooling.o
LOAD ./Core/Src/tensorflow/lite/micro/kernels/cmsis_nn/softmax.o
LOAD ./Core/Src/tensorflow/lite/micro/kernels/cmsis_nn/svdf.o
LOAD ./Core/Src/tensorflow/lite/micro/mbed/debug_log.o
LOAD ./Core/Src/tensorflow/lite/micro/memory_planner/greedy_memory_planner.o
LOAD ./Core/Src/tensorflow/lite/micro/memory_planner/linear_memory_planner.o
LOAD ./Core/Src/tensorflow/lite/micro/tools/make/downloads/cmsis/CMSIS/NN/Source/ActivationFunctions/arm_nn_activations_q15.o
LOAD ./Core/Src/tensorflow/lite/micro/tools/make/downloads/cmsis/CMSIS/NN/Source/ActivationFunctions/arm_nn_activations_q7.o
LOAD ./Core/Src/tensorflow/lite/micro/tools/make/downloads/cmsis/CMSIS/NN/Source/ActivationFunctions/arm_relu6_s8.o
LOAD ./Core/Src/tensorflow/lite/micro/tools/make/downloads/cmsis/CMSIS/NN/Source/ActivationFunctions/arm_relu_q15.o
LOAD ./Core/Src/tensorflow/lite/micro/tools/make/downloads/cmsis/CMSIS/NN/Source/ActivationFunctions/arm_relu_q7.o
LOAD ./Core/Src/tensorflow/lite/micro/tools/make/downloads/cmsis/CMSIS/NN/Source/BasicMathFunctions/arm_elementwise_add_s8.o
LOAD ./Core/Src/tensorflow/lite/micro/tools/make/downloads/cmsis/CMSIS/NN/Source/BasicMathFunctions/arm_elementwise_mul_s8.o
LOAD ./Core/Src/tensorflow/lite/micro/tools/make/downloads/cmsis/CMSIS/NN/Source/ConcatenationFunctions/arm_concatenation_s8_w.o
LOAD ./Core/Src/tensorflow/lite/micro/tools/make/downloads/cmsis/CMSIS/NN/Source/ConcatenationFunctions/arm_concatenation_s8_x.o
LOAD ./Core/Src/tensorflow/lite/micro/tools/make/downloads/cmsis/CMSIS/NN/Source/ConcatenationFunctions/arm_concatenation_s8_y.o
LOAD ./Core/Src/tensorflow/lite/micro/tools/make/downloads/cmsis/CMSIS/NN/Source/ConcatenationFunctions/arm_concatenation_s8_z.o
LOAD ./Core/Src/tensorflow/lite/micro/tools/make/downloads/cmsis/CMSIS/NN/Source/ConvolutionFunctions/arm_convolve_1_x_n_s8.o
LOAD ./Core/Src/tensorflow/lite/micro/tools/make/downloads/cmsis/CMSIS/NN/Source/ConvolutionFunctions/arm_convolve_1x1_HWC_q7_fast_nonsquare.o
LOAD ./Core/Src/tensorflow/lite/micro/tools/make/downloads/cmsis/CMSIS/NN/Source/ConvolutionFunctions/arm_convolve_1x1_s8_fast.o
LOAD ./Core/Src/tensorflow/lite/micro/tools/make/downloads/cmsis/CMSIS/NN/Source/ConvolutionFunctions/arm_convolve_HWC_q15_basic.o
LOAD ./Core/Src/tensorflow/lite/micro/tools/make/downloads/cmsis/CMSIS/NN/Source/ConvolutionFunctions/arm_convolve_HWC_q15_fast.o
LOAD ./Core/Src/tensorflow/lite/micro/tools/make/downloads/cmsis/CMSIS/NN/Source/ConvolutionFunctions/arm_convolve_HWC_q15_fast_nonsquare.o
LOAD ./Core/Src/tensorflow/lite/micro/tools/make/downloads/cmsis/CMSIS/NN/Source/ConvolutionFunctions/arm_convolve_HWC_q7_RGB.o
LOAD ./Core/Src/tensorflow/lite/micro/tools/make/downloads/cmsis/CMSIS/NN/Source/ConvolutionFunctions/arm_convolve_HWC_q7_basic.o
LOAD ./Core/Src/tensorflow/lite/micro/tools/make/downloads/cmsis/CMSIS/NN/Source/ConvolutionFunctions/arm_convolve_HWC_q7_basic_nonsquare.o
LOAD ./Core/Src/tensorflow/lite/micro/tools/make/downloads/cmsis/CMSIS/NN/Source/ConvolutionFunctions/arm_convolve_HWC_q7_fast.o
LOAD ./Core/Src/tensorflow/lite/micro/tools/make/downloads/cmsis/CMSIS/NN/Source/ConvolutionFunctions/arm_convolve_HWC_q7_fast_nonsquare.o
LOAD ./Core/Src/tensorflow/lite/micro/tools/make/downloads/cmsis/CMSIS/NN/Source/ConvolutionFunctions/arm_convolve_s8.o
LOAD ./Core/Src/tensorflow/lite/micro/tools/make/downloads/cmsis/CMSIS/NN/Source/ConvolutionFunctions/arm_convolve_wrapper_s8.o
LOAD ./Core/Src/tensorflow/lite/micro/tools/make/downloads/cmsis/CMSIS/NN/Source/ConvolutionFunctions/arm_depthwise_conv_3x3_s8.o
LOAD ./Core/Src/tensorflow/lite/micro/tools/make/downloads/cmsis/CMSIS/NN/Source/ConvolutionFunctions/arm_depthwise_conv_s8.o
LOAD ./Core/Src/tensorflow/lite/micro/tools/make/downloads/cmsis/CMSIS/NN/Source/ConvolutionFunctions/arm_depthwise_conv_s8_opt.o
LOAD ./Core/Src/tensorflow/lite/micro/tools/make/downloads/cmsis/CMSIS/NN/Source/ConvolutionFunctions/arm_depthwise_conv_u8_basic_ver1.o
LOAD ./Core/Src/tensorflow/lite/micro/tools/make/downloads/cmsis/CMSIS/NN/Source/ConvolutionFunctions/arm_depthwise_conv_wrapper_s8.o
LOAD ./Core/Src/tensorflow/lite/micro/tools/make/downloads/cmsis/CMSIS/NN/Source/ConvolutionFunctions/arm_depthwise_separable_conv_HWC_q7.o
LOAD ./Core/Src/tensorflow/lite/micro/tools/make/downloads/cmsis/CMSIS/NN/Source/ConvolutionFunctions/arm_depthwise_separable_conv_HWC_q7_nonsquare.o
LOAD ./Core/Src/tensorflow/lite/micro/tools/make/downloads/cmsis/CMSIS/NN/Source/ConvolutionFunctions/arm_nn_depthwise_conv_s8_core.o
LOAD ./Core/Src/tensorflow/lite/micro/tools/make/downloads/cmsis/CMSIS/NN/Source/ConvolutionFunctions/arm_nn_mat_mult_kernel_q7_q15.o
LOAD ./Core/Src/tensorflow/lite/micro/tools/make/downloads/cmsis/CMSIS/NN/Source/ConvolutionFunctions/arm_nn_mat_mult_kernel_q7_q15_reordered.o
LOAD ./Core/Src/tensorflow/lite/micro/tools/make/downloads/cmsis/CMSIS/NN/Source/ConvolutionFunctions/arm_nn_mat_mult_kernel_s8_s16.o
LOAD ./Core/Src/tensorflow/lite/micro/tools/make/downloads/cmsis/CMSIS/NN/Source/ConvolutionFunctions/arm_nn_mat_mult_kernel_s8_s16_reordered.o
LOAD ./Core/Src/tensorflow/lite/micro/tools/make/downloads/cmsis/CMSIS/NN/Source/ConvolutionFunctions/arm_nn_mat_mult_s8.o
LOAD ./Core/Src/tensorflow/lite/micro/tools/make/downloads/cmsis/CMSIS/NN/Source/FullyConnectedFunctions/arm_fully_connected_mat_q7_vec_q15.o
LOAD ./Core/Src/tensorflow/lite/micro/tools/make/downloads/cmsis/CMSIS/NN/Source/FullyConnectedFunctions/arm_fully_connected_mat_q7_vec_q15_opt.o
LOAD ./Core/Src/tensorflow/lite/micro/tools/make/downloads/cmsis/CMSIS/NN/Source/FullyConnectedFunctions/arm_fully_connected_q15.o
LOAD ./Core/Src/tensorflow/lite/micro/tools/make/downloads/cmsis/CMSIS/NN/Source/FullyConnectedFunctions/arm_fully_connected_q15_opt.o
LOAD ./Core/Src/tensorflow/lite/micro/tools/make/downloads/cmsis/CMSIS/NN/Source/FullyConnectedFunctions/arm_fully_connected_q7.o
LOAD ./Core/Src/tensorflow/lite/micro/tools/make/downloads/cmsis/CMSIS/NN/Source/FullyConnectedFunctions/arm_fully_connected_q7_opt.o
LOAD ./Core/Src/tensorflow/lite/micro/tools/make/downloads/cmsis/CMSIS/NN/Source/FullyConnectedFunctions/arm_fully_connected_s8.o
LOAD ./Core/Src/tensorflow/lite/micro/tools/make/downloads/cmsis/CMSIS/NN/Source/NNSupportFunctions/arm_nn_accumulate_q7_to_q15.o
LOAD ./Core/Src/tensorflow/lite/micro/tools/make/downloads/cmsis/CMSIS/NN/Source/NNSupportFunctions/arm_nn_add_q7.o
LOAD ./Core/Src/tensorflow/lite/micro/tools/make/downloads/cmsis/CMSIS/NN/Source/NNSupportFunctions/arm_nn_depthwise_conv_nt_t_padded_s8.o
LOAD ./Core/Src/tensorflow/lite/micro/tools/make/downloads/cmsis/CMSIS/NN/Source/NNSupportFunctions/arm_nn_depthwise_conv_nt_t_s8.o
LOAD ./Core/Src/tensorflow/lite/micro/tools/make/downloads/cmsis/CMSIS/NN/Source/NNSupportFunctions/arm_nn_mat_mul_core_1x_s8.o
LOAD ./Core/Src/tensorflow/lite/micro/tools/make/downloads/cmsis/CMSIS/NN/Source/NNSupportFunctions/arm_nn_mat_mul_core_4x_s8.o
LOAD ./Core/Src/tensorflow/lite/micro/tools/make/downloads/cmsis/CMSIS/NN/Source/NNSupportFunctions/arm_nn_mat_mult_nt_t_s8.o
LOAD ./Core/Src/tensorflow/lite/micro/tools/make/downloads/cmsis/CMSIS/NN/Source/NNSupportFunctions/arm_nn_mult_q15.o
LOAD ./Core/Src/tensorflow/lite/micro/tools/make/downloads/cmsis/CMSIS/NN/Source/NNSupportFunctions/arm_nn_mult_q7.o
LOAD ./Core/Src/tensorflow/lite/micro/tools/make/downloads/cmsis/CMSIS/NN/Source/NNSupportFunctions/arm_nn_vec_mat_mult_t_s8.o
LOAD ./Core/Src/tensorflow/lite/micro/tools/make/downloads/cmsis/CMSIS/NN/Source/NNSupportFunctions/arm_nntables.o
LOAD ./Core/Src/tensorflow/lite/micro/tools/make/downloads/cmsis/CMSIS/NN/Source/NNSupportFunctions/arm_q7_to_q15_no_shift.o
LOAD ./Core/Src/tensorflow/lite/micro/tools/make/downloads/cmsis/CMSIS/NN/Source/NNSupportFunctions/arm_q7_to_q15_reordered_no_shift.o
LOAD ./Core/Src/tensorflow/lite/micro/tools/make/downloads/cmsis/CMSIS/NN/Source/NNSupportFunctions/arm_q7_to_q15_reordered_with_offset.o
LOAD ./Core/Src/tensorflow/lite/micro/tools/make/downloads/cmsis/CMSIS/NN/Source/NNSupportFunctions/arm_q7_to_q15_with_offset.o
LOAD ./Core/Src/tensorflow/lite/micro/tools/make/downloads/cmsis/CMSIS/NN/Source/PoolingFunctions/arm_avgpool_s8.o
LOAD ./Core/Src/tensorflow/lite/micro/tools/make/downloads/cmsis/CMSIS/NN/Source/PoolingFunctions/arm_max_pool_s8.o
LOAD ./Core/Src/tensorflow/lite/micro/tools/make/downloads/cmsis/CMSIS/NN/Source/PoolingFunctions/arm_pool_q7_HWC.o
LOAD ./Core/Src/tensorflow/lite/micro/tools/make/downloads/cmsis/CMSIS/NN/Source/ReshapeFunctions/arm_reshape_s8.o
LOAD ./Core/Src/tensorflow/lite/micro/tools/make/downloads/cmsis/CMSIS/NN/Source/SVDFunctions/arm_svdf_s8.o
LOAD ./Core/Src/tensorflow/lite/micro/tools/make/downloads/cmsis/CMSIS/NN/Source/SoftmaxFunctions/arm_softmax_q15.o
LOAD ./Core/Src/tensorflow/lite/micro/tools/make/downloads/cmsis/CMSIS/NN/Source/SoftmaxFunctions/arm_softmax_q7.o
LOAD ./Core/Src/tensorflow/lite/micro/tools/make/downloads/cmsis/CMSIS/NN/Source/SoftmaxFunctions/arm_softmax_s8.o
LOAD ./Core/Src/tensorflow/lite/micro/tools/make/downloads/cmsis/CMSIS/NN/Source/SoftmaxFunctions/arm_softmax_u8.o
LOAD ./Core/Src/tensorflow/lite/micro/tools/make/downloads/cmsis/CMSIS/NN/Source/SoftmaxFunctions/arm_softmax_with_batch_q7.o
LOAD ./Core/Src/tensorflow/lite/schema/schema_utils.o
LOAD ./Core/Startup/startup_stm32f746nghx.o
LOAD ./Drivers/STM32F7xx_HAL_Driver/Src/stm32f7xx_hal.o
LOAD ./Drivers/STM32F7xx_HAL_Driver/Src/stm32f7xx_hal_cortex.o
LOAD ./Drivers/STM32F7xx_HAL_Driver/Src/stm32f7xx_hal_dma.o
LOAD ./Drivers/STM32F7xx_HAL_Driver/Src/stm32f7xx_hal_dma_ex.o
LOAD ./Drivers/STM32F7xx_HAL_Driver/Src/stm32f7xx_hal_exti.o
LOAD ./Drivers/STM32F7xx_HAL_Driver/Src/stm32f7xx_hal_flash.o
LOAD ./Drivers/STM32F7xx_HAL_Driver/Src/stm32f7xx_hal_flash_ex.o
LOAD ./Drivers/STM32F7xx_HAL_Driver/Src/stm32f7xx_hal_gpio.o
LOAD ./Drivers/STM32F7xx_HAL_Driver/Src/stm32f7xx_hal_i2c.o
LOAD ./Drivers/STM32F7xx_HAL_Driver/Src/stm32f7xx_hal_i2c_ex.o
LOAD ./Drivers/STM32F7xx_HAL_Driver/Src/stm32f7xx_hal_pwr.o
LOAD ./Drivers/STM32F7xx_HAL_Driver/Src/stm32f7xx_hal_pwr_ex.o
LOAD ./Drivers/STM32F7xx_HAL_Driver/Src/stm32f7xx_hal_qspi.o
LOAD ./Drivers/STM32F7xx_HAL_Driver/Src/stm32f7xx_hal_rcc.o
LOAD ./Drivers/STM32F7xx_HAL_Driver/Src/stm32f7xx_hal_rcc_ex.o
LOAD ./Drivers/STM32F7xx_HAL_Driver/Src/stm32f7xx_hal_sd.o
LOAD ./Drivers/STM32F7xx_HAL_Driver/Src/stm32f7xx_hal_sdram.o
LOAD ./Drivers/STM32F7xx_HAL_Driver/Src/stm32f7xx_hal_tim.o
LOAD ./Drivers/STM32F7xx_HAL_Driver/Src/stm32f7xx_hal_tim_ex.o
LOAD ./Drivers/STM32F7xx_HAL_Driver/Src/stm32f7xx_hal_uart.o
LOAD ./Drivers/STM32F7xx_HAL_Driver/Src/stm32f7xx_hal_uart_ex.o
LOAD ./Drivers/STM32F7xx_HAL_Driver/Src/stm32f7xx_ll_fmc.o
LOAD ./Drivers/STM32F7xx_HAL_Driver/Src/stm32f7xx_ll_sdmmc.o
LOAD ./FATFS/App/fatfs.o
LOAD ./FATFS/Target/bsp_driver_sd.o
LOAD ./FATFS/Target/fatfs_platform.o
LOAD ./FATFS/Target/sd_diskio.o
LOAD ./Middlewares/Third_Party/FatFs/src/diskio.o
LOAD ./Middlewares/Third_Party/FatFs/src/ff.o
LOAD ./Middlewares/Third_Party/FatFs/src/ff_gen_drv.o
LOAD ./Middlewares/Third_Party/FatFs/src/option/syscall.o
LOAD ./Middlewares/Third_Party/FatFs/src/option/unicode.o
START GROUP
LOAD c:/st/stm32cubeide_1.6.1/stm32cubeide/plugins/com.st.stm32cube.ide.mcu.externaltools.gnu-tools-for-stm32.9-2020-q2-update.win32_2.0.0.202105311346/tools/bin/../lib/gcc/arm-none-eabi/9.3.1/../../../../arm-none-eabi/lib/thumb/v7e-m+fp/hard\libstdc++_nano.a
LOAD c:/st/stm32cubeide_1.6.1/stm32cubeide/plugins/com.st.stm32cube.ide.mcu.externaltools.gnu-tools-for-stm32.9-2020-q2-update.win32_2.0.0.202105311346/tools/bin/../lib/gcc/arm-none-eabi/9.3.1/../../../../arm-none-eabi/lib/thumb/v7e-m+fp/hard\libsupc++_nano.a
END GROUP
LOAD c:/st/stm32cubeide_1.6.1/stm32cubeide/plugins/com.st.stm32cube.ide.mcu.externaltools.gnu-tools-for-stm32.9-2020-q2-update.win32_2.0.0.202105311346/tools/bin/../lib/gcc/arm-none-eabi/9.3.1/../../../../arm-none-eabi/lib/thumb/v7e-m+fp/hard\libstdc++_nano.a
LOAD c:/st/stm32cubeide_1.6.1/stm32cubeide/plugins/com.st.stm32cube.ide.mcu.externaltools.gnu-tools-for-stm32.9-2020-q2-update.win32_2.0.0.202105311346/tools/bin/../lib/gcc/arm-none-eabi/9.3.1/../../../../arm-none-eabi/lib/thumb/v7e-m+fp/hard\libm.a
LOAD c:/st/stm32cubeide_1.6.1/stm32cubeide/plugins/com.st.stm32cube.ide.mcu.externaltools.gnu-tools-for-stm32.9-2020-q2-update.win32_2.0.0.202105311346/tools/bin/../lib/gcc/arm-none-eabi/9.3.1/../../../../arm-none-eabi/lib/thumb/v7e-m+fp/hard\libc_nano.a
START GROUP
LOAD c:/st/stm32cubeide_1.6.1/stm32cubeide/plugins/com.st.stm32cube.ide.mcu.externaltools.gnu-tools-for-stm32.9-2020-q2-update.win32_2.0.0.202105311346/tools/bin/../lib/gcc/arm-none-eabi/9.3.1/thumb/v7e-m+fp/hard\libgcc.a
LOAD c:/st/stm32cubeide_1.6.1/stm32cubeide/plugins/com.st.stm32cube.ide.mcu.externaltools.gnu-tools-for-stm32.9-2020-q2-update.win32_2.0.0.202105311346/tools/bin/../lib/gcc/arm-none-eabi/9.3.1/../../../../arm-none-eabi/lib/thumb/v7e-m+fp/hard\libc_nano.a
END GROUP
START GROUP
LOAD c:/st/stm32cubeide_1.6.1/stm32cubeide/plugins/com.st.stm32cube.ide.mcu.externaltools.gnu-tools-for-stm32.9-2020-q2-update.win32_2.0.0.202105311346/tools/bin/../lib/gcc/arm-none-eabi/9.3.1/thumb/v7e-m+fp/hard\libgcc.a
LOAD c:/st/stm32cubeide_1.6.1/stm32cubeide/plugins/com.st.stm32cube.ide.mcu.externaltools.gnu-tools-for-stm32.9-2020-q2-update.win32_2.0.0.202105311346/tools/bin/../lib/gcc/arm-none-eabi/9.3.1/../../../../arm-none-eabi/lib/thumb/v7e-m+fp/hard\libc_nano.a
LOAD c:/st/stm32cubeide_1.6.1/stm32cubeide/plugins/com.st.stm32cube.ide.mcu.externaltools.gnu-tools-for-stm32.9-2020-q2-update.win32_2.0.0.202105311346/tools/bin/../lib/gcc/arm-none-eabi/9.3.1/../../../../arm-none-eabi/lib/thumb/v7e-m+fp/hard\libnosys.a
END GROUP
START GROUP
LOAD c:/st/stm32cubeide_1.6.1/stm32cubeide/plugins/com.st.stm32cube.ide.mcu.externaltools.gnu-tools-for-stm32.9-2020-q2-update.win32_2.0.0.202105311346/tools/bin/../lib/gcc/arm-none-eabi/9.3.1/thumb/v7e-m+fp/hard\libgcc.a
LOAD c:/st/stm32cubeide_1.6.1/stm32cubeide/plugins/com.st.stm32cube.ide.mcu.externaltools.gnu-tools-for-stm32.9-2020-q2-update.win32_2.0.0.202105311346/tools/bin/../lib/gcc/arm-none-eabi/9.3.1/../../../../arm-none-eabi/lib/thumb/v7e-m+fp/hard\libc_nano.a
LOAD c:/st/stm32cubeide_1.6.1/stm32cubeide/plugins/com.st.stm32cube.ide.mcu.externaltools.gnu-tools-for-stm32.9-2020-q2-update.win32_2.0.0.202105311346/tools/bin/../lib/gcc/arm-none-eabi/9.3.1/../../../../arm-none-eabi/lib/thumb/v7e-m+fp/hard\libnosys.a
END GROUP
LOAD c:/st/stm32cubeide_1.6.1/stm32cubeide/plugins/com.st.stm32cube.ide.mcu.externaltools.gnu-tools-for-stm32.9-2020-q2-update.win32_2.0.0.202105311346/tools/bin/../lib/gcc/arm-none-eabi/9.3.1/thumb/v7e-m+fp/hard/crtend.o
LOAD c:/st/stm32cubeide_1.6.1/stm32cubeide/plugins/com.st.stm32cube.ide.mcu.externaltools.gnu-tools-for-stm32.9-2020-q2-update.win32_2.0.0.202105311346/tools/bin/../lib/gcc/arm-none-eabi/9.3.1/thumb/v7e-m+fp/hard/crtn.o
                0x0000000020050000                _estack = (ORIGIN (RAM) + LENGTH (RAM))
                0x0000000000000600                _Min_Heap_Size = 0x600
                0x0000000000000b00                _Min_Stack_Size = 0xb00

.isr_vector     0x0000000008000000      0x1c8
                0x0000000008000000                . = ALIGN (0x4)
 *(.isr_vector)
 .isr_vector    0x0000000008000000      0x1c8 ./Core/Startup/startup_stm32f746nghx.o
                0x0000000008000000                g_pfnVectors
                0x00000000080001c8                . = ALIGN (0x4)

.text           0x00000000080001d0    0x159cc
                0x00000000080001d0                . = ALIGN (0x4)
 *(.text)
 .text          0x00000000080001d0       0x40 c:/st/stm32cubeide_1.6.1/stm32cubeide/plugins/com.st.stm32cube.ide.mcu.externaltools.gnu-tools-for-stm32.9-2020-q2-update.win32_2.0.0.202105311346/tools/bin/../lib/gcc/arm-none-eabi/9.3.1/thumb/v7e-m+fp/hard/crtbegin.o
 .text          0x0000000008000210       0xa0 c:/st/stm32cubeide_1.6.1/stm32cubeide/plugins/com.st.stm32cube.ide.mcu.externaltools.gnu-tools-for-stm32.9-2020-q2-update.win32_2.0.0.202105311346/tools/bin/../lib/gcc/arm-none-eabi/9.3.1/../../../../arm-none-eabi/lib/thumb/v7e-m+fp/hard\libc_nano.a(lib_a-memchr.o)
                0x0000000008000210                memchr
 .text          0x00000000080002b0       0x14 c:/st/stm32cubeide_1.6.1/stm32cubeide/plugins/com.st.stm32cube.ide.mcu.externaltools.gnu-tools-for-stm32.9-2020-q2-update.win32_2.0.0.202105311346/tools/bin/../lib/gcc/arm-none-eabi/9.3.1/../../../../arm-none-eabi/lib/thumb/v7e-m+fp/hard\libc_nano.a(lib_a-strcmp.o)
                0x00000000080002b0                strcmp
 .text          0x00000000080002c4      0x378 c:/st/stm32cubeide_1.6.1/stm32cubeide/plugins/com.st.stm32cube.ide.mcu.externaltools.gnu-tools-for-stm32.9-2020-q2-update.win32_2.0.0.202105311346/tools/bin/../lib/gcc/arm-none-eabi/9.3.1/thumb/v7e-m+fp/hard\libgcc.a(_arm_addsubdf3.o)
                0x00000000080002c4                __aeabi_drsub
                0x00000000080002cc                __aeabi_dsub
                0x00000000080002cc                __subdf3
                0x00000000080002d0                __aeabi_dadd
                0x00000000080002d0                __adddf3
                0x0000000008000548                __floatunsidf
                0x0000000008000548                __aeabi_ui2d
                0x0000000008000568                __floatsidf
                0x0000000008000568                __aeabi_i2d
                0x000000000800058c                __aeabi_f2d
                0x000000000800058c                __extendsfdf2
                0x00000000080005d0                __floatundidf
                0x00000000080005d0                __aeabi_ul2d
                0x00000000080005e0                __floatdidf
                0x00000000080005e0                __aeabi_l2d
 .text          0x000000000800063c      0x424 c:/st/stm32cubeide_1.6.1/stm32cubeide/plugins/com.st.stm32cube.ide.mcu.externaltools.gnu-tools-for-stm32.9-2020-q2-update.win32_2.0.0.202105311346/tools/bin/../lib/gcc/arm-none-eabi/9.3.1/thumb/v7e-m+fp/hard\libgcc.a(_arm_muldivdf3.o)
                0x000000000800063c                __aeabi_dmul
                0x000000000800063c                __muldf3
                0x0000000008000890                __divdf3
                0x0000000008000890                __aeabi_ddiv
 .text          0x0000000008000a60      0x110 c:/st/stm32cubeide_1.6.1/stm32cubeide/plugins/com.st.stm32cube.ide.mcu.externaltools.gnu-tools-for-stm32.9-2020-q2-update.win32_2.0.0.202105311346/tools/bin/../lib/gcc/arm-none-eabi/9.3.1/thumb/v7e-m+fp/hard\libgcc.a(_arm_cmpdf2.o)
                0x0000000008000a60                __gtdf2
                0x0000000008000a60                __gedf2
                0x0000000008000a68                __ltdf2
                0x0000000008000a68                __ledf2
                0x0000000008000a70                __nedf2
                0x0000000008000a70                __eqdf2
                0x0000000008000a70                __cmpdf2
                0x0000000008000aec                __aeabi_cdrcmple
                0x0000000008000afc                __aeabi_cdcmpeq
                0x0000000008000afc                __aeabi_cdcmple
                0x0000000008000b0c                __aeabi_dcmpeq
                0x0000000008000b20                __aeabi_dcmplt
                0x0000000008000b34                __aeabi_dcmple
                0x0000000008000b48                __aeabi_dcmpge
                0x0000000008000b5c                __aeabi_dcmpgt
 .text          0x0000000008000b70       0x50 c:/st/stm32cubeide_1.6.1/stm32cubeide/plugins/com.st.stm32cube.ide.mcu.externaltools.gnu-tools-for-stm32.9-2020-q2-update.win32_2.0.0.202105311346/tools/bin/../lib/gcc/arm-none-eabi/9.3.1/thumb/v7e-m+fp/hard\libgcc.a(_arm_fixdfsi.o)
                0x0000000008000b70                __aeabi_d2iz
                0x0000000008000b70                __fixdfsi
 .text          0x0000000008000bc0       0x30 c:/st/stm32cubeide_1.6.1/stm32cubeide/plugins/com.st.stm32cube.ide.mcu.externaltools.gnu-tools-for-stm32.9-2020-q2-update.win32_2.0.0.202105311346/tools/bin/../lib/gcc/arm-none-eabi/9.3.1/thumb/v7e-m+fp/hard\libgcc.a(_aeabi_uldivmod.o)
                0x0000000008000bc0                __aeabi_uldivmod
 .text          0x0000000008000bf0       0x30 c:/st/stm32cubeide_1.6.1/stm32cubeide/plugins/com.st.stm32cube.ide.mcu.externaltools.gnu-tools-for-stm32.9-2020-q2-update.win32_2.0.0.202105311346/tools/bin/../lib/gcc/arm-none-eabi/9.3.1/thumb/v7e-m+fp/hard\libgcc.a(_fixdfdi.o)
                0x0000000008000bf0                __fixdfdi
                0x0000000008000bf0                __aeabi_d2lz
 .text          0x0000000008000c20       0x3c c:/st/stm32cubeide_1.6.1/stm32cubeide/plugins/com.st.stm32cube.ide.mcu.externaltools.gnu-tools-for-stm32.9-2020-q2-update.win32_2.0.0.202105311346/tools/bin/../lib/gcc/arm-none-eabi/9.3.1/thumb/v7e-m+fp/hard\libgcc.a(_fixunsdfdi.o)
                0x0000000008000c20                __fixunsdfdi
                0x0000000008000c20                __aeabi_d2ulz
 .text          0x0000000008000c5c      0x2c4 c:/st/stm32cubeide_1.6.1/stm32cubeide/plugins/com.st.stm32cube.ide.mcu.externaltools.gnu-tools-for-stm32.9-2020-q2-update.win32_2.0.0.202105311346/tools/bin/../lib/gcc/arm-none-eabi/9.3.1/thumb/v7e-m+fp/hard\libgcc.a(_udivmoddi4.o)
                0x0000000008000c5c                __udivmoddi4
 .text          0x0000000008000f20        0x4 c:/st/stm32cubeide_1.6.1/stm32cubeide/plugins/com.st.stm32cube.ide.mcu.externaltools.gnu-tools-for-stm32.9-2020-q2-update.win32_2.0.0.202105311346/tools/bin/../lib/gcc/arm-none-eabi/9.3.1/thumb/v7e-m+fp/hard\libgcc.a(_dvmd_tls.o)
                0x0000000008000f20                __aeabi_idiv0
                0x0000000008000f20                __aeabi_ldiv0
 .text          0x0000000008000f24       0x40 c:/st/stm32cubeide_1.6.1/stm32cubeide/plugins/com.st.stm32cube.ide.mcu.externaltools.gnu-tools-for-stm32.9-2020-q2-update.win32_2.0.0.202105311346/tools/bin/../lib/gcc/arm-none-eabi/9.3.1/thumb/v7e-m+fp/hard\libgcc.a(_arm_fixunsdfsi.o)
                0x0000000008000f24                __aeabi_d2uiz
                0x0000000008000f24                __fixunsdfsi
 *(.text*)
 .text.CPU_CACHE_Enable
                0x0000000008000f64       0x90 ./Core/Src/main.o
                0x0000000008000f64                CPU_CACHE_Enable
 .text.QPSI_Init_
                0x0000000008000ff4      0x188 ./Core/Src/main.o
                0x0000000008000ff4                QPSI_Init_
 .text.startup.main
                0x000000000800117c       0xe0 ./Core/Src/main.o
                0x000000000800117c                main
 .text.SystemClock_Config
                0x000000000800125c       0xcc ./Core/Src/main.o
                0x000000000800125c                SystemClock_Config
 .text.init     0x0000000008001328      0x200 ./Core/Src/main.o
                0x0000000008001328                init
 .text.HAL_QSPI_MspInit
                0x0000000008001528      0x194 ./Core/Src/stm32f7xx_hal_msp.o
                0x0000000008001528                HAL_QSPI_MspInit
 .text.HAL_QSPI_MspDeInit
                0x00000000080016bc       0x88 ./Core/Src/stm32f7xx_hal_msp.o
                0x00000000080016bc                HAL_QSPI_MspDeInit
 .text.HAL_MspInit
                0x0000000008001744       0x30 ./Core/Src/stm32f7xx_hal_msp.o
                0x0000000008001744                HAL_MspInit
 .text.HAL_UART_MspInit
                0x0000000008001774       0xa8 ./Core/Src/stm32f7xx_hal_msp.o
                0x0000000008001774                HAL_UART_MspInit
 .text.HAL_SDRAM_MspInit
                0x000000000800181c       0xc4 ./Core/Src/stm32f7xx_hal_msp.o
                0x000000000800181c                HAL_SDRAM_MspInit
 .text.NMI_Handler
                0x00000000080018e0        0x4 ./Core/Src/stm32f7xx_it.o
                0x00000000080018e0                NMI_Handler
 .text.HardFault_Handler
                0x00000000080018e4        0x4 ./Core/Src/stm32f7xx_it.o
                0x00000000080018e4                HardFault_Handler
 .text.MemManage_Handler
                0x00000000080018e8        0x4 ./Core/Src/stm32f7xx_it.o
                0x00000000080018e8                MemManage_Handler
 .text.BusFault_Handler
                0x00000000080018ec        0x4 ./Core/Src/stm32f7xx_it.o
                0x00000000080018ec                BusFault_Handler
 .text.UsageFault_Handler
                0x00000000080018f0        0x4 ./Core/Src/stm32f7xx_it.o
                0x00000000080018f0                UsageFault_Handler
 .text.SVC_Handler
                0x00000000080018f4        0x4 ./Core/Src/stm32f7xx_it.o
                0x00000000080018f4                SVC_Handler
 .text.DebugMon_Handler
                0x00000000080018f8        0x4 ./Core/Src/stm32f7xx_it.o
                0x00000000080018f8                DebugMon_Handler
 .text.PendSV_Handler
                0x00000000080018fc        0x4 ./Core/Src/stm32f7xx_it.o
                0x00000000080018fc                PendSV_Handler
 .text.SysTick_Handler
                0x0000000008001900        0x4 ./Core/Src/stm32f7xx_it.o
                0x0000000008001900                SysTick_Handler
 .text.SDMMC1_IRQHandler
                0x0000000008001904        0xc ./Core/Src/stm32f7xx_it.o
                0x0000000008001904                SDMMC1_IRQHandler
 .text.DMA2_Stream3_IRQHandler
                0x0000000008001910        0xc ./Core/Src/stm32f7xx_it.o
                0x0000000008001910                DMA2_Stream3_IRQHandler
 .text.DMA2_Stream6_IRQHandler
                0x000000000800191c        0xc ./Core/Src/stm32f7xx_it.o
                0x000000000800191c                DMA2_Stream6_IRQHandler
 .text.DMA2_Stream0_IRQHandler
                0x0000000008001928        0xc ./Core/Src/stm32f7xx_it.o
                0x0000000008001928                DMA2_Stream0_IRQHandler
 .text.DMA2_Stream1_IRQHandler
                0x0000000008001934        0xc ./Core/Src/stm32f7xx_it.o
                0x0000000008001934                DMA2_Stream1_IRQHandler
 .text._getpid  0x0000000008001940        0x4 ./Core/Src/syscalls.o
                0x0000000008001940                _getpid
 .text._kill    0x0000000008001944       0x14 ./Core/Src/syscalls.o
                0x0000000008001944                _kill
 .text._exit    0x0000000008001958        0xc ./Core/Src/syscalls.o
                0x0000000008001958                _exit
 .text._read    0x0000000008001964       0x1c ./Core/Src/syscalls.o
                0x0000000008001964                _read
 .text._write   0x0000000008001980       0x1c ./Core/Src/syscalls.o
                0x0000000008001980                _write
 .text._close   0x000000000800199c        0x8 ./Core/Src/syscalls.o
                0x000000000800199c                _close
 .text._fstat   0x00000000080019a4        0xc ./Core/Src/syscalls.o
                0x00000000080019a4                _fstat
 .text._isatty  0x00000000080019b0        0x4 ./Core/Src/syscalls.o
                0x00000000080019b0                _isatty
 .text._lseek   0x00000000080019b4        0x4 ./Core/Src/syscalls.o
                0x00000000080019b4                _lseek
 .text._sbrk    0x00000000080019b8       0x48 ./Core/Src/sysmem.o
                0x00000000080019b8                _sbrk
 .text.SystemInit
                0x0000000008001a00       0x50 ./Core/Src/system_stm32f7xx.o
                0x0000000008001a00                SystemInit
 .text.TfLiteIntArrayGetSizeInBytes
                0x0000000008001a50        0x8 ./Core/Src/tensorflow/lite/c/common.o
                0x0000000008001a50                TfLiteIntArrayGetSizeInBytes
 .text.TfLiteIntArrayEqual
                0x0000000008001a58       0x44 ./Core/Src/tensorflow/lite/c/common.o
                0x0000000008001a58                TfLiteIntArrayEqual
 .text._ZN6tflite17ConvertTensorTypeENS_10TensorTypeEP10TfLiteTypePNS_13ErrorReporterE
                0x0000000008001a9c       0xa0 ./Core/Src/tensorflow/lite/core/api/flatbuffer_conversions.o
                0x0000000008001a9c                tflite::ConvertTensorType(tflite::TensorType, TfLiteType*, tflite::ErrorReporter*)
 .text._ZN6tflite8ParseAddEPKNS_8OperatorEPNS_13ErrorReporterEPNS_20BuiltinDataAllocatorEPPv
                0x0000000008001b3c       0x98 ./Core/Src/tensorflow/lite/core/api/flatbuffer_conversions.o
                0x0000000008001b3c                tflite::ParseAdd(tflite::Operator const*, tflite::ErrorReporter*, tflite::BuiltinDataAllocator*, void**)
 .text._ZN6tflite11ParseConv2DEPKNS_8OperatorEPNS_13ErrorReporterEPNS_20BuiltinDataAllocatorEPPv
                0x0000000008001bd4       0xec ./Core/Src/tensorflow/lite/core/api/flatbuffer_conversions.o
                0x0000000008001bd4                tflite::ParseConv2D(tflite::Operator const*, tflite::ErrorReporter*, tflite::BuiltinDataAllocator*, void**)
 .text._ZN6tflite20ParseDepthwiseConv2DEPKNS_8OperatorEPNS_13ErrorReporterEPNS_20BuiltinDataAllocatorEPPv
                0x0000000008001cc0      0x100 ./Core/Src/tensorflow/lite/core/api/flatbuffer_conversions.o
                0x0000000008001cc0                tflite::ParseDepthwiseConv2D(tflite::Operator const*, tflite::ErrorReporter*, tflite::BuiltinDataAllocator*, void**)
 .text._ZN6tflite8ParsePadEPKNS_8OperatorEPNS_13ErrorReporterEPNS_20BuiltinDataAllocatorEPPv
                0x0000000008001dc0        0x4 ./Core/Src/tensorflow/lite/core/api/flatbuffer_conversions.o
                0x0000000008001dc0                tflite::ParsePad(tflite::Operator const*, tflite::ErrorReporter*, tflite::BuiltinDataAllocator*, void**)
 .text._ZN6tflite9ParsePoolEPKNS_8OperatorEPNS_13ErrorReporterEPNS_20BuiltinDataAllocatorEPPv
                0x0000000008001dc4       0xe4 ./Core/Src/tensorflow/lite/core/api/flatbuffer_conversions.o
                0x0000000008001dc4                tflite::ParsePool(tflite::Operator const*, tflite::ErrorReporter*, tflite::BuiltinDataAllocator*, void**)
 .text._ZN6tflite10ParseRelu6EPKNS_8OperatorEPNS_13ErrorReporterEPNS_20BuiltinDataAllocatorEPPv
                0x0000000008001ea8        0x4 ./Core/Src/tensorflow/lite/core/api/flatbuffer_conversions.o
                0x0000000008001ea8                tflite::ParseRelu6(tflite::Operator const*, tflite::ErrorReporter*, tflite::BuiltinDataAllocator*, void**)
 .text._ZN6tflite12ParseReshapeEPKNS_8OperatorEPNS_13ErrorReporterEPNS_20BuiltinDataAllocatorEPPv
                0x0000000008001eac       0xc8 ./Core/Src/tensorflow/lite/core/api/flatbuffer_conversions.o
                0x0000000008001eac                tflite::ParseReshape(tflite::Operator const*, tflite::ErrorReporter*, tflite::BuiltinDataAllocator*, void**)
 .text._ZN6tflite25GetRegistrationFromOpCodeEPKNS_12OperatorCodeERKNS_10OpResolverEPNS_13ErrorReporterEPPK18TfLiteRegistration
                0x0000000008001f74       0x6c ./Core/Src/tensorflow/lite/core/api/op_resolver.o
                0x0000000008001f74                tflite::GetRegistrationFromOpCode(tflite::OperatorCode const*, tflite::OpResolver const&, tflite::ErrorReporter*, TfLiteRegistration const**)
 .text._ZN6tflite18QuantizeMultiplierEdPlPi
                0x0000000008001fe0       0x84 ./Core/Src/tensorflow/lite/kernels/internal/quantization_util.o
                0x0000000008001fe0                tflite::QuantizeMultiplier(double, long*, int*)
 .text._ZN6tflite35QuantizeMultiplierSmallerThanOneExpEdPlPi
                0x0000000008002064       0x98 ./Core/Src/tensorflow/lite/kernels/internal/quantization_util.o
                0x0000000008002064                tflite::QuantizeMultiplierSmallerThanOneExp(double, long*, int*)
 .text._ZN6tflite8GetInputEPK13TfLiteContextPK10TfLiteNodei
                0x00000000080020fc       0x38 ./Core/Src/tensorflow/lite/kernels/kernel_util.o
                0x00000000080020fc                tflite::GetInput(TfLiteContext const*, TfLiteNode const*, int)
 .text._ZN6tflite9GetOutputEP13TfLiteContextPK10TfLiteNodei
                0x0000000008002134       0x38 ./Core/Src/tensorflow/lite/kernels/kernel_util.o
                0x0000000008002134                tflite::GetOutput(TfLiteContext*, TfLiteNode const*, int)
 .text._ZN6tflite22GetOptionalInputTensorEPK13TfLiteContextPK10TfLiteNodei
                0x000000000800216c       0x38 ./Core/Src/tensorflow/lite/kernels/kernel_util.o
                0x000000000800216c                tflite::GetOptionalInputTensor(TfLiteContext const*, TfLiteNode const*, int)
 .text._ZN6tflite33CalculateActivationRangeQuantizedEP13TfLiteContext21TfLiteFusedActivationP12TfLiteTensorPlS5_
                0x00000000080021a4       0xf8 ./Core/Src/tensorflow/lite/kernels/kernel_util.o
                0x00000000080021a4                tflite::CalculateActivationRangeQuantized(TfLiteContext*, TfLiteFusedActivation, TfLiteTensor*, long*, long*)
 *fill*         0x000000000800229c        0x4 
 .text._ZN6tflite37PopulateConvolutionQuantizationParamsEP13TfLiteContextPK12TfLiteTensorS4_S4_PS2_RK21TfLiteFusedActivationPlPiS9_S9_S9_SA_i
                0x00000000080022a0      0x284 ./Core/Src/tensorflow/lite/kernels/kernel_util.o
                0x00000000080022a0                tflite::PopulateConvolutionQuantizationParams(TfLiteContext*, TfLiteTensor const*, TfLiteTensor const*, TfLiteTensor const*, TfLiteTensor*, TfLiteFusedActivation const&, long*, int*, long*, long*, long*, int*, int)
 .text._ZN6tflite14HaveSameShapesEPK12TfLiteTensorS2_
                0x0000000008002524       0x14 ./Core/Src/tensorflow/lite/kernels/kernel_util.o
                0x0000000008002524                tflite::HaveSameShapes(TfLiteTensor const*, TfLiteTensor const*)
 .text._ZNK6tflite10OpResolver12GetDelegatesEi
                0x0000000008002538        0xc ./Core/Src/tensorflow/lite/micro/all_ops_resolver.o
                0x0000000008002538                tflite::OpResolver::GetDelegates(int) const
 .text._ZNK6tflite22MicroMutableOpResolverILj128EE6FindOpENS_15BuiltinOperatorE
                0x0000000008002544       0x3c ./Core/Src/tensorflow/lite/micro/all_ops_resolver.o
                0x0000000008002544                tflite::MicroMutableOpResolver<128u>::FindOp(tflite::BuiltinOperator) const
 .text._ZNK6tflite22MicroMutableOpResolverILj128EE6FindOpEPKc
                0x0000000008002580       0x44 ./Core/Src/tensorflow/lite/micro/all_ops_resolver.o
                0x0000000008002580                tflite::MicroMutableOpResolver<128u>::FindOp(char const*) const
 .text._ZNK6tflite15MicroOpResolver6FindOpENS_15BuiltinOperatorEi
                0x00000000080025c4       0x4c ./Core/Src/tensorflow/lite/micro/all_ops_resolver.o
                0x00000000080025c4                tflite::MicroOpResolver::FindOp(tflite::BuiltinOperator, int) const
 .text._ZNK6tflite15MicroOpResolver6FindOpEPKci
                0x0000000008002610       0x54 ./Core/Src/tensorflow/lite/micro/all_ops_resolver.o
                0x0000000008002610                tflite::MicroOpResolver::FindOp(char const*, int) const
 .text._ZN6tflite14AlignPointerUpEPhj
                0x0000000008002664       0x10 ./Core/Src/tensorflow/lite/micro/memory_helpers.o
                0x0000000008002664                tflite::AlignPointerUp(unsigned char*, unsigned int)
 .text._ZN6tflite16AlignPointerDownEPhj
                0x0000000008002674        0xc ./Core/Src/tensorflow/lite/micro/memory_helpers.o
                0x0000000008002674                tflite::AlignPointerDown(unsigned char*, unsigned int)
 .text._ZN6tflite11AlignSizeUpEjj
                0x0000000008002680       0x10 ./Core/Src/tensorflow/lite/micro/memory_helpers.o
                0x0000000008002680                tflite::AlignSizeUp(unsigned int, unsigned int)
 .text._ZN6tflite16TfLiteTypeSizeOfE10TfLiteTypePj
                0x0000000008002690       0x48 ./Core/Src/tensorflow/lite/micro/memory_helpers.o
                0x0000000008002690                tflite::TfLiteTypeSizeOf(TfLiteType, unsigned int*)
 .text._ZN6tflite22BytesRequiredForTensorERKNS_6TensorEPjS3_PNS_13ErrorReporterE
                0x00000000080026d8       0x88 ./Core/Src/tensorflow/lite/micro/memory_helpers.o
                0x00000000080026d8                tflite::BytesRequiredForTensor(tflite::Tensor const&, unsigned int*, unsigned int*, tflite::ErrorReporter*)
 .text._ZN6tflite26TfLiteEvalTensorByteLengthEPK16TfLiteEvalTensorPj
                0x0000000008002760       0x64 ./Core/Src/tensorflow/lite/micro/memory_helpers.o
                0x0000000008002760                tflite::TfLiteEvalTensorByteLength(TfLiteEvalTensor const*, unsigned int*)
 .text._ZN6tflite12_GLOBAL__N_125MicroBuiltinDataAllocator8AllocateEjj
                0x00000000080027c4        0x8 ./Core/Src/tensorflow/lite/micro/micro_allocator.o
 .text._ZN6tflite12_GLOBAL__N_125MicroBuiltinDataAllocator10DeallocateEPv
                0x00000000080027cc        0x4 ./Core/Src/tensorflow/lite/micro/micro_allocator.o
 .text._ZN6tflite14MicroAllocatorD2Ev
                0x00000000080027d0        0x4 ./Core/Src/tensorflow/lite/micro/micro_allocator.o
                0x00000000080027d0                tflite::MicroAllocator::~MicroAllocator()
                0x00000000080027d0                tflite::MicroAllocator::~MicroAllocator()
 .text._ZN6tflite14MicroAllocator24AllocatePersistentBufferEj
                0x00000000080027d4        0xc ./Core/Src/tensorflow/lite/micro/micro_allocator.o
                0x00000000080027d4                tflite::MicroAllocator::AllocatePersistentBuffer(unsigned int)
 .text._ZN6tflite14MicroAllocator20ResetTempAllocationsEv
                0x00000000080027e0        0x8 ./Core/Src/tensorflow/lite/micro/micro_allocator.o
                0x00000000080027e0                tflite::MicroAllocator::ResetTempAllocations()
 .text._ZN6tflite14MicroAllocator38AllocatePersistentTfLiteTensorInternalEPKNS_5ModelEP16TfLiteEvalTensori
                0x00000000080027e8        0xc ./Core/Src/tensorflow/lite/micro/micro_allocator.o
                0x00000000080027e8                tflite::MicroAllocator::AllocatePersistentTfLiteTensorInternal(tflite::Model const*, TfLiteEvalTensor*, int)
 .text._ZN6tflite12_GLOBAL__N_125MicroBuiltinDataAllocatorD2Ev
                0x00000000080027f4        0x4 ./Core/Src/tensorflow/lite/micro/micro_allocator.o
 .text._ZN6tflite14MicroAllocatorD0Ev
                0x00000000080027f8       0x10 ./Core/Src/tensorflow/lite/micro/micro_allocator.o
                0x00000000080027f8                tflite::MicroAllocator::~MicroAllocator()
 .text._ZN6tflite12_GLOBAL__N_125MicroBuiltinDataAllocatorD0Ev
                0x0000000008002808       0x10 ./Core/Src/tensorflow/lite/micro/micro_allocator.o
 .text._ZN6tflite14MicroAllocator28AllocateScratchBufferHandlesEPPNS_19ScratchBufferHandleEj
                0x0000000008002818       0x20 ./Core/Src/tensorflow/lite/micro/micro_allocator.o
                0x0000000008002818                tflite::MicroAllocator::AllocateScratchBufferHandles(tflite::ScratchBufferHandle**, unsigned int)
 .text._ZN6tflite14MicroAllocator17AllocateVariablesEPKNS_8SubGraphEP16TfLiteEvalTensor
                0x0000000008002838       0x98 ./Core/Src/tensorflow/lite/micro/micro_allocator.o
                0x0000000008002838                tflite::MicroAllocator::AllocateVariables(tflite::SubGraph const*, TfLiteEvalTensor*)
 .text._ZN6tflite14MicroAllocator28AllocateNodeAndRegistrationsEPKNS_5ModelEPPNS_19NodeAndRegistrationE
                0x00000000080028d0       0x60 ./Core/Src/tensorflow/lite/micro/micro_allocator.o
                0x00000000080028d0                tflite::MicroAllocator::AllocateNodeAndRegistrations(tflite::Model const*, tflite::NodeAndRegistration**)
 .text._ZN6tflite14MicroAllocator44PrepareNodeAndRegistrationDataFromFlatbufferEPKNS_5ModelERKNS_15MicroOpResolverEPNS_19NodeAndRegistrationE
                0x0000000008002930      0x1b4 ./Core/Src/tensorflow/lite/micro/micro_allocator.o
                0x0000000008002930                tflite::MicroAllocator::PrepareNodeAndRegistrationDataFromFlatbuffer(tflite::Model const*, tflite::MicroOpResolver const&, tflite::NodeAndRegistration*)
 .text._ZN6tflite8internal25GetFlatbufferTensorBufferERKNS_6TensorEPKN11flatbuffers6VectorINS4_6OffsetINS_6BufferEEEEE
                0x0000000008002ae4       0x68 ./Core/Src/tensorflow/lite/micro/micro_allocator.o
                0x0000000008002ae4                tflite::internal::GetFlatbufferTensorBuffer(tflite::Tensor const&, flatbuffers::Vector<flatbuffers::Offset<tflite::Buffer> > const*)
 .text._ZN6tflite14MicroAllocator25AllocateTfLiteEvalTensorsEPKNS_5ModelEPP16TfLiteEvalTensor
                0x0000000008002b4c      0x1a0 ./Core/Src/tensorflow/lite/micro/micro_allocator.o
                0x0000000008002b4c                tflite::MicroAllocator::AllocateTfLiteEvalTensors(tflite::Model const*, TfLiteEvalTensor**)
 .text._ZN6tflite14MicroAllocator34PopulateTfLiteTensorFromFlatbufferEPKNS_5ModelEPKNS_8SubGraphEP12TfLiteTensorib
                0x0000000008002cec      0x29c ./Core/Src/tensorflow/lite/micro/micro_allocator.o
                0x0000000008002cec                tflite::MicroAllocator::PopulateTfLiteTensorFromFlatbuffer(tflite::Model const*, tflite::SubGraph const*, TfLiteTensor*, int, bool)
 .text._ZN6tflite8internal36InitializeTfLiteTensorFromFlatbufferEPNS_21SimpleMemoryAllocatorEbRKNS_6TensorEPKN11flatbuffers6VectorINS6_6OffsetINS_6BufferEEEEEPNS_13ErrorReporterEP12TfLiteTensor
                0x0000000008002f88      0x23c ./Core/Src/tensorflow/lite/micro/micro_allocator.o
                0x0000000008002f88                tflite::internal::InitializeTfLiteTensorFromFlatbuffer(tflite::SimpleMemoryAllocator*, bool, tflite::Tensor const&, flatbuffers::Vector<flatbuffers::Offset<tflite::Buffer> > const*, tflite::ErrorReporter*, TfLiteTensor*)
 .text._ZN6tflite14MicroAllocator30AllocatePersistentTfLiteTensorEPKNS_5ModelEP16TfLiteEvalTensori
                0x00000000080031c4      0x128 ./Core/Src/tensorflow/lite/micro/micro_allocator.o
                0x00000000080031c4                tflite::MicroAllocator::AllocatePersistentTfLiteTensor(tflite::Model const*, TfLiteEvalTensor*, int)
 .text._ZN6tflite14MicroAllocator24AllocateTempTfLiteTensorEPKNS_5ModelEP16TfLiteEvalTensori
                0x00000000080032ec      0x100 ./Core/Src/tensorflow/lite/micro/micro_allocator.o
                0x00000000080032ec                tflite::MicroAllocator::AllocateTempTfLiteTensor(tflite::Model const*, TfLiteEvalTensor*, int)
 .text._ZN6tflite14MicroAllocator6CreateEPhjPNS_13ErrorReporterE
                0x00000000080033ec       0x44 ./Core/Src/tensorflow/lite/micro/micro_allocator.o
                0x00000000080033ec                tflite::MicroAllocator::Create(unsigned char*, unsigned int, tflite::ErrorReporter*)
 .text._ZN6tflite14MicroAllocator20StartModelAllocationEPKNS_5ModelERKNS_15MicroOpResolverEPPNS_19NodeAndRegistrationEPP16TfLiteEvalTensor
                0x0000000008003430       0x64 ./Core/Src/tensorflow/lite/micro/micro_allocator.o
                0x0000000008003430                tflite::MicroAllocator::StartModelAllocation(tflite::Model const*, tflite::MicroOpResolver const&, tflite::NodeAndRegistration**, TfLiteEvalTensor**)
 .text._ZN6tflite14MicroAllocator21FinishModelAllocationEPKNS_5ModelEP16TfLiteEvalTensorPPNS_19ScratchBufferHandleE
                0x0000000008003494       0xb4 ./Core/Src/tensorflow/lite/micro/micro_allocator.o
                0x0000000008003494                tflite::MicroAllocator::FinishModelAllocation(tflite::Model const*, TfLiteEvalTensor*, tflite::ScratchBufferHandle**)
 .text._ZN6tflite14MicroAllocator27RequestScratchBufferInArenaEjPi
                0x0000000008003548       0x5c ./Core/Src/tensorflow/lite/micro/micro_allocator.o
                0x0000000008003548                tflite::MicroAllocator::RequestScratchBufferInArena(unsigned int, int*)
 .text._ZN6tflite14MicroAllocator28FinishPrepareNodeAllocationsEi
                0x00000000080035a4       0x5c ./Core/Src/tensorflow/lite/micro/micro_allocator.o
                0x00000000080035a4                tflite::MicroAllocator::FinishPrepareNodeAllocations(int)
 .text._ZNK6tflite14MicroAllocator10used_bytesEv
                0x0000000008003600        0x8 ./Core/Src/tensorflow/lite/micro/micro_allocator.o
                0x0000000008003600                tflite::MicroAllocator::used_bytes() const
 .text._ZN6tflite14MicroAllocator22CommitStaticMemoryPlanEPKNS_5ModelEPKNS_8SubGraphEP16TfLiteEvalTensorPNS_19ScratchBufferHandleE
                0x0000000008003608      0x57c ./Core/Src/tensorflow/lite/micro/micro_allocator.o
                0x0000000008003608                tflite::MicroAllocator::CommitStaticMemoryPlan(tflite::Model const*, tflite::SubGraph const*, TfLiteEvalTensor*, tflite::ScratchBufferHandle*)
 .text._ZN6tflite18MicroErrorReporterD2Ev
                0x0000000008003b84        0x4 ./Core/Src/tensorflow/lite/micro/micro_error_reporter.o
                0x0000000008003b84                tflite::MicroErrorReporter::~MicroErrorReporter()
                0x0000000008003b84                tflite::MicroErrorReporter::~MicroErrorReporter()
 .text._ZN6tflite18MicroErrorReporter6ReportEPKcSt9__va_list
                0x0000000008003b88        0x4 ./Core/Src/tensorflow/lite/micro/micro_error_reporter.o
                0x0000000008003b88                tflite::MicroErrorReporter::Report(char const*, std::__va_list)
 .text._ZN6tflite18MicroErrorReporterD0Ev
                0x0000000008003b8c       0x10 ./Core/Src/tensorflow/lite/micro/micro_error_reporter.o
                0x0000000008003b8c                tflite::MicroErrorReporter::~MicroErrorReporter()
 .text._ZN6tflite8internal13ContextHelper24AllocatePersistentBufferEP13TfLiteContextj
                0x0000000008003b9c        0xc ./Core/Src/tensorflow/lite/micro/micro_interpreter.o
                0x0000000008003b9c                tflite::internal::ContextHelper::AllocatePersistentBuffer(TfLiteContext*, unsigned int)
 .text._ZN6tflite8internal13ContextHelper16GetScratchBufferEP13TfLiteContexti
                0x0000000008003ba8        0xc ./Core/Src/tensorflow/lite/micro/micro_interpreter.o
                0x0000000008003ba8                tflite::internal::ContextHelper::GetScratchBuffer(TfLiteContext*, int)
 .text._ZN6tflite8internal13ContextHelper13ReportOpErrorEP13TfLiteContextPKcz
                0x0000000008003bb4        0x8 ./Core/Src/tensorflow/lite/micro/micro_interpreter.o
                0x0000000008003bb4                tflite::internal::ContextHelper::ReportOpError(TfLiteContext*, char const*, ...)
 .text._ZN6tflite8internal13ContextHelper9GetTensorEPK13TfLiteContexti
                0x0000000008003bbc       0x18 ./Core/Src/tensorflow/lite/micro/micro_interpreter.o
                0x0000000008003bbc                tflite::internal::ContextHelper::GetTensor(TfLiteContext const*, int)
 .text._ZN6tflite8internal13ContextHelper13GetEvalTensorEPK13TfLiteContexti
                0x0000000008003bd4       0x10 ./Core/Src/tensorflow/lite/micro/micro_interpreter.o
                0x0000000008003bd4                tflite::internal::ContextHelper::GetEvalTensor(TfLiteContext const*, int)
 .text._ZN6tflite8internal13ContextHelper27RequestScratchBufferInArenaEP13TfLiteContextjPi
                0x0000000008003be4        0x8 ./Core/Src/tensorflow/lite/micro/micro_interpreter.o
                0x0000000008003be4                tflite::internal::ContextHelper::RequestScratchBufferInArena(TfLiteContext*, unsigned int, int*)
 .text._ZN6tflite16MicroInterpreterC2EPKNS_5ModelERKNS_15MicroOpResolverEPhjPNS_13ErrorReporterEPNS_13MicroProfilerE
                0x0000000008003bec       0xa8 ./Core/Src/tensorflow/lite/micro/micro_interpreter.o
                0x0000000008003bec                tflite::MicroInterpreter::MicroInterpreter(tflite::Model const*, tflite::MicroOpResolver const&, unsigned char*, unsigned int, tflite::ErrorReporter*, tflite::MicroProfiler*)
                0x0000000008003bec                tflite::MicroInterpreter::MicroInterpreter(tflite::Model const*, tflite::MicroOpResolver const&, unsigned char*, unsigned int, tflite::ErrorReporter*, tflite::MicroProfiler*)
 .text._ZN6tflite16MicroInterpreterD2Ev
                0x0000000008003c94       0x58 ./Core/Src/tensorflow/lite/micro/micro_interpreter.o
                0x0000000008003c94                tflite::MicroInterpreter::~MicroInterpreter()
                0x0000000008003c94                tflite::MicroInterpreter::~MicroInterpreter()
 .text._ZN6tflite16MicroInterpreter5inputEj
                0x0000000008003cec       0x34 ./Core/Src/tensorflow/lite/micro/micro_interpreter.o
                0x0000000008003cec                tflite::MicroInterpreter::input(unsigned int)
 .text._ZN6tflite16MicroInterpreter6outputEj
                0x0000000008003d20       0x34 ./Core/Src/tensorflow/lite/micro/micro_interpreter.o
                0x0000000008003d20                tflite::MicroInterpreter::output(unsigned int)
 .text._ZN6tflite16MicroInterpreter20ResetVariableTensorsEv
                0x0000000008003d54       0xfc ./Core/Src/tensorflow/lite/micro/micro_interpreter.o
                0x0000000008003d54                tflite::MicroInterpreter::ResetVariableTensors()
 .text._ZN6tflite16MicroInterpreter15AllocateTensorsEv.part.0
                0x0000000008003e50      0x210 ./Core/Src/tensorflow/lite/micro/micro_interpreter.o
 .text._ZN6tflite16MicroInterpreter15AllocateTensorsEv
                0x0000000008004060       0x30 ./Core/Src/tensorflow/lite/micro/micro_interpreter.o
                0x0000000008004060                tflite::MicroInterpreter::AllocateTensors()
 .text._ZN6tflite16MicroInterpreter6InvokeEv
                0x0000000008004090       0xec ./Core/Src/tensorflow/lite/micro/micro_interpreter.o
                0x0000000008004090                tflite::MicroInterpreter::Invoke()
 .text._ZN6tflite12ElementCountERK14TfLiteIntArray
                0x000000000800417c       0x2c ./Core/Src/tensorflow/lite/micro/micro_utils.o
                0x000000000800417c                tflite::ElementCount(TfLiteIntArray const&)
 .text._ZN6tflite21SimpleMemoryAllocatorD2Ev
                0x00000000080041a8        0x4 ./Core/Src/tensorflow/lite/micro/simple_memory_allocator.o
                0x00000000080041a8                tflite::SimpleMemoryAllocator::~SimpleMemoryAllocator()
                0x00000000080041a8                tflite::SimpleMemoryAllocator::~SimpleMemoryAllocator()
 .text._ZN6tflite21SimpleMemoryAllocator20ResetTempAllocationsEv
                0x00000000080041ac        0x8 ./Core/Src/tensorflow/lite/micro/simple_memory_allocator.o
                0x00000000080041ac                tflite::SimpleMemoryAllocator::ResetTempAllocations()
 .text._ZN6tflite21SimpleMemoryAllocatorD0Ev
                0x00000000080041b4       0x10 ./Core/Src/tensorflow/lite/micro/simple_memory_allocator.o
                0x00000000080041b4                tflite::SimpleMemoryAllocator::~SimpleMemoryAllocator()
 .text._ZN6tflite21SimpleMemoryAllocator12AllocateTempEjj
                0x00000000080041c4       0x20 ./Core/Src/tensorflow/lite/micro/simple_memory_allocator.o
                0x00000000080041c4                tflite::SimpleMemoryAllocator::AllocateTemp(unsigned int, unsigned int)
 .text._ZN6tflite21SimpleMemoryAllocator16AllocateFromTailEjj
                0x00000000080041e4       0x1c ./Core/Src/tensorflow/lite/micro/simple_memory_allocator.o
                0x00000000080041e4                tflite::SimpleMemoryAllocator::AllocateFromTail(unsigned int, unsigned int)
 .text._ZN6tflite21SimpleMemoryAllocator17SetHeadBufferSizeEjj
                0x0000000008004200       0x2c ./Core/Src/tensorflow/lite/micro/simple_memory_allocator.o
                0x0000000008004200                tflite::SimpleMemoryAllocator::SetHeadBufferSize(unsigned int, unsigned int)
 .text._ZN6tflite21SimpleMemoryAllocator6CreateEPNS_13ErrorReporterEPhj
                0x000000000800422c       0x38 ./Core/Src/tensorflow/lite/micro/simple_memory_allocator.o
                0x000000000800422c                tflite::SimpleMemoryAllocator::Create(tflite::ErrorReporter*, unsigned char*, unsigned int)
 .text._ZNK6tflite21SimpleMemoryAllocator13GetHeadBufferEv
                0x0000000008004264        0x4 ./Core/Src/tensorflow/lite/micro/simple_memory_allocator.o
                0x0000000008004264                tflite::SimpleMemoryAllocator::GetHeadBuffer() const
 .text._ZNK6tflite21SimpleMemoryAllocator18GetAvailableMemoryEj
                0x0000000008004268       0x1c ./Core/Src/tensorflow/lite/micro/simple_memory_allocator.o
                0x0000000008004268                tflite::SimpleMemoryAllocator::GetAvailableMemory(unsigned int) const
 .text._ZNK6tflite21SimpleMemoryAllocator12GetUsedBytesEv
                0x0000000008004284       0x18 ./Core/Src/tensorflow/lite/micro/simple_memory_allocator.o
                0x0000000008004284                tflite::SimpleMemoryAllocator::GetUsedBytes() const
 .text._ZN6tflite16InitializeTargetEv
                0x000000000800429c        0x4 ./Core/Src/tensorflow/lite/micro/system_setup.o
                0x000000000800429c                tflite::InitializeTarget()
 .text.__tcf_0  0x00000000080042a0        0x4 ./Core/Src/tensorflow/lite/micro/examples/hello_world/main_functions.o
 .text._ZNK6tflite22MicroMutableOpResolverILj13EE6FindOpENS_15BuiltinOperatorE
                0x00000000080042a4       0xdc ./Core/Src/tensorflow/lite/micro/examples/hello_world/main_functions.o
                0x00000000080042a4                tflite::MicroMutableOpResolver<13u>::FindOp(tflite::BuiltinOperator) const
 .text._ZN6tflite22MicroMutableOpResolverILj13EED2Ev
                0x0000000008004380        0x4 ./Core/Src/tensorflow/lite/micro/examples/hello_world/main_functions.o
                0x0000000008004380                tflite::MicroMutableOpResolver<13u>::~MicroMutableOpResolver()
                0x0000000008004380                tflite::MicroMutableOpResolver<13u>::~MicroMutableOpResolver()
 .text.__tcf_2  0x0000000008004384        0xc ./Core/Src/tensorflow/lite/micro/examples/hello_world/main_functions.o
 .text._ZNK6tflite22MicroMutableOpResolverILj13EE15GetOpDataParserENS_15BuiltinOperatorE
                0x0000000008004390       0xe8 ./Core/Src/tensorflow/lite/micro/examples/hello_world/main_functions.o
                0x0000000008004390                tflite::MicroMutableOpResolver<13u>::GetOpDataParser(tflite::BuiltinOperator) const
 .text._ZNK6tflite22MicroMutableOpResolverILj13EE6FindOpEPKc
                0x0000000008004478      0x188 ./Core/Src/tensorflow/lite/micro/examples/hello_world/main_functions.o
                0x0000000008004478                tflite::MicroMutableOpResolver<13u>::FindOp(char const*) const
 .text._ZN6tflite22MicroMutableOpResolverILj13EED0Ev
                0x0000000008004600       0x10 ./Core/Src/tensorflow/lite/micro/examples/hello_world/main_functions.o
                0x0000000008004600                tflite::MicroMutableOpResolver<13u>::~MicroMutableOpResolver()
 .text.__tcf_1  0x0000000008004610        0x4 ./Core/Src/tensorflow/lite/micro/examples/hello_world/main_functions.o
 .text.setup    0x0000000008004614      0x81c ./Core/Src/tensorflow/lite/micro/examples/hello_world/main_functions.o
                0x0000000008004614                setup
 .text.loop     0x0000000008004e30       0xac ./Core/Src/tensorflow/lite/micro/examples/hello_world/main_functions.o
                0x0000000008004e30                loop
 .text._ZN6tflite3ops5micro11activations8ReluInitEP13TfLiteContextPKcj
                0x0000000008004edc       0x10 ./Core/Src/tensorflow/lite/micro/kernels/activations.o
                0x0000000008004edc                tflite::ops::micro::activations::ReluInit(TfLiteContext*, char const*, unsigned int)
 .text._ZN6tflite3ops5micro11activations9Relu6InitEP13TfLiteContextPKcj
                0x0000000008004eec       0x10 ./Core/Src/tensorflow/lite/micro/kernels/activations.o
                0x0000000008004eec                tflite::ops::micro::activations::Relu6Init(TfLiteContext*, char const*, unsigned int)
 .text._ZN6tflite3ops5micro11activations12Relu6PrepareEP13TfLiteContextP10TfLiteNode
                0x0000000008004efc       0xc8 ./Core/Src/tensorflow/lite/micro/kernels/activations.o
                0x0000000008004efc                tflite::ops::micro::activations::Relu6Prepare(TfLiteContext*, TfLiteNode*)
 .text._ZN6tflite3ops5micro11activations11ReluPrepareEP13TfLiteContextP10TfLiteNode
                0x0000000008004fc4      0x1fc ./Core/Src/tensorflow/lite/micro/kernels/activations.o
                0x0000000008004fc4                tflite::ops::micro::activations::ReluPrepare(TfLiteContext*, TfLiteNode*)
 .text._ZN6tflite3ops5micro11activations8ReluEvalEP13TfLiteContextP10TfLiteNode
                0x00000000080051c0      0x588 ./Core/Src/tensorflow/lite/micro/kernels/activations.o
                0x00000000080051c0                tflite::ops::micro::activations::ReluEval(TfLiteContext*, TfLiteNode*)
 .text._ZN6tflite3ops5micro11activations9Relu6EvalEP13TfLiteContextP10TfLiteNode
                0x0000000008005748      0x470 ./Core/Src/tensorflow/lite/micro/kernels/activations.o
                0x0000000008005748                tflite::ops::micro::activations::Relu6Eval(TfLiteContext*, TfLiteNode*)
 .text._ZN6tflite3ops5micro14Register_RELU6Ev
                0x0000000008005bb8       0x20 ./Core/Src/tensorflow/lite/micro/kernels/activations.o
                0x0000000008005bb8                tflite::ops::micro::Register_RELU6()
 .text._ZN6tflite15ConvParamsFloatERK16TfLiteConvParamsRKNS_10OpDataConvE
                0x0000000008005bd8       0x74 ./Core/Src/tensorflow/lite/micro/kernels/conv_common.o
                0x0000000008005bd8                tflite::ConvParamsFloat(TfLiteConvParams const&, tflite::OpDataConv const&)
 .text._ZN6tflite19ConvParamsQuantizedERK16TfLiteConvParamsRKNS_10OpDataConvE
                0x0000000008005c4c       0x50 ./Core/Src/tensorflow/lite/micro/kernels/conv_common.o
                0x0000000008005c4c                tflite::ConvParamsQuantized(TfLiteConvParams const&, tflite::OpDataConv const&)
 .text._ZN6tflite19CalculateOpDataConvEP13TfLiteContextP10TfLiteNodeRK16TfLiteConvParamsiiiiii10TfLiteTypePNS_10OpDataConvE
                0x0000000008005c9c      0x18c ./Core/Src/tensorflow/lite/micro/kernels/conv_common.o
                0x0000000008005c9c                tflite::CalculateOpDataConv(TfLiteContext*, TfLiteNode*, TfLiteConvParams const&, int, int, int, int, int, int, TfLiteType, tflite::OpDataConv*)
 .text._ZN6tflite24DepthwiseConvParamsFloatERK25TfLiteDepthwiseConvParamsRKNS_10OpDataConvE
                0x0000000008005e28       0x78 ./Core/Src/tensorflow/lite/micro/kernels/depthwise_conv_common.o
                0x0000000008005e28                tflite::DepthwiseConvParamsFloat(TfLiteDepthwiseConvParams const&, tflite::OpDataConv const&)
 .text._ZN6tflite28DepthwiseConvParamsQuantizedERK25TfLiteDepthwiseConvParamsRKNS_10OpDataConvE
                0x0000000008005ea0       0x54 ./Core/Src/tensorflow/lite/micro/kernels/depthwise_conv_common.o
                0x0000000008005ea0                tflite::DepthwiseConvParamsQuantized(TfLiteDepthwiseConvParams const&, tflite::OpDataConv const&)
 .text._ZN6tflite28CalculateOpDataDepthwiseConvEP13TfLiteContextP10TfLiteNodeRK25TfLiteDepthwiseConvParamsiiiiii10TfLiteTypePNS_10OpDataConvE
                0x0000000008005ef4      0x1a4 ./Core/Src/tensorflow/lite/micro/kernels/depthwise_conv_common.o
                0x0000000008005ef4                tflite::CalculateOpDataDepthwiseConv(TfLiteContext*, TfLiteNode*, TfLiteDepthwiseConvParams const&, int, int, int, int, int, int, TfLiteType, tflite::OpDataConv*)
 .text._ZN6tflite13reference_ops22ProcessBroadcastShapesERKNS_12RuntimeShapeES3_PNS_16ArithmeticParamsE
                0x0000000008006098      0xfa4 ./Core/Src/tensorflow/lite/micro/kernels/div.o
                0x0000000008006098                tflite::reference_ops::ProcessBroadcastShapes(tflite::RuntimeShape const&, tflite::RuntimeShape const&, tflite::ArithmeticParams*)
 .text._ZN6tflite5micro14GetTensorShapeEPK16TfLiteEvalTensor
                0x000000000800703c       0x58 ./Core/Src/tensorflow/lite/micro/kernels/kernel_util.o
                0x000000000800703c                tflite::micro::GetTensorShape(TfLiteEvalTensor const*)
 .text._ZN6tflite5micro18RuntimePaddingTypeE13TfLitePadding
                0x0000000008007094        0xc ./Core/Src/tensorflow/lite/micro/kernels/kernel_util.o
                0x0000000008007094                tflite::micro::RuntimePaddingType(TfLitePadding)
 .text._ZN6tflite3ops5micro3pad4InitEP13TfLiteContextPKcj
                0x00000000080070a0       0x10 ./Core/Src/tensorflow/lite/micro/kernels/pad.o
                0x00000000080070a0                tflite::ops::micro::pad::Init(TfLiteContext*, char const*, unsigned int)
 .text._ZN6tflite3ops5micro3pad7PrepareEP13TfLiteContextP10TfLiteNode
                0x00000000080070b0      0x300 ./Core/Src/tensorflow/lite/micro/kernels/pad.o
                0x00000000080070b0                tflite::ops::micro::pad::Prepare(TfLiteContext*, TfLiteNode*)
 .text._ZN6tflite3ops5micro12Register_PADEv
                0x00000000080073b0       0x20 ./Core/Src/tensorflow/lite/micro/kernels/pad.o
                0x00000000080073b0                tflite::ops::micro::Register_PAD()
 .text._ZN6tflite13reference_ops7PadImplIffEEvRKNS_9PadParamsERKNS_12RuntimeShapeEPKT_PKT0_S7_PS8_
                0x00000000080073d0      0x2bc ./Core/Src/tensorflow/lite/micro/kernels/pad.o
                0x00000000080073d0                void tflite::reference_ops::PadImpl<float, float>(tflite::PadParams const&, tflite::RuntimeShape const&, float const*, float const*, tflite::RuntimeShape const&, float*)
 .text._ZN6tflite13reference_ops7PadImplIhhEEvRKNS_9PadParamsERKNS_12RuntimeShapeEPKT_PKT0_S7_PS8_
                0x000000000800768c      0x300 ./Core/Src/tensorflow/lite/micro/kernels/pad.o
                0x000000000800768c                void tflite::reference_ops::PadImpl<unsigned char, unsigned char>(tflite::PadParams const&, tflite::RuntimeShape const&, unsigned char const*, unsigned char const*, tflite::RuntimeShape const&, unsigned char*)
 .text._ZN6tflite13reference_ops7PadImplIaaEEvRKNS_9PadParamsERKNS_12RuntimeShapeEPKT_PKT0_S7_PS8_
                0x000000000800798c      0x300 ./Core/Src/tensorflow/lite/micro/kernels/pad.o
                0x000000000800798c                void tflite::reference_ops::PadImpl<signed char, signed char>(tflite::PadParams const&, tflite::RuntimeShape const&, signed char const*, signed char const*, tflite::RuntimeShape const&, signed char*)
 .text._ZN6tflite3ops5micro3pad4EvalEP13TfLiteContextP10TfLiteNode
                0x0000000008007c8c      0x6ac ./Core/Src/tensorflow/lite/micro/kernels/pad.o
                0x0000000008007c8c                tflite::ops::micro::pad::Eval(TfLiteContext*, TfLiteNode*)
 .text._ZN6tflite3ops5micro7reshape4EvalEP13TfLiteContextP10TfLiteNode
                0x0000000008008338       0x78 ./Core/Src/tensorflow/lite/micro/kernels/reshape.o
                0x0000000008008338                tflite::ops::micro::reshape::Eval(TfLiteContext*, TfLiteNode*)
 .text._ZN6tflite3ops5micro7reshape13ReshapeOutputEP13TfLiteContextP10TfLiteNode
                0x00000000080083b0       0xd0 ./Core/Src/tensorflow/lite/micro/kernels/reshape.o
                0x00000000080083b0                tflite::ops::micro::reshape::ReshapeOutput(TfLiteContext*, TfLiteNode*)
 .text._ZN6tflite3ops5micro7reshape7PrepareEP13TfLiteContextP10TfLiteNode
                0x0000000008008480       0x28 ./Core/Src/tensorflow/lite/micro/kernels/reshape.o
                0x0000000008008480                tflite::ops::micro::reshape::Prepare(TfLiteContext*, TfLiteNode*)
 .text._ZN6tflite3ops5micro16Register_RESHAPEEv
                0x00000000080084a8       0x20 ./Core/Src/tensorflow/lite/micro/kernels/reshape.o
                0x00000000080084a8                tflite::ops::micro::Register_RESHAPE()
 .text._ZN6tflite3ops5micro3add4InitEP13TfLiteContextPKcj
                0x00000000080084c8       0x10 ./Core/Src/tensorflow/lite/micro/kernels/cmsis_nn/add.o
                0x00000000080084c8                tflite::ops::micro::add::Init(TfLiteContext*, char const*, unsigned int)
 .text._ZN6tflite3ops5micro3add15CalculateOpDataEP13TfLiteContextP15TfLiteAddParamsPK12TfLiteTensorS9_PS7_PNS2_6OpDataE
                0x00000000080084d8      0x180 ./Core/Src/tensorflow/lite/micro/kernels/cmsis_nn/add.o
                0x00000000080084d8                tflite::ops::micro::add::CalculateOpData(TfLiteContext*, TfLiteAddParams*, TfLiteTensor const*, TfLiteTensor const*, TfLiteTensor*, tflite::ops::micro::add::OpData*)
 .text._ZN6tflite3ops5micro3add7PrepareEP13TfLiteContextP10TfLiteNode
                0x0000000008008658       0x54 ./Core/Src/tensorflow/lite/micro/kernels/cmsis_nn/add.o
                0x0000000008008658                tflite::ops::micro::add::Prepare(TfLiteContext*, TfLiteNode*)
 .text._ZN6tflite3ops5micro3add7EvalAddEP13TfLiteContextP10TfLiteNodeP15TfLiteAddParamsPKNS2_6OpDataEPK16TfLiteEvalTensorSE_PSC_
                0x00000000080086ac      0x848 ./Core/Src/tensorflow/lite/micro/kernels/cmsis_nn/add.o
                0x00000000080086ac                tflite::ops::micro::add::EvalAdd(TfLiteContext*, TfLiteNode*, TfLiteAddParams*, tflite::ops::micro::add::OpData const*, TfLiteEvalTensor const*, TfLiteEvalTensor const*, TfLiteEvalTensor*)
 .text._ZN6tflite3ops5micro12Register_ADDEv
                0x0000000008008ef4       0x20 ./Core/Src/tensorflow/lite/micro/kernels/cmsis_nn/add.o
                0x0000000008008ef4                tflite::ops::micro::Register_ADD()
 .text._ZN6tflite13reference_ops18BroadcastAdd4DSlowIhEEvRKNS_16ArithmeticParamsERKNS_12RuntimeShapeEPKT_S7_SA_S7_PS8_
                0x0000000008008f14      0xc5c ./Core/Src/tensorflow/lite/micro/kernels/cmsis_nn/add.o
                0x0000000008008f14                void tflite::reference_ops::BroadcastAdd4DSlow<unsigned char>(tflite::ArithmeticParams const&, tflite::RuntimeShape const&, unsigned char const*, tflite::RuntimeShape const&, unsigned char const*, tflite::RuntimeShape const&, unsigned char*)
 .text._ZN6tflite3ops5micro3add16EvalAddQuantizedEP13TfLiteContextP10TfLiteNodeP15TfLiteAddParamsPKNS2_6OpDataEPK16TfLiteEvalTensorSE_PSC_.part.0
                0x0000000008009b70     0x1238 ./Core/Src/tensorflow/lite/micro/kernels/cmsis_nn/add.o
 .text._ZN6tflite3ops5micro3add4EvalEP13TfLiteContextP10TfLiteNode
                0x000000000800ada8       0x84 ./Core/Src/tensorflow/lite/micro/kernels/cmsis_nn/add.o
                0x000000000800ada8                tflite::ops::micro::add::Eval(TfLiteContext*, TfLiteNode*)
 .text._ZN6tflite12_GLOBAL__N_14InitEP13TfLiteContextPKcj
                0x000000000800ae2c       0x10 ./Core/Src/tensorflow/lite/micro/kernels/cmsis_nn/conv.o
 .text._ZN6tflite12_GLOBAL__N_17PrepareEP13TfLiteContextP10TfLiteNode
                0x000000000800ae3c      0x268 ./Core/Src/tensorflow/lite/micro/kernels/cmsis_nn/conv.o
 .text._ZN6tflite13reference_ops4ConvERKNS_10ConvParamsERKNS_12RuntimeShapeEPKfS6_S8_S6_S8_S6_PfS6_S9_
                0x000000000800b0a4      0x344 ./Core/Src/tensorflow/lite/micro/kernels/cmsis_nn/conv.o
                0x000000000800b0a4                tflite::reference_ops::Conv(tflite::ConvParams const&, tflite::RuntimeShape const&, float const*, tflite::RuntimeShape const&, float const*, tflite::RuntimeShape const&, float const*, tflite::RuntimeShape const&, float*, tflite::RuntimeShape const&, float*)
 .text._ZN6tflite21reference_integer_ops14ConvPerChannelERKNS_10ConvParamsEPKlS5_RKNS_12RuntimeShapeEPKaS8_SA_S8_S5_S8_Pa
                0x000000000800b3e8      0x3c0 ./Core/Src/tensorflow/lite/micro/kernels/cmsis_nn/conv.o
                0x000000000800b3e8                tflite::reference_integer_ops::ConvPerChannel(tflite::ConvParams const&, long const*, long const*, tflite::RuntimeShape const&, signed char const*, tflite::RuntimeShape const&, signed char const*, tflite::RuntimeShape const&, long const*, tflite::RuntimeShape const&, signed char*)
 .text._ZN6tflite12_GLOBAL__N_14EvalEP13TfLiteContextP10TfLiteNode
                0x000000000800b7a8      0x410 ./Core/Src/tensorflow/lite/micro/kernels/cmsis_nn/conv.o
 .text._ZN6tflite16Register_CONV_2DEv
                0x000000000800bbb8       0x20 ./Core/Src/tensorflow/lite/micro/kernels/cmsis_nn/conv.o
                0x000000000800bbb8                tflite::Register_CONV_2D()
 .text._ZN6tflite12_GLOBAL__N_14InitEP13TfLiteContextPKcj
                0x000000000800bbd8       0x10 ./Core/Src/tensorflow/lite/micro/kernels/cmsis_nn/depthwise_conv.o
 .text._ZN6tflite12_GLOBAL__N_17PrepareEP13TfLiteContextP10TfLiteNode
                0x000000000800bbe8      0x268 ./Core/Src/tensorflow/lite/micro/kernels/cmsis_nn/depthwise_conv.o
 .text._ZN6tflite13reference_ops13DepthwiseConvERKNS_15DepthwiseParamsERKNS_12RuntimeShapeEPKfS6_S8_S6_S8_S6_Pf
                0x000000000800be50      0x414 ./Core/Src/tensorflow/lite/micro/kernels/cmsis_nn/depthwise_conv.o
                0x000000000800be50                tflite::reference_ops::DepthwiseConv(tflite::DepthwiseParams const&, tflite::RuntimeShape const&, float const*, tflite::RuntimeShape const&, float const*, tflite::RuntimeShape const&, float const*, tflite::RuntimeShape const&, float*)
 .text._ZN6tflite21reference_integer_ops23DepthwiseConvPerChannelERKNS_15DepthwiseParamsEPKlS5_RKNS_12RuntimeShapeEPKaS8_SA_S8_S5_S8_Pa
                0x000000000800c264      0x41c ./Core/Src/tensorflow/lite/micro/kernels/cmsis_nn/depthwise_conv.o
                0x000000000800c264                tflite::reference_integer_ops::DepthwiseConvPerChannel(tflite::DepthwiseParams const&, long const*, long const*, tflite::RuntimeShape const&, signed char const*, tflite::RuntimeShape const&, signed char const*, tflite::RuntimeShape const&, long const*, tflite::RuntimeShape const&, signed char*)
 .text._ZN6tflite12_GLOBAL__N_14EvalEP13TfLiteContextP10TfLiteNode
                0x000000000800c680      0x47c ./Core/Src/tensorflow/lite/micro/kernels/cmsis_nn/depthwise_conv.o
 .text._ZN6tflite26Register_DEPTHWISE_CONV_2DEv
                0x000000000800cafc       0x20 ./Core/Src/tensorflow/lite/micro/kernels/cmsis_nn/depthwise_conv.o
                0x000000000800cafc                tflite::Register_DEPTHWISE_CONV_2D()
 .text._ZN6tflite3ops5micro7pooling4InitEP13TfLiteContextPKcj
                0x000000000800cb1c       0x10 ./Core/Src/tensorflow/lite/micro/kernels/cmsis_nn/pooling.o
                0x000000000800cb1c                tflite::ops::micro::pooling::Init(TfLiteContext*, char const*, unsigned int)
 .text._ZN6tflite3ops5micro7pooling10MaxPrepareEP13TfLiteContextP10TfLiteNode
                0x000000000800cb2c      0x140 ./Core/Src/tensorflow/lite/micro/kernels/cmsis_nn/pooling.o
                0x000000000800cb2c                tflite::ops::micro::pooling::MaxPrepare(TfLiteContext*, TfLiteNode*)
 .text._ZN6tflite3ops5micro7pooling7MaxEvalEP13TfLiteContextP10TfLiteNode
                0x000000000800cc6c      0x648 ./Core/Src/tensorflow/lite/micro/kernels/cmsis_nn/pooling.o
                0x000000000800cc6c                tflite::ops::micro::pooling::MaxEval(TfLiteContext*, TfLiteNode*)
 .text._ZN6tflite3ops5micro7pooling14AveragePrepareEP13TfLiteContextP10TfLiteNode
                0x000000000800d2b4      0x204 ./Core/Src/tensorflow/lite/micro/kernels/cmsis_nn/pooling.o
                0x000000000800d2b4                tflite::ops::micro::pooling::AveragePrepare(TfLiteContext*, TfLiteNode*)
 .text._ZN6tflite3ops5micro7pooling11AverageEvalEP13TfLiteContextP10TfLiteNode
                0x000000000800d4b8      0x670 ./Core/Src/tensorflow/lite/micro/kernels/cmsis_nn/pooling.o
                0x000000000800d4b8                tflite::ops::micro::pooling::AverageEval(TfLiteContext*, TfLiteNode*)
 .text._ZN6tflite3ops5micro24Register_AVERAGE_POOL_2DEv
                0x000000000800db28       0x20 ./Core/Src/tensorflow/lite/micro/kernels/cmsis_nn/pooling.o
                0x000000000800db28                tflite::ops::micro::Register_AVERAGE_POOL_2D()
 .text._ZN6tflite19GreedyMemoryPlannerD2Ev
                0x000000000800db48        0x4 ./Core/Src/tensorflow/lite/micro/memory_planner/greedy_memory_planner.o
                0x000000000800db48                tflite::GreedyMemoryPlanner::~GreedyMemoryPlanner()
                0x000000000800db48                tflite::GreedyMemoryPlanner::~GreedyMemoryPlanner()
 .text._ZN6tflite19GreedyMemoryPlanner9AddBufferEPNS_13ErrorReporterEiii
                0x000000000800db4c       0x3c ./Core/Src/tensorflow/lite/micro/memory_planner/greedy_memory_planner.o
                0x000000000800db4c                tflite::GreedyMemoryPlanner::AddBuffer(tflite::ErrorReporter*, int, int, int)
 .text._ZN6tflite19GreedyMemoryPlanner14GetBufferCountEv
                0x000000000800db88        0x4 ./Core/Src/tensorflow/lite/micro/memory_planner/greedy_memory_planner.o
                0x000000000800db88                tflite::GreedyMemoryPlanner::GetBufferCount()
 .text._ZN6tflite19GreedyMemoryPlannerD0Ev
                0x000000000800db8c       0x10 ./Core/Src/tensorflow/lite/micro/memory_planner/greedy_memory_planner.o
                0x000000000800db8c                tflite::GreedyMemoryPlanner::~GreedyMemoryPlanner()
 .text._ZN6tflite19GreedyMemoryPlannerC2EPhi
                0x000000000800db9c       0x44 ./Core/Src/tensorflow/lite/micro/memory_planner/greedy_memory_planner.o
                0x000000000800db9c                tflite::GreedyMemoryPlanner::GreedyMemoryPlanner(unsigned char*, int)
                0x000000000800db9c                tflite::GreedyMemoryPlanner::GreedyMemoryPlanner(unsigned char*, int)
 .text._ZN6tflite19GreedyMemoryPlanner9AddBufferEPNS_13ErrorReporterEiiii
                0x000000000800dbe0       0x64 ./Core/Src/tensorflow/lite/micro/memory_planner/greedy_memory_planner.o
                0x000000000800dbe0                tflite::GreedyMemoryPlanner::AddBuffer(tflite::ErrorReporter*, int, int, int, int)
 .text._ZN6tflite19GreedyMemoryPlanner24CalculateOffsetsIfNeededEv
                0x000000000800dc44      0x268 ./Core/Src/tensorflow/lite/micro/memory_planner/greedy_memory_planner.o
                0x000000000800dc44                tflite::GreedyMemoryPlanner::CalculateOffsetsIfNeeded()
 .text._ZN6tflite19GreedyMemoryPlanner20GetMaximumMemorySizeEv
                0x000000000800deac       0x48 ./Core/Src/tensorflow/lite/micro/memory_planner/greedy_memory_planner.o
                0x000000000800deac                tflite::GreedyMemoryPlanner::GetMaximumMemorySize()
 .text._ZN6tflite19GreedyMemoryPlanner18GetOffsetForBufferEPNS_13ErrorReporterEiPi
                0x000000000800def4       0x28 ./Core/Src/tensorflow/lite/micro/memory_planner/greedy_memory_planner.o
                0x000000000800def4                tflite::GreedyMemoryPlanner::GetOffsetForBuffer(tflite::ErrorReporter*, int, int*)
 .text.arm_elementwise_add_s8
                0x000000000800df1c      0x850 ./Core/Src/tensorflow/lite/micro/tools/make/downloads/cmsis/CMSIS/NN/Source/BasicMathFunctions/arm_elementwise_add_s8.o
                0x000000000800df1c                arm_elementwise_add_s8
 .text.arm_convolve_1_x_n_s8
                0x000000000800e76c       0x1c ./Core/Src/tensorflow/lite/micro/tools/make/downloads/cmsis/CMSIS/NN/Source/ConvolutionFunctions/arm_convolve_1_x_n_s8.o
                0x000000000800e76c                arm_convolve_1_x_n_s8
 .text.arm_convolve_1_x_n_s8_get_buffer_size
                0x000000000800e788       0x14 ./Core/Src/tensorflow/lite/micro/tools/make/downloads/cmsis/CMSIS/NN/Source/ConvolutionFunctions/arm_convolve_1_x_n_s8.o
                0x000000000800e788                arm_convolve_1_x_n_s8_get_buffer_size
 .text.arm_convolve_1x1_s8_fast
                0x000000000800e79c       0x78 ./Core/Src/tensorflow/lite/micro/tools/make/downloads/cmsis/CMSIS/NN/Source/ConvolutionFunctions/arm_convolve_1x1_s8_fast.o
                0x000000000800e79c                arm_convolve_1x1_s8_fast
 .text.arm_convolve_1x1_s8_fast_get_buffer_size
                0x000000000800e814        0x4 ./Core/Src/tensorflow/lite/micro/tools/make/downloads/cmsis/CMSIS/NN/Source/ConvolutionFunctions/arm_convolve_1x1_s8_fast.o
                0x000000000800e814                arm_convolve_1x1_s8_fast_get_buffer_size
 .text.arm_convolve_s8
                0x000000000800e818      0x3dc ./Core/Src/tensorflow/lite/micro/tools/make/downloads/cmsis/CMSIS/NN/Source/ConvolutionFunctions/arm_convolve_s8.o
                0x000000000800e818                arm_convolve_s8
 .text.arm_convolve_s8_get_buffer_size
                0x000000000800ebf4       0x14 ./Core/Src/tensorflow/lite/micro/tools/make/downloads/cmsis/CMSIS/NN/Source/ConvolutionFunctions/arm_convolve_s8.o
                0x000000000800ebf4                arm_convolve_s8_get_buffer_size
 .text.arm_convolve_wrapper_s8
                0x000000000800ec08       0xcc ./Core/Src/tensorflow/lite/micro/tools/make/downloads/cmsis/CMSIS/NN/Source/ConvolutionFunctions/arm_convolve_wrapper_s8.o
                0x000000000800ec08                arm_convolve_wrapper_s8
 .text.arm_convolve_wrapper_s8_get_buffer_size
                0x000000000800ecd4       0x64 ./Core/Src/tensorflow/lite/micro/tools/make/downloads/cmsis/CMSIS/NN/Source/ConvolutionFunctions/arm_convolve_wrapper_s8.o
                0x000000000800ecd4                arm_convolve_wrapper_s8_get_buffer_size
 .text.arm_depthwise_conv_3x3_s8
                0x000000000800ed38      0x92c ./Core/Src/tensorflow/lite/micro/tools/make/downloads/cmsis/CMSIS/NN/Source/ConvolutionFunctions/arm_depthwise_conv_3x3_s8.o
                0x000000000800ed38                arm_depthwise_conv_3x3_s8
 .text.arm_depthwise_conv_s8
                0x000000000800f664      0x680 ./Core/Src/tensorflow/lite/micro/tools/make/downloads/cmsis/CMSIS/NN/Source/ConvolutionFunctions/arm_depthwise_conv_s8.o
                0x000000000800f664                arm_depthwise_conv_s8
 .text.arm_depthwise_conv_s8_opt
                0x000000000800fce4      0x660 ./Core/Src/tensorflow/lite/micro/tools/make/downloads/cmsis/CMSIS/NN/Source/ConvolutionFunctions/arm_depthwise_conv_s8_opt.o
                0x000000000800fce4                arm_depthwise_conv_s8_opt
 .text.arm_depthwise_conv_s8_opt_get_buffer_size
                0x0000000008010344       0x14 ./Core/Src/tensorflow/lite/micro/tools/make/downloads/cmsis/CMSIS/NN/Source/ConvolutionFunctions/arm_depthwise_conv_s8_opt.o
                0x0000000008010344                arm_depthwise_conv_s8_opt_get_buffer_size
 .text.arm_depthwise_conv_wrapper_s8
                0x0000000008010358       0x78 ./Core/Src/tensorflow/lite/micro/tools/make/downloads/cmsis/CMSIS/NN/Source/ConvolutionFunctions/arm_depthwise_conv_wrapper_s8.o
                0x0000000008010358                arm_depthwise_conv_wrapper_s8
 .text.arm_depthwise_conv_wrapper_s8_get_buffer_size
                0x00000000080103d0       0x14 ./Core/Src/tensorflow/lite/micro/tools/make/downloads/cmsis/CMSIS/NN/Source/ConvolutionFunctions/arm_depthwise_conv_wrapper_s8.o
                0x00000000080103d0                arm_depthwise_conv_wrapper_s8_get_buffer_size
 .text.arm_nn_mat_mult_kernel_s8_s16
                0x00000000080103e4      0x548 ./Core/Src/tensorflow/lite/micro/tools/make/downloads/cmsis/CMSIS/NN/Source/ConvolutionFunctions/arm_nn_mat_mult_kernel_s8_s16.o
                0x00000000080103e4                arm_nn_mat_mult_kernel_s8_s16
 .text.arm_nn_mat_mult_nt_t_s8
                0x000000000801092c      0x9d8 ./Core/Src/tensorflow/lite/micro/tools/make/downloads/cmsis/CMSIS/NN/Source/NNSupportFunctions/arm_nn_mat_mult_nt_t_s8.o
                0x000000000801092c                arm_nn_mat_mult_nt_t_s8
 .text.arm_q7_to_q15_with_offset
                0x0000000008011304       0x70 ./Core/Src/tensorflow/lite/micro/tools/make/downloads/cmsis/CMSIS/NN/Source/NNSupportFunctions/arm_q7_to_q15_with_offset.o
                0x0000000008011304                arm_q7_to_q15_with_offset
 .text.arm_avgpool_s8
                0x0000000008011374      0x1fc ./Core/Src/tensorflow/lite/micro/tools/make/downloads/cmsis/CMSIS/NN/Source/PoolingFunctions/arm_avgpool_s8.o
                0x0000000008011374                arm_avgpool_s8
 .text.arm_avgpool_s8_get_buffer_size
                0x0000000008011570        0x4 ./Core/Src/tensorflow/lite/micro/tools/make/downloads/cmsis/CMSIS/NN/Source/PoolingFunctions/arm_avgpool_s8.o
                0x0000000008011570                arm_avgpool_s8_get_buffer_size
 .text.arm_max_pool_s8
                0x0000000008011574      0x330 ./Core/Src/tensorflow/lite/micro/tools/make/downloads/cmsis/CMSIS/NN/Source/PoolingFunctions/arm_max_pool_s8.o
                0x0000000008011574                arm_max_pool_s8
 .text._ZN6tflite14GetBuiltinCodeEPKNS_12OperatorCodeE
                0x00000000080118a4       0x34 ./Core/Src/tensorflow/lite/schema/schema_utils.o
                0x00000000080118a4                tflite::GetBuiltinCode(tflite::OperatorCode const*)
 .text.Reset_Handler
                0x00000000080118d8       0xa8 ./Core/Startup/startup_stm32f746nghx.o
                0x00000000080118d8                Reset_Handler
 .text.Default_Handler
                0x0000000008011980        0x2 ./Core/Startup/startup_stm32f746nghx.o
                0x0000000008011980                RTC_Alarm_IRQHandler
                0x0000000008011980                EXTI2_IRQHandler
                0x0000000008011980                TIM8_CC_IRQHandler
                0x0000000008011980                UART8_IRQHandler
                0x0000000008011980                SPI4_IRQHandler
                0x0000000008011980                TIM1_CC_IRQHandler
                0x0000000008011980                DMA2_Stream5_IRQHandler
                0x0000000008011980                DMA1_Stream5_IRQHandler
                0x0000000008011980                PVD_IRQHandler
                0x0000000008011980                TAMP_STAMP_IRQHandler
                0x0000000008011980                CAN2_RX1_IRQHandler
                0x0000000008011980                EXTI3_IRQHandler
                0x0000000008011980                TIM8_TRG_COM_TIM14_IRQHandler
                0x0000000008011980                TIM1_UP_TIM10_IRQHandler
                0x0000000008011980                TIM8_UP_TIM13_IRQHandler
                0x0000000008011980                I2C3_ER_IRQHandler
                0x0000000008011980                EXTI0_IRQHandler
                0x0000000008011980                I2C2_EV_IRQHandler
                0x0000000008011980                DMA1_Stream2_IRQHandler
                0x0000000008011980                CAN1_RX0_IRQHandler
                0x0000000008011980                FPU_IRQHandler
                0x0000000008011980                OTG_HS_WKUP_IRQHandler
                0x0000000008011980                LTDC_ER_IRQHandler
                0x0000000008011980                CAN2_SCE_IRQHandler
                0x0000000008011980                DMA2_Stream2_IRQHandler
                0x0000000008011980                SPI1_IRQHandler
                0x0000000008011980                TIM6_DAC_IRQHandler
                0x0000000008011980                TIM1_BRK_TIM9_IRQHandler
                0x0000000008011980                DCMI_IRQHandler
                0x0000000008011980                CAN2_RX0_IRQHandler
                0x0000000008011980                SAI2_IRQHandler
                0x0000000008011980                USART6_IRQHandler
                0x0000000008011980                USART3_IRQHandler
                0x0000000008011980                CAN1_RX1_IRQHandler
                0x0000000008011980                UART5_IRQHandler
                0x0000000008011980                TIM4_IRQHandler
                0x0000000008011980                QUADSPI_IRQHandler
                0x0000000008011980                I2C1_EV_IRQHandler
                0x0000000008011980                DMA1_Stream6_IRQHandler
                0x0000000008011980                DMA1_Stream1_IRQHandler
                0x0000000008011980                UART4_IRQHandler
                0x0000000008011980                TIM3_IRQHandler
                0x0000000008011980                RCC_IRQHandler
                0x0000000008011980                TIM8_BRK_TIM12_IRQHandler
                0x0000000008011980                Default_Handler
                0x0000000008011980                CEC_IRQHandler
                0x0000000008011980                EXTI15_10_IRQHandler
                0x0000000008011980                ADC_IRQHandler
                0x0000000008011980                DMA1_Stream7_IRQHandler
                0x0000000008011980                SPI5_IRQHandler
                0x0000000008011980                TIM7_IRQHandler
                0x0000000008011980                CAN2_TX_IRQHandler
                0x0000000008011980                TIM5_IRQHandler
                0x0000000008011980                DMA2_Stream7_IRQHandler
                0x0000000008011980                I2C3_EV_IRQHandler
                0x0000000008011980                EXTI9_5_IRQHandler
                0x0000000008011980                RTC_WKUP_IRQHandler
                0x0000000008011980                LTDC_IRQHandler
                0x0000000008011980                ETH_WKUP_IRQHandler
                0x0000000008011980                SPDIF_RX_IRQHandler
                0x0000000008011980                SPI2_IRQHandler
                0x0000000008011980                OTG_HS_EP1_IN_IRQHandler
                0x0000000008011980                DMA1_Stream0_IRQHandler
                0x0000000008011980                CAN1_TX_IRQHandler
                0x0000000008011980                EXTI4_IRQHandler
                0x0000000008011980                RNG_IRQHandler
                0x0000000008011980                ETH_IRQHandler
                0x0000000008011980                OTG_HS_EP1_OUT_IRQHandler
                0x0000000008011980                WWDG_IRQHandler
                0x0000000008011980                SPI6_IRQHandler
                0x0000000008011980                I2C4_EV_IRQHandler
                0x0000000008011980                TIM2_IRQHandler
                0x0000000008011980                OTG_FS_WKUP_IRQHandler
                0x0000000008011980                TIM1_TRG_COM_TIM11_IRQHandler
                0x0000000008011980                OTG_HS_IRQHandler
                0x0000000008011980                DMA2D_IRQHandler
                0x0000000008011980                EXTI1_IRQHandler
                0x0000000008011980                UART7_IRQHandler
                0x0000000008011980                USART2_IRQHandler
                0x0000000008011980                I2C2_ER_IRQHandler
                0x0000000008011980                CAN1_SCE_IRQHandler
                0x0000000008011980                FLASH_IRQHandler
                0x0000000008011980                DMA2_Stream4_IRQHandler
                0x0000000008011980                USART1_IRQHandler
                0x0000000008011980                OTG_FS_IRQHandler
                0x0000000008011980                SPI3_IRQHandler
                0x0000000008011980                DMA1_Stream4_IRQHandler
                0x0000000008011980                I2C1_ER_IRQHandler
                0x0000000008011980                FMC_IRQHandler
                0x0000000008011980                LPTIM1_IRQHandler
                0x0000000008011980                I2C4_ER_IRQHandler
                0x0000000008011980                SAI1_IRQHandler
                0x0000000008011980                DMA1_Stream3_IRQHandler
 *fill*         0x0000000008011982        0x2 
 .text.HAL_InitTick
                0x0000000008011984       0x48 ./Drivers/STM32F7xx_HAL_Driver/Src/stm32f7xx_hal.o
                0x0000000008011984                HAL_InitTick
 .text.HAL_Init