stm32f4xx_hal_qspi.c:2560:13:QSPI_DMARxCplt	0	static
stm32f4xx_hal_qspi.c:2574:13:QSPI_DMATxCplt	0	static
stm32f4xx_hal_qspi.c:2746:13:QSPI_Config	16	static
stm32f4xx_hal_qspi.c:434:13:HAL_QSPI_MspInit	0	static
stm32f4xx_hal_qspi.c:292:19:HAL_QSPI_Init	24	static
stm32f4xx_hal_qspi.c:449:13:HAL_QSPI_MspDeInit	0	static
stm32f4xx_hal_qspi.c:393:19:HAL_QSPI_DeInit	8	static
stm32f4xx_hal_qspi.c:781:19:HAL_QSPI_Command	24	static
stm32f4xx_hal_qspi.c:870:19:HAL_QSPI_Command_IT	24	static
stm32f4xx_hal_qspi.c:1143:19:HAL_QSPI_Transmit_IT	4	static
stm32f4xx_hal_qspi.c:1203:19:HAL_QSPI_Receive_IT	8	static
stm32f4xx_hal_qspi.c:1271:19:HAL_QSPI_Transmit_DMA	24	static
stm32f4xx_hal_qspi.c:1438:19:HAL_QSPI_Receive_DMA	24	static
stm32f4xx_hal_qspi.c:1644:19:HAL_QSPI_AutoPolling	32	static
stm32f4xx_hal_qspi.c:1744:19:HAL_QSPI_AutoPolling_IT	32	static
stm32f4xx_hal_qspi.c:1847:19:HAL_QSPI_MemoryMapped	32	static
stm32f4xx_hal_qspi.c:1933:13:HAL_QSPI_ErrorCallback	0	static
stm32f4xx_hal_qspi.c:2645:13:QSPI_DMAAbortCplt	8	static
stm32f4xx_hal_qspi.c:1948:13:HAL_QSPI_AbortCpltCallback	0	static
stm32f4xx_hal_qspi.c:2620:13:QSPI_DMAError	8	static
stm32f4xx_hal_qspi.c:1963:13:HAL_QSPI_CmdCpltCallback	0	static
stm32f4xx_hal_qspi.c:1978:13:HAL_QSPI_RxCpltCallback	0	static
stm32f4xx_hal_qspi.c:1993:13:HAL_QSPI_TxCpltCallback	0	static
stm32f4xx_hal_qspi.c:2008:13:HAL_QSPI_RxHalfCpltCallback	0	static
stm32f4xx_hal_qspi.c:2588:13:QSPI_DMARxHalfCplt	8	static
stm32f4xx_hal_qspi.c:2023:13:HAL_QSPI_TxHalfCpltCallback	0	static
stm32f4xx_hal_qspi.c:2604:13:QSPI_DMATxHalfCplt	8	static
stm32f4xx_hal_qspi.c:2038:13:HAL_QSPI_FifoThresholdCallback	0	static
stm32f4xx_hal_qspi.c:2053:13:HAL_QSPI_StatusMatchCallback	0	static
stm32f4xx_hal_qspi.c:2068:13:HAL_QSPI_TimeOutCallback	0	static
stm32f4xx_hal_qspi.c:488:6:HAL_QSPI_IRQHandler	16	static
stm32f4xx_hal_qspi.c:2326:23:HAL_QSPI_GetState	0	static
stm32f4xx_hal_qspi.c:2337:10:HAL_QSPI_GetError	0	static
stm32f4xx_hal_qspi.c:2347:19:HAL_QSPI_Abort	16	static
stm32f4xx_hal_qspi.c:971:19:HAL_QSPI_Transmit	32	static
stm32f4xx_hal_qspi.c:1056:19:HAL_QSPI_Receive	32	static
stm32f4xx_hal_qspi.c:2403:19:HAL_QSPI_Abort_IT	8	static
stm32f4xx_hal_qspi.c:2459:6:HAL_QSPI_SetTimeout	0	static
stm32f4xx_hal_qspi.c:2469:19:HAL_QSPI_SetFifoThreshold	0	static
stm32f4xx_hal_qspi.c:2501:10:HAL_QSPI_GetFifoThreshold	0	static
stm32f4xx_hal_qspi.c:2513:19:HAL_QSPI_SetFlashID	0	static
