flatbuffer_conversions.cc:837:14:TfLiteStatus tflite::ConvertTensorType(tflite::TensorType, TfLiteType*, tflite::ErrorReporter*)	0	static
flatbuffer_conversions.cc:899:14:TfLiteStatus tflite::ParseAbs(const tflite::Operator*, tflite::ErrorReporter*, tflite::BuiltinDataAllocator*, void**)	0	static
flatbuffer_conversions.cc:904:14:TfLiteStatus tflite::ParseAdd(const tflite::Operator*, tflite::ErrorReporter*, tflite::BuiltinDataAllocator*, void**)	24	static
flatbuffer_conversions.cc:929:14:TfLiteStatus tflite::ParseAddN(const tflite::Operator*, tflite::ErrorReporter*, tflite::BuiltinDataAllocator*, void**)	0	static
flatbuffer_conversions.cc:934:14:TfLiteStatus tflite::ParseArgMax(const tflite::Operator*, tflite::ErrorReporter*, tflite::BuiltinDataAllocator*, void**)	24	static
flatbuffer_conversions.cc:959:14:TfLiteStatus tflite::ParseArgMin(const tflite::Operator*, tflite::ErrorReporter*, tflite::BuiltinDataAllocator*, void**)	24	static
flatbuffer_conversions.cc:987:14:TfLiteStatus tflite::ParseBatchMatMul(const tflite::Operator*, tflite::ErrorReporter*, tflite::BuiltinDataAllocator*, void**)	16	static
flatbuffer_conversions.cc:1008:14:TfLiteStatus tflite::ParseBatchToSpaceNd(const tflite::Operator*, tflite::ErrorReporter*, tflite::BuiltinDataAllocator*, void**)	0	static
flatbuffer_conversions.cc:1016:14:TfLiteStatus tflite::ParseCast(const tflite::Operator*, tflite::ErrorReporter*, tflite::BuiltinDataAllocator*, void**)	40	static
flatbuffer_conversions.cc:1037:14:TfLiteStatus tflite::ParseCeil(const tflite::Operator*, tflite::ErrorReporter*, tflite::BuiltinDataAllocator*, void**)	0	static
flatbuffer_conversions.cc:1042:14:TfLiteStatus tflite::ParseConcatenation(const tflite::Operator*, tflite::ErrorReporter*, tflite::BuiltinDataAllocator*, void**)	16	static
flatbuffer_conversions.cc:1071:14:TfLiteStatus tflite::ParseConv2D(const tflite::Operator*, tflite::ErrorReporter*, tflite::BuiltinDataAllocator*, void**)	16	static
flatbuffer_conversions.cc:1105:14:TfLiteStatus tflite::ParseCumsum(const tflite::Operator*, tflite::ErrorReporter*, tflite::BuiltinDataAllocator*, void**)	16	static
flatbuffer_conversions.cc:1123:14:TfLiteStatus tflite::ParseCos(const tflite::Operator*, tflite::ErrorReporter*, tflite::BuiltinDataAllocator*, void**)	0	static
flatbuffer_conversions.cc:1128:14:TfLiteStatus tflite::ParseDepthToSpace(const tflite::Operator*, tflite::ErrorReporter*, tflite::BuiltinDataAllocator*, void**)	16	static
flatbuffer_conversions.cc:1153:14:TfLiteStatus tflite::ParseDepthwiseConv2D(const tflite::Operator*, tflite::ErrorReporter*, tflite::BuiltinDataAllocator*, void**)	16	static
flatbuffer_conversions.cc:1192:14:TfLiteStatus tflite::ParseDequantize(const tflite::Operator*, tflite::ErrorReporter*, tflite::BuiltinDataAllocator*, void**)	0	static
flatbuffer_conversions.cc:1197:14:TfLiteStatus tflite::ParseDiv(const tflite::Operator*, tflite::ErrorReporter*, tflite::BuiltinDataAllocator*, void**)	16	static
flatbuffer_conversions.cc:1215:14:TfLiteStatus tflite::ParseElu(const tflite::Operator*, tflite::ErrorReporter*, tflite::BuiltinDataAllocator*, void**)	0	static
flatbuffer_conversions.cc:1223:14:TfLiteStatus tflite::ParseEqual(const tflite::Operator*, tflite::ErrorReporter*, tflite::BuiltinDataAllocator*, void**)	0	static
flatbuffer_conversions.cc:1231:14:TfLiteStatus tflite::ParseExp(const tflite::Operator*, tflite::ErrorReporter*, tflite::BuiltinDataAllocator*, void**)	0	static
flatbuffer_conversions.cc:1239:14:TfLiteStatus tflite::ParseExpandDims(const tflite::Operator*, tflite::ErrorReporter*, tflite::BuiltinDataAllocator*, void**)	0	static
flatbuffer_conversions.cc:1247:14:TfLiteStatus tflite::ParseFill(const tflite::Operator*, tflite::ErrorReporter*, tflite::BuiltinDataAllocator*, void**)	0	static
flatbuffer_conversions.cc:1255:14:TfLiteStatus tflite::ParseFloor(const tflite::Operator*, tflite::ErrorReporter*, tflite::BuiltinDataAllocator*, void**)	0	static
flatbuffer_conversions.cc:1263:14:TfLiteStatus tflite::ParseFloorDiv(const tflite::Operator*, tflite::ErrorReporter*, tflite::BuiltinDataAllocator*, void**)	0	static
flatbuffer_conversions.cc:1271:14:TfLiteStatus tflite::ParseFloorMod(const tflite::Operator*, tflite::ErrorReporter*, tflite::BuiltinDataAllocator*, void**)	0	static
flatbuffer_conversions.cc:1276:14:TfLiteStatus tflite::ParseFullyConnected(const tflite::Operator*, tflite::ErrorReporter*, tflite::BuiltinDataAllocator*, void**)	24	static
flatbuffer_conversions.cc:1325:14:TfLiteStatus tflite::ParseGather(const tflite::Operator*, tflite::ErrorReporter*, tflite::BuiltinDataAllocator*, void**)	16	static
flatbuffer_conversions.cc:1346:14:TfLiteStatus tflite::ParseGatherNd(const tflite::Operator*, tflite::ErrorReporter*, tflite::BuiltinDataAllocator*, void**)	0	static
flatbuffer_conversions.cc:1354:14:TfLiteStatus tflite::ParseGreater(const tflite::Operator*, tflite::ErrorReporter*, tflite::BuiltinDataAllocator*, void**)	0	static
flatbuffer_conversions.cc:1362:14:TfLiteStatus tflite::ParseGreaterEqual(const tflite::Operator*, tflite::ErrorReporter*, tflite::BuiltinDataAllocator*, void**)	0	static
flatbuffer_conversions.cc:1370:14:TfLiteStatus tflite::ParseHardSwish(const tflite::Operator*, tflite::ErrorReporter*, tflite::BuiltinDataAllocator*, void**)	0	static
flatbuffer_conversions.cc:1375:14:TfLiteStatus tflite::ParseL2Normalization(const tflite::Operator*, tflite::ErrorReporter*, tflite::BuiltinDataAllocator*, void**)	16	static
flatbuffer_conversions.cc:1402:14:TfLiteStatus tflite::ParseLeakyRelu(const tflite::Operator*, tflite::ErrorReporter*, tflite::BuiltinDataAllocator*, void**)	16	static
flatbuffer_conversions.cc:1421:14:TfLiteStatus tflite::ParseLess(const tflite::Operator*, tflite::ErrorReporter*, tflite::BuiltinDataAllocator*, void**)	0	static
flatbuffer_conversions.cc:1429:14:TfLiteStatus tflite::ParseLessEqual(const tflite::Operator*, tflite::ErrorReporter*, tflite::BuiltinDataAllocator*, void**)	0	static
flatbuffer_conversions.cc:1437:14:TfLiteStatus tflite::ParseLog(const tflite::Operator*, tflite::ErrorReporter*, tflite::BuiltinDataAllocator*, void**)	0	static
flatbuffer_conversions.cc:1445:14:TfLiteStatus tflite::ParseLogicalAnd(const tflite::Operator*, tflite::ErrorReporter*, tflite::BuiltinDataAllocator*, void**)	0	static
flatbuffer_conversions.cc:1453:14:TfLiteStatus tflite::ParseLogicalNot(const tflite::Operator*, tflite::ErrorReporter*, tflite::BuiltinDataAllocator*, void**)	0	static
flatbuffer_conversions.cc:1461:14:TfLiteStatus tflite::ParseLogicalOr(const tflite::Operator*, tflite::ErrorReporter*, tflite::BuiltinDataAllocator*, void**)	0	static
flatbuffer_conversions.cc:1469:14:TfLiteStatus tflite::ParseLogistic(const tflite::Operator*, tflite::ErrorReporter*, tflite::BuiltinDataAllocator*, void**)	0	static
flatbuffer_conversions.cc:1477:14:TfLiteStatus tflite::ParseLogSoftmax(const tflite::Operator*, tflite::ErrorReporter*, tflite::BuiltinDataAllocator*, void**)	0	static
flatbuffer_conversions.cc:1485:14:TfLiteStatus tflite::ParseMaximum(const tflite::Operator*, tflite::ErrorReporter*, tflite::BuiltinDataAllocator*, void**)	0	static
flatbuffer_conversions.cc:1493:14:TfLiteStatus tflite::ParseMinimum(const tflite::Operator*, tflite::ErrorReporter*, tflite::BuiltinDataAllocator*, void**)	0	static
flatbuffer_conversions.cc:1498:14:TfLiteStatus tflite::ParseMul(const tflite::Operator*, tflite::ErrorReporter*, tflite::BuiltinDataAllocator*, void**)	16	static
flatbuffer_conversions.cc:1525:14:TfLiteStatus tflite::ParseNeg(const tflite::Operator*, tflite::ErrorReporter*, tflite::BuiltinDataAllocator*, void**)	0	static
flatbuffer_conversions.cc:1533:14:TfLiteStatus tflite::ParseNotEqual(const tflite::Operator*, tflite::ErrorReporter*, tflite::BuiltinDataAllocator*, void**)	0	static
flatbuffer_conversions.cc:1538:14:TfLiteStatus tflite::ParsePack(const tflite::Operator*, tflite::ErrorReporter*, tflite::BuiltinDataAllocator*, void**)	16	static
flatbuffer_conversions.cc:1566:14:TfLiteStatus tflite::ParsePad(const tflite::Operator*, tflite::ErrorReporter*, tflite::BuiltinDataAllocator*, void**)	0	static
flatbuffer_conversions.cc:1574:14:TfLiteStatus tflite::ParsePadV2(const tflite::Operator*, tflite::ErrorReporter*, tflite::BuiltinDataAllocator*, void**)	0	static
flatbuffer_conversions.cc:1579:14:TfLiteStatus tflite::ParsePool(const tflite::Operator*, tflite::ErrorReporter*, tflite::BuiltinDataAllocator*, void**)	16	static
flatbuffer_conversions.cc:1612:14:TfLiteStatus tflite::ParsePow(const tflite::Operator*, tflite::ErrorReporter*, tflite::BuiltinDataAllocator*, void**)	0	static
flatbuffer_conversions.cc:1620:14:TfLiteStatus tflite::ParsePrelu(const tflite::Operator*, tflite::ErrorReporter*, tflite::BuiltinDataAllocator*, void**)	0	static
flatbuffer_conversions.cc:1628:14:TfLiteStatus tflite::ParseQuantize(const tflite::Operator*, tflite::ErrorReporter*, tflite::BuiltinDataAllocator*, void**)	0	static
flatbuffer_conversions.cc:1633:14:TfLiteStatus tflite::ParseReducer(const tflite::Operator*, tflite::ErrorReporter*, tflite::BuiltinDataAllocator*, void**)	16	static
flatbuffer_conversions.cc:1662:14:TfLiteStatus tflite::ParseRelu(const tflite::Operator*, tflite::ErrorReporter*, tflite::BuiltinDataAllocator*, void**)	0	static
flatbuffer_conversions.cc:1670:14:TfLiteStatus tflite::ParseRelu6(const tflite::Operator*, tflite::ErrorReporter*, tflite::BuiltinDataAllocator*, void**)	0	static
flatbuffer_conversions.cc:1675:14:TfLiteStatus tflite::ParseReshape(const tflite::Operator*, tflite::ErrorReporter*, tflite::BuiltinDataAllocator*, void**)	24	static
flatbuffer_conversions.cc:1712:14:TfLiteStatus tflite::ParseResizeBilinear(const tflite::Operator*, tflite::ErrorReporter*, tflite::BuiltinDataAllocator*, void**)	16	static
flatbuffer_conversions.cc:1739:14:TfLiteStatus tflite::ParseResizeNearestNeighbor(const tflite::Operator*, tflite::ErrorReporter*, tflite::BuiltinDataAllocator*, void**)	16	static
flatbuffer_conversions.cc:1769:14:TfLiteStatus tflite::ParseRound(const tflite::Operator*, tflite::ErrorReporter*, tflite::BuiltinDataAllocator*, void**)	0	static
flatbuffer_conversions.cc:1777:14:TfLiteStatus tflite::ParseRsqrt(const tflite::Operator*, tflite::ErrorReporter*, tflite::BuiltinDataAllocator*, void**)	0	static
flatbuffer_conversions.cc:1782:14:TfLiteStatus tflite::ParseShape(const tflite::Operator*, tflite::ErrorReporter*, tflite::BuiltinDataAllocator*, void**)	16	static
flatbuffer_conversions.cc:1808:14:TfLiteStatus tflite::ParseSin(const tflite::Operator*, tflite::ErrorReporter*, tflite::BuiltinDataAllocator*, void**)	0	static
flatbuffer_conversions.cc:1813:14:TfLiteStatus tflite::ParseSoftmax(const tflite::Operator*, tflite::ErrorReporter*, tflite::BuiltinDataAllocator*, void**)	16	static
flatbuffer_conversions.cc:1841:14:TfLiteStatus tflite::ParseSpaceToBatchNd(const tflite::Operator*, tflite::ErrorReporter*, tflite::BuiltinDataAllocator*, void**)	0	static
flatbuffer_conversions.cc:1846:14:TfLiteStatus tflite::ParseSpaceToDepth(const tflite::Operator*, tflite::ErrorReporter*, tflite::BuiltinDataAllocator*, void**)	16	static
flatbuffer_conversions.cc:1871:14:TfLiteStatus tflite::ParseSplit(const tflite::Operator*, tflite::ErrorReporter*, tflite::BuiltinDataAllocator*, void**)	16	static
flatbuffer_conversions.cc:1895:14:TfLiteStatus tflite::ParseSplitV(const tflite::Operator*, tflite::ErrorReporter*, tflite::BuiltinDataAllocator*, void**)	16	static
flatbuffer_conversions.cc:1919:14:TfLiteStatus tflite::ParseSqueeze(const tflite::Operator*, tflite::ErrorReporter*, tflite::BuiltinDataAllocator*, void**)	24	static
flatbuffer_conversions.cc:1955:14:TfLiteStatus tflite::ParseSqrt(const tflite::Operator*, tflite::ErrorReporter*, tflite::BuiltinDataAllocator*, void**)	0	static
flatbuffer_conversions.cc:1963:14:TfLiteStatus tflite::ParseSquare(const tflite::Operator*, tflite::ErrorReporter*, tflite::BuiltinDataAllocator*, void**)	0	static
flatbuffer_conversions.cc:1968:14:TfLiteStatus tflite::ParseStridedSlice(const tflite::Operator*, tflite::ErrorReporter*, tflite::BuiltinDataAllocator*, void**)	16	static
flatbuffer_conversions.cc:1999:14:TfLiteStatus tflite::ParseSub(const tflite::Operator*, tflite::ErrorReporter*, tflite::BuiltinDataAllocator*, void**)	24	static
flatbuffer_conversions.cc:2024:14:TfLiteStatus tflite::ParseSvdf(const tflite::Operator*, tflite::ErrorReporter*, tflite::BuiltinDataAllocator*, void**)	16	static
flatbuffer_conversions.cc:2054:14:TfLiteStatus tflite::ParseTanh(const tflite::Operator*, tflite::ErrorReporter*, tflite::BuiltinDataAllocator*, void**)	0	static
flatbuffer_conversions.cc:2062:14:TfLiteStatus tflite::ParseTranspose(const tflite::Operator*, tflite::ErrorReporter*, tflite::BuiltinDataAllocator*, void**)	0	static
flatbuffer_conversions.cc:2067:14:TfLiteStatus tflite::ParseTransposeConv(const tflite::Operator*, tflite::ErrorReporter*, tflite::BuiltinDataAllocator*, void**)	16	static
flatbuffer_conversions.cc:2093:14:TfLiteStatus tflite::ParseUnpack(const tflite::Operator*, tflite::ErrorReporter*, tflite::BuiltinDataAllocator*, void**)	16	static
flatbuffer_conversions.cc:2121:14:TfLiteStatus tflite::ParseZerosLike(const tflite::Operator*, tflite::ErrorReporter*, tflite::BuiltinDataAllocator*, void**)	0	static
flatbuffer_conversions.cc:2126:14:TfLiteStatus tflite::ParseOpData(const tflite::Operator*, tflite::BuiltinOperator, tflite::ErrorReporter*, tflite::BuiltinDataAllocator*, void**)	40	static
