Archive member included to satisfy reference by file (symbol)

c:/st/stm32cubeide_1.6.1/stm32cubeide/plugins/com.st.stm32cube.ide.mcu.externaltools.gnu-tools-for-stm32.9-2020-q2-update.win32_2.0.0.202105311346/tools/bin/../lib/gcc/arm-none-eabi/9.3.1/../../../../arm-none-eabi/lib/thumb/v7e-m+fp/hard\libstdc++_nano.a(del_op.o)
                              ./Core/Src/tensorflow/lite/kernels/kernel_util.o (operator delete(void*))
c:/st/stm32cubeide_1.6.1/stm32cubeide/plugins/com.st.stm32cube.ide.mcu.externaltools.gnu-tools-for-stm32.9-2020-q2-update.win32_2.0.0.202105311346/tools/bin/../lib/gcc/arm-none-eabi/9.3.1/../../../../arm-none-eabi/lib/thumb/v7e-m+fp/hard\libstdc++_nano.a(del_ops.o)
                              ./Core/Src/tensorflow/lite/micro/all_ops_resolver.o (operator delete(void*, unsigned int))
c:/st/stm32cubeide_1.6.1/stm32cubeide/plugins/com.st.stm32cube.ide.mcu.externaltools.gnu-tools-for-stm32.9-2020-q2-update.win32_2.0.0.202105311346/tools/bin/../lib/gcc/arm-none-eabi/9.3.1/../../../../arm-none-eabi/lib/thumb/v7e-m+fp/hard\libstdc++_nano.a(del_opv.o)
                              ./Core/Src/tensorflow/lite/micro/memory_helpers.o (operator delete[](void*))
c:/st/stm32cubeide_1.6.1/stm32cubeide/plugins/com.st.stm32cube.ide.mcu.externaltools.gnu-tools-for-stm32.9-2020-q2-update.win32_2.0.0.202105311346/tools/bin/../lib/gcc/arm-none-eabi/9.3.1/../../../../arm-none-eabi/lib/thumb/v7e-m+fp/hard\libstdc++_nano.a(guard.o)
                              ./Core/Src/tensorflow/lite/micro/test_helpers.o (__cxa_guard_acquire)
c:/st/stm32cubeide_1.6.1/stm32cubeide/plugins/com.st.stm32cube.ide.mcu.externaltools.gnu-tools-for-stm32.9-2020-q2-update.win32_2.0.0.202105311346/tools/bin/../lib/gcc/arm-none-eabi/9.3.1/../../../../arm-none-eabi/lib/thumb/v7e-m+fp/hard\libstdc++_nano.a(new_op.o)
                              ./Core/Src/tensorflow/lite/micro/test_helpers.o (operator new(unsigned int))
c:/st/stm32cubeide_1.6.1/stm32cubeide/plugins/com.st.stm32cube.ide.mcu.externaltools.gnu-tools-for-stm32.9-2020-q2-update.win32_2.0.0.202105311346/tools/bin/../lib/gcc/arm-none-eabi/9.3.1/../../../../arm-none-eabi/lib/thumb/v7e-m+fp/hard\libstdc++_nano.a(new_opv.o)
                              ./Core/Src/tensorflow/lite/micro/memory_helpers.o (operator new[](unsigned int))
c:/st/stm32cubeide_1.6.1/stm32cubeide/plugins/com.st.stm32cube.ide.mcu.externaltools.gnu-tools-for-stm32.9-2020-q2-update.win32_2.0.0.202105311346/tools/bin/../lib/gcc/arm-none-eabi/9.3.1/../../../../arm-none-eabi/lib/thumb/v7e-m+fp/hard\libstdc++_nano.a(functexcept.o)
                              ./Core/Src/tensorflow/lite/kernels/kernel_util.o (std::__throw_length_error(char const*))
c:/st/stm32cubeide_1.6.1/stm32cubeide/plugins/com.st.stm32cube.ide.mcu.externaltools.gnu-tools-for-stm32.9-2020-q2-update.win32_2.0.0.202105311346/tools/bin/../lib/gcc/arm-none-eabi/9.3.1/../../../../arm-none-eabi/lib/thumb/v7e-m+fp/hard\libstdc++_nano.a(snprintf_lite.o)
                              c:/st/stm32cubeide_1.6.1/stm32cubeide/plugins/com.st.stm32cube.ide.mcu.externaltools.gnu-tools-for-stm32.9-2020-q2-update.win32_2.0.0.202105311346/tools/bin/../lib/gcc/arm-none-eabi/9.3.1/../../../../arm-none-eabi/lib/thumb/v7e-m+fp/hard\libstdc++_nano.a(functexcept.o) (__gnu_cxx::__snprintf_lite(char*, unsigned int, char const*, std::__va_list))
c:/st/stm32cubeide_1.6.1/stm32cubeide/plugins/com.st.stm32cube.ide.mcu.externaltools.gnu-tools-for-stm32.9-2020-q2-update.win32_2.0.0.202105311346/tools/bin/../lib/gcc/arm-none-eabi/9.3.1/../../../../arm-none-eabi/lib/thumb/v7e-m+fp/hard\libstdc++_nano.a(string-inst.o)
                              ./Core/Src/tensorflow/lite/kernels/kernel_util.o (std::__cxx11::basic_string<char, std::char_traits<char>, std::allocator<char> >::_M_replace(unsigned int, unsigned int, char const*, unsigned int))
c:/st/stm32cubeide_1.6.1/stm32cubeide/plugins/com.st.stm32cube.ide.mcu.externaltools.gnu-tools-for-stm32.9-2020-q2-update.win32_2.0.0.202105311346/tools/bin/../lib/gcc/arm-none-eabi/9.3.1/../../../../arm-none-eabi/lib/thumb/v7e-m+fp/hard\libstdc++_nano.a(new_handler.o)
                              c:/st/stm32cubeide_1.6.1/stm32cubeide/plugins/com.st.stm32cube.ide.mcu.externaltools.gnu-tools-for-stm32.9-2020-q2-update.win32_2.0.0.202105311346/tools/bin/../lib/gcc/arm-none-eabi/9.3.1/../../../../arm-none-eabi/lib/thumb/v7e-m+fp/hard\libstdc++_nano.a(new_op.o) (std::get_new_handler())
c:/st/stm32cubeide_1.6.1/stm32cubeide/plugins/com.st.stm32cube.ide.mcu.externaltools.gnu-tools-for-stm32.9-2020-q2-update.win32_2.0.0.202105311346/tools/bin/../lib/gcc/arm-none-eabi/9.3.1/../../../../arm-none-eabi/lib/thumb/v7e-m+fp/hard\libm.a(lib_a-s_floor.o)
                              ./Core/Src/tensorflow/lite/kernels/internal/quantization_util.o (floor)
[...]
Memory Configuration

Name             Origin             Length             Attributes
CCMRAM           0x0000000010000000 0x0000000000010000 xrw
RAM              0x0000000020000000 0x0000000000040000 xrw
FLASH            0x0000000008000000 0x0000000000200000 xr
SDRAM            0x00000000c0000000 0x0000000000800000 xrw
QSPI             0x0000000090000000 0x0000000000800000 xrw
*default*        0x0000000000000000 0xffffffffffffffff

Linker script and memory map

LOAD c:/st/stm32cubeide_1.6.1/stm32cubeide/plugins/com.st.stm32cube.ide.mcu.externaltools.gnu-tools-for-stm32.9-2020-q2-update.win32_2.0.0.202105311346/tools/bin/../lib/gcc/arm-none-eabi/9.3.1/thumb/v7e-m+fp/hard/crti.o
LOAD c:/st/stm32cubeide_1.6.1/stm32cubeide/plugins/com.st.stm32cube.ide.mcu.externaltools.gnu-tools-for-stm32.9-2020-q2-update.win32_2.0.0.202105311346/tools/bin/../lib/gcc/arm-none-eabi/9.3.1/thumb/v7e-m+fp/hard/crtbegin.o
LOAD c:/st/stm32cubeide_1.6.1/stm32cubeide/plugins/com.st.stm32cube.ide.mcu.externaltools.gnu-tools-for-stm32.9-2020-q2-update.win32_2.0.0.202105311346/tools/bin/../lib/gcc/arm-none-eabi/9.3.1/../../../../arm-none-eabi/lib/thumb/v7e-m+fp/hard/crt0.o
LOAD ./Core/Src/dmacopying.o
LOAD ./Core/Src/main.o
LOAD ./Core/Src/overlay_fw.o
LOAD ./Core/Src/stm32f4xx_hal_msp.o
LOAD ./Core/Src/stm32f4xx_hal_timebase_tim.o
LOAD ./Core/Src/stm32f4xx_it.o
LOAD ./Core/Src/syscalls.o
LOAD ./Core/Src/sysmem.o
LOAD ./Core/Src/system_stm32f4xx.o
LOAD ./Core/Src/tensorflow/lite/c/common.o
LOAD ./Core/Src/tensorflow/lite/core/api/error_reporter.o
LOAD ./Core/Src/tensorflow/lite/core/api/flatbuffer_conversions.o
LOAD ./Core/Src/tensorflow/lite/core/api/op_resolver.o
LOAD ./Core/Src/tensorflow/lite/core/api/tensor_utils.o
LOAD ./Core/Src/tensorflow/lite/kernels/internal/quantization_util.o
LOAD ./Core/Src/tensorflow/lite/kernels/kernel_util.o
LOAD ./Core/Src/tensorflow/lite/micro/all_ops_resolver.o
LOAD ./Core/Src/tensorflow/lite/micro/memory_helpers.o
LOAD ./Core/Src/tensorflow/lite/micro/micro_allocator.o
LOAD ./Core/Src/tensorflow/lite/micro/micro_error_reporter.o
LOAD ./Core/Src/tensorflow/lite/micro/micro_interpreter.o
LOAD ./Core/Src/tensorflow/lite/micro/micro_profiler.o
LOAD ./Core/Src/tensorflow/lite/micro/micro_string.o
LOAD ./Core/Src/tensorflow/lite/micro/micro_time.o
LOAD ./Core/Src/tensorflow/lite/micro/micro_utils.o
LOAD ./Core/Src/tensorflow/lite/micro/recording_micro_allocator.o
LOAD ./Core/Src/tensorflow/lite/micro/recording_simple_memory_allocator.o
LOAD ./Core/Src/tensorflow/lite/micro/simple_memory_allocator.o
LOAD ./Core/Src/tensorflow/lite/micro/system_setup.o
LOAD ./Core/Src/tensorflow/lite/micro/test_helpers.o
LOAD ./Core/Src/tensorflow/lite/micro/examples/hello_world/Validated_Models/ImgNet_Models/mbv3-w1.00-r160_int8_1.o
LOAD ./Core/Src/tensorflow/lite/micro/examples/hello_world/constants.o
LOAD ./Core/Src/tensorflow/lite/micro/examples/hello_world/main_functions.o
LOAD ./Core/Src/tensorflow/lite/micro/examples/hello_world/output_handler.o
LOAD ./Core/Src/tensorflow/lite/micro/kernels/activations.o
LOAD ./Core/Src/tensorflow/lite/micro/kernels/add_n.o
LOAD ./Core/Src/tensorflow/lite/micro/kernels/arg_min_max.o
LOAD ./Core/Src/tensorflow/lite/micro/kernels/batch_to_space_nd.o
LOAD ./Core/Src/tensorflow/lite/micro/kernels/cast.o
LOAD ./Core/Src/tensorflow/lite/micro/kernels/ceil.o
LOAD ./Core/Src/tensorflow/lite/micro/kernels/circular_buffer.o
LOAD ./Core/Src/tensorflow/lite/micro/kernels/comparisons.o
LOAD ./Core/Src/tensorflow/lite/micro/kernels/concatenation.o
LOAD ./Core/Src/tensorflow/lite/micro/kernels/conv_common.o
LOAD ./Core/Src/tensorflow/lite/micro/kernels/depthwise_conv_common.o
LOAD ./Core/Src/tensorflow/lite/micro/kernels/dequantize.o
LOAD ./Core/Src/tensorflow/lite/micro/kernels/detection_postprocess.o
LOAD ./Core/Src/tensorflow/lite/micro/kernels/div.o
LOAD ./Core/Src/tensorflow/lite/micro/kernels/elementwise.o
LOAD ./Core/Src/tensorflow/lite/micro/kernels/elu.o
LOAD ./Core/Src/tensorflow/lite/micro/kernels/ethosu.o
LOAD ./Core/Src/tensorflow/lite/micro/kernels/exp.o
LOAD ./Core/Src/tensorflow/lite/micro/kernels/expand_dims.o
LOAD ./Core/Src/tensorflow/lite/micro/kernels/fill.o
LOAD ./Core/Src/tensorflow/lite/micro/kernels/floor.o
LOAD ./Core/Src/tensorflow/lite/micro/kernels/fully_connected_common.o
LOAD ./Core/Src/tensorflow/lite/micro/kernels/hard_swish.o
LOAD ./Core/Src/tensorflow/lite/micro/kernels/kernel_runner.o
LOAD ./Core/Src/tensorflow/lite/micro/kernels/kernel_util.o
LOAD ./Core/Src/tensorflow/lite/micro/kernels/l2_pool_2d.o
LOAD ./Core/Src/tensorflow/lite/micro/kernels/l2norm.o
LOAD ./Core/Src/tensorflow/lite/micro/kernels/leaky_relu.o
LOAD ./Core/Src/tensorflow/lite/micro/kernels/logical.o
LOAD ./Core/Src/tensorflow/lite/micro/kernels/logistic.o
LOAD ./Core/Src/tensorflow/lite/micro/kernels/maximum_minimum.o
LOAD ./Core/Src/tensorflow/lite/micro/kernels/neg.o
LOAD ./Core/Src/tensorflow/lite/micro/kernels/pack.o
LOAD ./Core/Src/tensorflow/lite/micro/kernels/pad.o
LOAD ./Core/Src/tensorflow/lite/micro/kernels/prelu.o
LOAD ./Core/Src/tensorflow/lite/micro/kernels/quantize.o
LOAD ./Core/Src/tensorflow/lite/micro/kernels/quantize_common.o
LOAD ./Core/Src/tensorflow/lite/micro/kernels/reduce.o
LOAD ./Core/Src/tensorflow/lite/micro/kernels/reshape.o
LOAD ./Core/Src/tensorflow/lite/micro/kernels/resize_nearest_neighbor.o
LOAD ./Core/Src/tensorflow/lite/micro/kernels/round.o
LOAD ./Core/Src/tensorflow/lite/micro/kernels/shape.o
LOAD ./Core/Src/tensorflow/lite/micro/kernels/softmax_common.o
LOAD ./Core/Src/tensorflow/lite/micro/kernels/space_to_batch_nd.o
LOAD ./Core/Src/tensorflow/lite/micro/kernels/split.o
LOAD ./Core/Src/tensorflow/lite/micro/kernels/split_v.o
LOAD ./Core/Src/tensorflow/lite/micro/kernels/squeeze.o
LOAD ./Core/Src/tensorflow/lite/micro/kernels/strided_slice.o
LOAD ./Core/Src/tensorflow/lite/micro/kernels/sub.o
LOAD ./Core/Src/tensorflow/lite/micro/kernels/svdf_common.o
LOAD ./Core/Src/tensorflow/lite/micro/kernels/tanh.o
LOAD ./Core/Src/tensorflow/lite/micro/kernels/transpose_conv.o
LOAD ./Core/Src/tensorflow/lite/micro/kernels/unpack.o
LOAD ./Core/Src/tensorflow/lite/micro/kernels/zeros_like.o
LOAD ./Core/Src/tensorflow/lite/micro/kernels/cmsis_nn/add.o
LOAD ./Core/Src/tensorflow/lite/micro/kernels/cmsis_nn/conv.o
LOAD ./Core/Src/tensorflow/lite/micro/kernels/cmsis_nn/depthwise_conv.o
LOAD ./Core/Src/tensorflow/lite/micro/kernels/cmsis_nn/fully_connected.o
LOAD ./Core/Src/tensorflow/lite/micro/kernels/cmsis_nn/mul.o
LOAD ./Core/Src/tensorflow/lite/micro/kernels/cmsis_nn/pooling.o
LOAD ./Core/Src/tensorflow/lite/micro/kernels/cmsis_nn/softmax.o
LOAD ./Core/Src/tensorflow/lite/micro/kernels/cmsis_nn/svdf.o
LOAD ./Core/Src/tensorflow/lite/micro/mbed/debug_log.o
LOAD ./Core/Src/tensorflow/lite/micro/memory_planner/greedy_memory_planner.o
LOAD ./Core/Src/tensorflow/lite/micro/memory_planner/linear_memory_planner.o
LOAD ./Core/Src/tensorflow/lite/micro/tools/make/downloads/cmsis/CMSIS/NN/Source/ActivationFunctions/arm_nn_activations_q15.o
LOAD ./Core/Src/tensorflow/lite/micro/tools/make/downloads/cmsis/CMSIS/NN/Source/ActivationFunctions/arm_nn_activations_q7.o
LOAD ./Core/Src/tensorflow/lite/micro/tools/make/downloads/cmsis/CMSIS/NN/Source/ActivationFunctions/arm_relu6_s8.o
LOAD ./Core/Src/tensorflow/lite/micro/tools/make/downloads/cmsis/CMSIS/NN/Source/ActivationFunctions/arm_relu_q15.o
LOAD ./Core/Src/tensorflow/lite/micro/tools/make/downloads/cmsis/CMSIS/NN/Source/ActivationFunctions/arm_relu_q7.o
LOAD ./Core/Src/tensorflow/lite/micro/tools/make/downloads/cmsis/CMSIS/NN/Source/BasicMathFunctions/arm_elementwise_add_s8.o
LOAD ./Core/Src/tensorflow/lite/micro/tools/make/downloads/cmsis/CMSIS/NN/Source/BasicMathFunctions/arm_elementwise_mul_s8.o
LOAD ./Core/Src/tensorflow/lite/micro/tools/make/downloads/cmsis/CMSIS/NN/Source/ConcatenationFunctions/arm_concatenation_s8_w.o
LOAD ./Core/Src/tensorflow/lite/micro/tools/make/downloads/cmsis/CMSIS/NN/Source/ConcatenationFunctions/arm_concatenation_s8_x.o
LOAD ./Core/Src/tensorflow/lite/micro/tools/make/downloads/cmsis/CMSIS/NN/Source/ConcatenationFunctions/arm_concatenation_s8_y.o
LOAD ./Core/Src/tensorflow/lite/micro/tools/make/downloads/cmsis/CMSIS/NN/Source/ConcatenationFunctions/arm_concatenation_s8_z.o
LOAD ./Core/Src/tensorflow/lite/micro/tools/make/downloads/cmsis/CMSIS/NN/Source/ConvolutionFunctions/arm_convolve_1_x_n_s8.o
LOAD ./Core/Src/tensorflow/lite/micro/tools/make/downloads/cmsis/CMSIS/NN/Source/ConvolutionFunctions/arm_convolve_1x1_HWC_q7_fast_nonsquare.o
LOAD ./Core/Src/tensorflow/lite/micro/tools/make/downloads/cmsis/CMSIS/NN/Source/ConvolutionFunctions/arm_convolve_1x1_s8_fast.o
LOAD ./Core/Src/tensorflow/lite/micro/tools/make/downloads/cmsis/CMSIS/NN/Source/ConvolutionFunctions/arm_convolve_HWC_q15_basic.o
LOAD ./Core/Src/tensorflow/lite/micro/tools/make/downloads/cmsis/CMSIS/NN/Source/ConvolutionFunctions/arm_convolve_HWC_q15_fast.o
LOAD ./Core/Src/tensorflow/lite/micro/tools/make/downloads/cmsis/CMSIS/NN/Source/ConvolutionFunctions/arm_convolve_HWC_q15_fast_nonsquare.o
LOAD ./Core/Src/tensorflow/lite/micro/tools/make/downloads/cmsis/CMSIS/NN/Source/ConvolutionFunctions/arm_convolve_HWC_q7_RGB.o
LOAD ./Core/Src/tensorflow/lite/micro/tools/make/downloads/cmsis/CMSIS/NN/Source/ConvolutionFunctions/arm_convolve_HWC_q7_basic.o
LOAD ./Core/Src/tensorflow/lite/micro/tools/make/downloads/cmsis/CMSIS/NN/Source/ConvolutionFunctions/arm_convolve_HWC_q7_basic_nonsquare.o
LOAD ./Core/Src/tensorflow/lite/micro/tools/make/downloads/cmsis/CMSIS/NN/Source/ConvolutionFunctions/arm_convolve_HWC_q7_fast.o
LOAD ./Core/Src/tensorflow/lite/micro/tools/make/downloads/cmsis/CMSIS/NN/Source/ConvolutionFunctions/arm_convolve_HWC_q7_fast_nonsquare.o
LOAD ./Core/Src/tensorflow/lite/micro/tools/make/downloads/cmsis/CMSIS/NN/Source/ConvolutionFunctions/arm_convolve_s8.o
LOAD ./Core/Src/tensorflow/lite/micro/tools/make/downloads/cmsis/CMSIS/NN/Source/ConvolutionFunctions/arm_convolve_wrapper_s8.o
LOAD ./Core/Src/tensorflow/lite/micro/tools/make/downloads/cmsis/CMSIS/NN/Source/ConvolutionFunctions/arm_depthwise_conv_3x3_s8.o
LOAD ./Core/Src/tensorflow/lite/micro/tools/make/downloads/cmsis/CMSIS/NN/Source/ConvolutionFunctions/arm_depthwise_conv_s8.o
LOAD ./Core/Src/tensorflow/lite/micro/tools/make/downloads/cmsis/CMSIS/NN/Source/ConvolutionFunctions/arm_depthwise_conv_s8_opt.o
LOAD ./Core/Src/tensorflow/lite/micro/tools/make/downloads/cmsis/CMSIS/NN/Source/ConvolutionFunctions/arm_depthwise_conv_u8_basic_ver1.o
LOAD ./Core/Src/tensorflow/lite/micro/tools/make/downloads/cmsis/CMSIS/NN/Source/ConvolutionFunctions/arm_depthwise_conv_wrapper_s8.o
LOAD ./Core/Src/tensorflow/lite/micro/tools/make/downloads/cmsis/CMSIS/NN/Source/ConvolutionFunctions/arm_depthwise_separable_conv_HWC_q7.o
LOAD ./Core/Src/tensorflow/lite/micro/tools/make/downloads/cmsis/CMSIS/NN/Source/ConvolutionFunctions/arm_depthwise_separable_conv_HWC_q7_nonsquare.o
LOAD ./Core/Src/tensorflow/lite/micro/tools/make/downloads/cmsis/CMSIS/NN/Source/ConvolutionFunctions/arm_nn_depthwise_conv_s8_core.o
LOAD ./Core/Src/tensorflow/lite/micro/tools/make/downloads/cmsis/CMSIS/NN/Source/ConvolutionFunctions/arm_nn_mat_mult_kernel_q7_q15.o
LOAD ./Core/Src/tensorflow/lite/micro/tools/make/downloads/cmsis/CMSIS/NN/Source/ConvolutionFunctions/arm_nn_mat_mult_kernel_q7_q15_reordered.o
LOAD ./Core/Src/tensorflow/lite/micro/tools/make/downloads/cmsis/CMSIS/NN/Source/ConvolutionFunctions/arm_nn_mat_mult_kernel_s8_s16.o
LOAD ./Core/Src/tensorflow/lite/micro/tools/make/downloads/cmsis/CMSIS/NN/Source/ConvolutionFunctions/arm_nn_mat_mult_kernel_s8_s16_reordered.o
LOAD ./Core/Src/tensorflow/lite/micro/tools/make/downloads/cmsis/CMSIS/NN/Source/ConvolutionFunctions/arm_nn_mat_mult_s8.o
LOAD ./Core/Src/tensorflow/lite/micro/tools/make/downloads/cmsis/CMSIS/NN/Source/FullyConnectedFunctions/arm_fully_connected_mat_q7_vec_q15.o
LOAD ./Core/Src/tensorflow/lite/micro/tools/make/downloads/cmsis/CMSIS/NN/Source/FullyConnectedFunctions/arm_fully_connected_mat_q7_vec_q15_opt.o
LOAD ./Core/Src/tensorflow/lite/micro/tools/make/downloads/cmsis/CMSIS/NN/Source/FullyConnectedFunctions/arm_fully_connected_q15.o
LOAD ./Core/Src/tensorflow/lite/micro/tools/make/downloads/cmsis/CMSIS/NN/Source/FullyConnectedFunctions/arm_fully_connected_q15_opt.o
LOAD ./Core/Src/tensorflow/lite/micro/tools/make/downloads/cmsis/CMSIS/NN/Source/FullyConnectedFunctions/arm_fully_connected_q7.o
LOAD ./Core/Src/tensorflow/lite/micro/tools/make/downloads/cmsis/CMSIS/NN/Source/FullyConnectedFunctions/arm_fully_connected_q7_opt.o
LOAD ./Core/Src/tensorflow/lite/micro/tools/make/downloads/cmsis/CMSIS/NN/Source/FullyConnectedFunctions/arm_fully_connected_s8.o
LOAD ./Core/Src/tensorflow/lite/micro/tools/make/downloads/cmsis/CMSIS/NN/Source/NNSupportFunctions/arm_nn_accumulate_q7_to_q15.o
LOAD ./Core/Src/tensorflow/lite/micro/tools/make/downloads/cmsis/CMSIS/NN/Source/NNSupportFunctions/arm_nn_add_q7.o
LOAD ./Core/Src/tensorflow/lite/micro/tools/make/downloads/cmsis/CMSIS/NN/Source/NNSupportFunctions/arm_nn_depthwise_conv_nt_t_padded_s8.o
LOAD ./Core/Src/tensorflow/lite/micro/tools/make/downloads/cmsis/CMSIS/NN/Source/NNSupportFunctions/arm_nn_depthwise_conv_nt_t_s8.o
LOAD ./Core/Src/tensorflow/lite/micro/tools/make/downloads/cmsis/CMSIS/NN/Source/NNSupportFunctions/arm_nn_mat_mul_core_1x_s8.o
LOAD ./Core/Src/tensorflow/lite/micro/tools/make/downloads/cmsis/CMSIS/NN/Source/NNSupportFunctions/arm_nn_mat_mul_core_4x_s8.o
LOAD ./Core/Src/tensorflow/lite/micro/tools/make/downloads/cmsis/CMSIS/NN/Source/NNSupportFunctions/arm_nn_mat_mult_nt_t_s8.o
LOAD ./Core/Src/tensorflow/lite/micro/tools/make/downloads/cmsis/CMSIS/NN/Source/NNSupportFunctions/arm_nn_mult_q15.o
LOAD ./Core/Src/tensorflow/lite/micro/tools/make/downloads/cmsis/CMSIS/NN/Source/NNSupportFunctions/arm_nn_mult_q7.o
LOAD ./Core/Src/tensorflow/lite/micro/tools/make/downloads/cmsis/CMSIS/NN/Source/NNSupportFunctions/arm_nn_vec_mat_mult_t_s8.o
LOAD ./Core/Src/tensorflow/lite/micro/tools/make/downloads/cmsis/CMSIS/NN/Source/NNSupportFunctions/arm_nntables.o
LOAD ./Core/Src/tensorflow/lite/micro/tools/make/downloads/cmsis/CMSIS/NN/Source/NNSupportFunctions/arm_q7_to_q15_no_shift.o
LOAD ./Core/Src/tensorflow/lite/micro/tools/make/downloads/cmsis/CMSIS/NN/Source/NNSupportFunctions/arm_q7_to_q15_reordered_no_shift.o
LOAD ./Core/Src/tensorflow/lite/micro/tools/make/downloads/cmsis/CMSIS/NN/Source/NNSupportFunctions/arm_q7_to_q15_reordered_with_offset.o
LOAD ./Core/Src/tensorflow/lite/micro/tools/make/downloads/cmsis/CMSIS/NN/Source/NNSupportFunctions/arm_q7_to_q15_with_offset.o
LOAD ./Core/Src/tensorflow/lite/micro/tools/make/downloads/cmsis/CMSIS/NN/Source/PoolingFunctions/arm_avgpool_s8.o
LOAD ./Core/Src/tensorflow/lite/micro/tools/make/downloads/cmsis/CMSIS/NN/Source/PoolingFunctions/arm_max_pool_s8.o
LOAD ./Core/Src/tensorflow/lite/micro/tools/make/downloads/cmsis/CMSIS/NN/Source/PoolingFunctions/arm_pool_q7_HWC.o
LOAD ./Core/Src/tensorflow/lite/micro/tools/make/downloads/cmsis/CMSIS/NN/Source/ReshapeFunctions/arm_reshape_s8.o
LOAD ./Core/Src/tensorflow/lite/micro/tools/make/downloads/cmsis/CMSIS/NN/Source/SVDFunctions/arm_svdf_s8.o
LOAD ./Core/Src/tensorflow/lite/micro/tools/make/downloads/cmsis/CMSIS/NN/Source/SoftmaxFunctions/arm_softmax_q15.o
LOAD ./Core/Src/tensorflow/lite/micro/tools/make/downloads/cmsis/CMSIS/NN/Source/SoftmaxFunctions/arm_softmax_q7.o
LOAD ./Core/Src/tensorflow/lite/micro/tools/make/downloads/cmsis/CMSIS/NN/Source/SoftmaxFunctions/arm_softmax_s8.o
LOAD ./Core/Src/tensorflow/lite/micro/tools/make/downloads/cmsis/CMSIS/NN/Source/SoftmaxFunctions/arm_softmax_u8.o
LOAD ./Core/Src/tensorflow/lite/micro/tools/make/downloads/cmsis/CMSIS/NN/Source/SoftmaxFunctions/arm_softmax_with_batch_q7.o
LOAD ./Core/Src/tensorflow/lite/schema/schema_utils.o
LOAD ./Core/Startup/startup_stm32f469nihx.o
LOAD ./Drivers/BSP/Components/cs43l22/cs43l22.o
LOAD ./Drivers/BSP/Components/ft6x06/ft6x06.o
LOAD ./Drivers/BSP/Components/nt35510/nt35510.o
LOAD ./Drivers/BSP/Components/otm8009a/otm8009a.o
LOAD ./Drivers/BSP/STM32469I-Discovery/stm32469i_discovery.o
LOAD ./Drivers/STM32F4xx_HAL_Driver/Src/stm32f4xx_hal.o
LOAD ./Drivers/STM32F4xx_HAL_Driver/Src/stm32f4xx_hal_cortex.o
LOAD ./Drivers/STM32F4xx_HAL_Driver/Src/stm32f4xx_hal_dma.o
LOAD ./Drivers/STM32F4xx_HAL_Driver/Src/stm32f4xx_hal_dma_ex.o
LOAD ./Drivers/STM32F4xx_HAL_Driver/Src/stm32f4xx_hal_exti.o
LOAD ./Drivers/STM32F4xx_HAL_Driver/Src/stm32f4xx_hal_flash.o
LOAD ./Drivers/STM32F4xx_HAL_Driver/Src/stm32f4xx_hal_flash_ex.o
LOAD ./Drivers/STM32F4xx_HAL_Driver/Src/stm32f4xx_hal_flash_ramfunc.o
LOAD ./Drivers/STM32F4xx_HAL_Driver/Src/stm32f4xx_hal_gpio.o
LOAD ./Drivers/STM32F4xx_HAL_Driver/Src/stm32f4xx_hal_pwr.o
LOAD ./Drivers/STM32F4xx_HAL_Driver/Src/stm32f4xx_hal_pwr_ex.o
LOAD ./Drivers/STM32F4xx_HAL_Driver/Src/stm32f4xx_hal_qspi.o
LOAD ./Drivers/STM32F4xx_HAL_Driver/Src/stm32f4xx_hal_rcc.o
LOAD ./Drivers/STM32F4xx_HAL_Driver/Src/stm32f4xx_hal_rcc_ex.o
LOAD ./Drivers/STM32F4xx_HAL_Driver/Src/stm32f4xx_hal_sdram.o
LOAD ./Drivers/STM32F4xx_HAL_Driver/Src/stm32f4xx_hal_tim.o
LOAD ./Drivers/STM32F4xx_HAL_Driver/Src/stm32f4xx_hal_tim_ex.o
LOAD ./Drivers/STM32F4xx_HAL_Driver/Src/stm32f4xx_hal_uart.o
LOAD ./Drivers/STM32F4xx_HAL_Driver/Src/stm32f4xx_ll_fmc.o
START GROUP
LOAD c:/st/stm32cubeide_1.6.1/stm32cubeide/plugins/com.st.stm32cube.ide.mcu.externaltools.gnu-tools-for-stm32.9-2020-q2-update.win32_2.0.0.202105311346/tools/bin/../lib/gcc/arm-none-eabi/9.3.1/../../../../arm-none-eabi/lib/thumb/v7e-m+fp/hard\libstdc++_nano.a
LOAD c:/st/stm32cubeide_1.6.1/stm32cubeide/plugins/com.st.stm32cube.ide.mcu.externaltools.gnu-tools-for-stm32.9-2020-q2-update.win32_2.0.0.202105311346/tools/bin/../lib/gcc/arm-none-eabi/9.3.1/../../../../arm-none-eabi/lib/thumb/v7e-m+fp/hard\libsupc++_nano.a
END GROUP
LOAD c:/st/stm32cubeide_1.6.1/stm32cubeide/plugins/com.st.stm32cube.ide.mcu.externaltools.gnu-tools-for-stm32.9-2020-q2-update.win32_2.0.0.202105311346/tools/bin/../lib/gcc/arm-none-eabi/9.3.1/../../../../arm-none-eabi/lib/thumb/v7e-m+fp/hard\libstdc++_nano.a
LOAD c:/st/stm32cubeide_1.6.1/stm32cubeide/plugins/com.st.stm32cube.ide.mcu.externaltools.gnu-tools-for-stm32.9-2020-q2-update.win32_2.0.0.202105311346/tools/bin/../lib/gcc/arm-none-eabi/9.3.1/../../../../arm-none-eabi/lib/thumb/v7e-m+fp/hard\libm.a
LOAD c:/st/stm32cubeide_1.6.1/stm32cubeide/plugins/com.st.stm32cube.ide.mcu.externaltools.gnu-tools-for-stm32.9-2020-q2-update.win32_2.0.0.202105311346/tools/bin/../lib/gcc/arm-none-eabi/9.3.1/../../../../arm-none-eabi/lib/thumb/v7e-m+fp/hard\libc_nano.a
START GROUP
LOAD c:/st/stm32cubeide_1.6.1/stm32cubeide/plugins/com.st.stm32cube.ide.mcu.externaltools.gnu-tools-for-stm32.9-2020-q2-update.win32_2.0.0.202105311346/tools/bin/../lib/gcc/arm-none-eabi/9.3.1/thumb/v7e-m+fp/hard\libgcc.a
LOAD c:/st/stm32cubeide_1.6.1/stm32cubeide/plugins/com.st.stm32cube.ide.mcu.externaltools.gnu-tools-for-stm32.9-2020-q2-update.win32_2.0.0.202105311346/tools/bin/../lib/gcc/arm-none-eabi/9.3.1/../../../../arm-none-eabi/lib/thumb/v7e-m+fp/hard\libc_nano.a
END GROUP
START GROUP
LOAD c:/st/stm32cubeide_1.6.1/stm32cubeide/plugins/com.st.stm32cube.ide.mcu.externaltools.gnu-tools-for-stm32.9-2020-q2-update.win32_2.0.0.202105311346/tools/bin/../lib/gcc/arm-none-eabi/9.3.1/thumb/v7e-m+fp/hard\libgcc.a
LOAD c:/st/stm32cubeide_1.6.1/stm32cubeide/plugins/com.st.stm32cube.ide.mcu.externaltools.gnu-tools-for-stm32.9-2020-q2-update.win32_2.0.0.202105311346/tools/bin/../lib/gcc/arm-none-eabi/9.3.1/../../../../arm-none-eabi/lib/thumb/v7e-m+fp/hard\libc_nano.a
LOAD c:/st/stm32cubeide_1.6.1/stm32cubeide/plugins/com.st.stm32cube.ide.mcu.externaltools.gnu-tools-for-stm32.9-2020-q2-update.win32_2.0.0.202105311346/tools/bin/../lib/gcc/arm-none-eabi/9.3.1/../../../../arm-none-eabi/lib/thumb/v7e-m+fp/hard\libnosys.a
END GROUP
START GROUP
LOAD c:/st/stm32cubeide_1.6.1/stm32cubeide/plugins/com.st.stm32cube.ide.mcu.externaltools.gnu-tools-for-stm32.9-2020-q2-update.win32_2.0.0.202105311346/tools/bin/../lib/gcc/arm-none-eabi/9.3.1/thumb/v7e-m+fp/hard\libgcc.a
LOAD c:/st/stm32cubeide_1.6.1/stm32cubeide/plugins/com.st.stm32cube.ide.mcu.externaltools.gnu-tools-for-stm32.9-2020-q2-update.win32_2.0.0.202105311346/tools/bin/../lib/gcc/arm-none-eabi/9.3.1/../../../../arm-none-eabi/lib/thumb/v7e-m+fp/hard\libc_nano.a
LOAD c:/st/stm32cubeide_1.6.1/stm32cubeide/plugins/com.st.stm32cube.ide.mcu.externaltools.gnu-tools-for-stm32.9-2020-q2-update.win32_2.0.0.202105311346/tools/bin/../lib/gcc/arm-none-eabi/9.3.1/../../../../arm-none-eabi/lib/thumb/v7e-m+fp/hard\libnosys.a
END GROUP
LOAD c:/st/stm32cubeide_1.6.1/stm32cubeide/plugins/com.st.stm32cube.ide.mcu.externaltools.gnu-tools-for-stm32.9-2020-q2-update.win32_2.0.0.202105311346/tools/bin/../lib/gcc/arm-none-eabi/9.3.1/thumb/v7e-m+fp/hard/crtend.o
LOAD c:/st/stm32cubeide_1.6.1/stm32cubeide/plugins/com.st.stm32cube.ide.mcu.externaltools.gnu-tools-for-stm32.9-2020-q2-update.win32_2.0.0.202105311346/tools/bin/../lib/gcc/arm-none-eabi/9.3.1/thumb/v7e-m+fp/hard/crtn.o
                0x0000000020040000                _estack = (ORIGIN (RAM) + LENGTH (RAM))
                0x0000000000000200                _Min_Heap_Size = 0x200
                0x0000000000000400                _Min_Stack_Size = 0x400

.isr_vector     0x0000000008000000      0x1b4
                0x0000000008000000                . = ALIGN (0x4)
 *(.isr_vector)
 .isr_vector    0x0000000008000000      0x1b4 ./Core/Startup/startup_stm32f469nihx.o
                0x0000000008000000                g_pfnVectors
                0x00000000080001b4                . = ALIGN (0x4)

.text           0x00000000080001c0    0x18bf4
                0x00000000080001c0                . = ALIGN (0x4)
 *(.text)
 .text          0x00000000080001c0       0x40 c:/st/stm32cubeide_1.6.1/stm32cubeide/plugins/com.st.stm32cube.ide.mcu.externaltools.gnu-tools-for-stm32.9-2020-q2-update.win32_2.0.0.202105311346/tools/bin/../lib/gcc/arm-none-eabi/9.3.1/thumb/v7e-m+fp/hard/crtbegin.o
 .text          0x0000000008000200       0xa0 c:/st/stm32cubeide_1.6.1/stm32cubeide/plugins/com.st.stm32cube.ide.mcu.externaltools.gnu-tools-for-stm32.9-2020-q2-update.win32_2.0.0.202105311346/tools/bin/../lib/gcc/arm-none-eabi/9.3.1/../../../../arm-none-eabi/lib/thumb/v7e-m+fp/hard\libc_nano.a(lib_a-memchr.o)
                0x0000000008000200                memchr
 .text          0x00000000080002a0       0x14 c:/st/stm32cubeide_1.6.1/stm32cubeide/plugins/com.st.stm32cube.ide.mcu.externaltools.gnu-tools-for-stm32.9-2020-q2-update.win32_2.0.0.202105311346/tools/bin/../lib/gcc/arm-none-eabi/9.3.1/../../../../arm-none-eabi/lib/thumb/v7e-m+fp/hard\libc_nano.a(lib_a-strcmp.o)
                0x00000000080002a0                strcmp
 .text          0x00000000080002b4      0x378 c:/st/stm32cubeide_1.6.1/stm32cubeide/plugins/com.st.stm32cube.ide.mcu.externaltools.gnu-tools-for-stm32.9-2020-q2-update.win32_2.0.0.202105311346/tools/bin/../lib/gcc/arm-none-eabi/9.3.1/thumb/v7e-m+fp/hard\libgcc.a(_arm_addsubdf3.o)
                0x00000000080002b4                __aeabi_drsub
                0x00000000080002bc                __aeabi_dsub
                0x00000000080002bc                __subdf3
                0x00000000080002c0                __aeabi_dadd
                0x00000000080002c0                __adddf3
                0x0000000008000538                __floatunsidf
                0x0000000008000538                __aeabi_ui2d
                0x0000000008000558                __floatsidf
                0x0000000008000558                __aeabi_i2d
                0x000000000800057c                __aeabi_f2d
                0x000000000800057c                __extendsfdf2
                0x00000000080005c0                __floatundidf
                0x00000000080005c0                __aeabi_ul2d
                0x00000000080005d0                __floatdidf
                0x00000000080005d0                __aeabi_l2d
 .text          0x000000000800062c      0x424 c:/st/stm32cubeide_1.6.1/stm32cubeide/plugins/com.st.stm32cube.ide.mcu.externaltools.gnu-tools-for-stm32.9-2020-q2-update.win32_2.0.0.202105311346/tools/bin/../lib/gcc/arm-none-eabi/9.3.1/thumb/v7e-m+fp/hard\libgcc.a(_arm_muldivdf3.o)
                0x000000000800062c                __aeabi_dmul
                0x000000000800062c                __muldf3
                0x0000000008000880                __divdf3
                0x0000000008000880                __aeabi_ddiv
 .text          0x0000000008000a50      0x110 c:/st/stm32cubeide_1.6.1/stm32cubeide/plugins/com.st.stm32cube.ide.mcu.externaltools.gnu-tools-for-stm32.9-2020-q2-update.win32_2.0.0.202105311346/tools/bin/../lib/gcc/arm-none-eabi/9.3.1/thumb/v7e-m+fp/hard\libgcc.a(_arm_cmpdf2.o)
                0x0000000008000a50                __gtdf2
                0x0000000008000a50                __gedf2
                0x0000000008000a58                __ltdf2
                0x0000000008000a58                __ledf2
                0x0000000008000a60                __nedf2
                0x0000000008000a60                __eqdf2
                0x0000000008000a60                __cmpdf2
                0x0000000008000adc                __aeabi_cdrcmple
                0x0000000008000aec                __aeabi_cdcmpeq
                0x0000000008000aec                __aeabi_cdcmple
                0x0000000008000afc                __aeabi_dcmpeq
                0x0000000008000b10                __aeabi_dcmplt
                0x0000000008000b24                __aeabi_dcmple
                0x0000000008000b38                __aeabi_dcmpge
                0x0000000008000b4c                __aeabi_dcmpgt
 .text          0x0000000008000b60       0x50 c:/st/stm32cubeide_1.6.1/stm32cubeide/plugins/com.st.stm32cube.ide.mcu.externaltools.gnu-tools-for-stm32.9-2020-q2-update.win32_2.0.0.202105311346/tools/bin/../lib/gcc/arm-none-eabi/9.3.1/thumb/v7e-m+fp/hard\libgcc.a(_arm_fixdfsi.o)
                0x0000000008000b60                __aeabi_d2iz
                0x0000000008000b60                __fixdfsi
 .text          0x0000000008000bb0       0x30 c:/st/stm32cubeide_1.6.1/stm32cubeide/plugins/com.st.stm32cube.ide.mcu.externaltools.gnu-tools-for-stm32.9-2020-q2-update.win32_2.0.0.202105311346/tools/bin/../lib/gcc/arm-none-eabi/9.3.1/thumb/v7e-m+fp/hard\libgcc.a(_aeabi_uldivmod.o)
                0x0000000008000bb0                __aeabi_uldivmod
 .text          0x0000000008000be0       0x30 c:/st/stm32cubeide_1.6.1/stm32cubeide/plugins/com.st.stm32cube.ide.mcu.externaltools.gnu-tools-for-stm32.9-2020-q2-update.win32_2.0.0.202105311346/tools/bin/../lib/gcc/arm-none-eabi/9.3.1/thumb/v7e-m+fp/hard\libgcc.a(_fixdfdi.o)
                0x0000000008000be0                __fixdfdi
                0x0000000008000be0                __aeabi_d2lz
 .text          0x0000000008000c10       0x3c c:/st/stm32cubeide_1.6.1/stm32cubeide/plugins/com.st.stm32cube.ide.mcu.externaltools.gnu-tools-for-stm32.9-2020-q2-update.win32_2.0.0.202105311346/tools/bin/../lib/gcc/arm-none-eabi/9.3.1/thumb/v7e-m+fp/hard\libgcc.a(_fixunsdfdi.o)
                0x0000000008000c10                __fixunsdfdi
                0x0000000008000c10                __aeabi_d2ulz
 .text          0x0000000008000c4c      0x2c4 c:/st/stm32cubeide_1.6.1/stm32cubeide/plugins/com.st.stm32cube.ide.mcu.externaltools.gnu-tools-for-stm32.9-2020-q2-update.win32_2.0.0.202105311346/tools/bin/../lib/gcc/arm-none-eabi/9.3.1/thumb/v7e-m+fp/hard\libgcc.a(_udivmoddi4.o)
                0x0000000008000c4c                __udivmoddi4
 .text          0x0000000008000f10        0x4 c:/st/stm32cubeide_1.6.1/stm32cubeide/plugins/com.st.stm32cube.ide.mcu.externaltools.gnu-tools-for-stm32.9-2020-q2-update.win32_2.0.0.202105311346/tools/bin/../lib/gcc/arm-none-eabi/9.3.1/thumb/v7e-m+fp/hard\libgcc.a(_dvmd_tls.o)
                0x0000000008000f10                __aeabi_idiv0
                0x0000000008000f10                __aeabi_ldiv0
 .text          0x0000000008000f14       0x40 c:/st/stm32cubeide_1.6.1/stm32cubeide/plugins/com.st.stm32cube.ide.mcu.externaltools.gnu-tools-for-stm32.9-2020-q2-update.win32_2.0.0.202105311346/tools/bin/../lib/gcc/arm-none-eabi/9.3.1/thumb/v7e-m+fp/hard\libgcc.a(_arm_fixunsdfsi.o)
                0x0000000008000f14                __aeabi_d2uiz
                0x0000000008000f14                __fixunsdfsi
 *(.text*)
 .text.DMA_Copy_Que_Req_Put
                0x0000000008000f54       0xec ./Core/Src/dmacopying.o
                0x0000000008000f54                DMA_Copy_Que_Req_Put
 .text.TransferError
                0x0000000008001040        0xc ./Core/Src/main.o
                0x0000000008001040                TransferError
 .text.MX_DMA_Init
                0x000000000800104c       0xc0 ./Core/Src/main.o
 .text.QSPI_WriteEnable.isra.0
                0x000000000800110c       0x70 ./Core/Src/main.o
 .text.TransferComplete
                0x000000000800117c       0x8c ./Core/Src/main.o
                0x000000000800117c                TransferComplete
 .text.TransferComplete_Strm1_Ch0
                0x0000000008001208       0x98 ./Core/Src/main.o
                0x0000000008001208                TransferComplete_Strm1_Ch0
 .text.TransferError_Strm1_Ch0
                0x00000000080012a0        0xc ./Core/Src/main.o
                0x00000000080012a0                TransferError_Strm1_Ch0
 .text.SystemClock_Config
                0x00000000080012ac       0xb8 ./Core/Src/main.o
                0x00000000080012ac                SystemClock_Config
 .text.init     0x0000000008001364      0x478 ./Core/Src/main.o
                0x0000000008001364                init
 .text.startup.main
                0x00000000080017dc       0xd4 ./Core/Src/main.o
                0x00000000080017dc                main
 .text.HAL_QSPI_CmdCpltCallback
                0x00000000080018b0       0x10 ./Core/Src/main.o
                0x00000000080018b0                HAL_QSPI_CmdCpltCallback
 .text.HAL_QSPI_RxCpltCallback
                0x00000000080018c0       0x10 ./Core/Src/main.o
                0x00000000080018c0                HAL_QSPI_RxCpltCallback
 .text.HAL_QSPI_TxCpltCallback
                0x00000000080018d0       0x10 ./Core/Src/main.o
                0x00000000080018d0                HAL_QSPI_TxCpltCallback
 .text.HAL_QSPI_StatusMatchCallback
                0x00000000080018e0       0x10 ./Core/Src/main.o
                0x00000000080018e0                HAL_QSPI_StatusMatchCallback
 .text.HAL_QSPI_ErrorCallback
                0x00000000080018f0        0x4 ./Core/Src/main.o
                0x00000000080018f0                HAL_QSPI_ErrorCallback
 .text.HAL_TIM_PeriodElapsedCallback
                0x00000000080018f4       0x14 ./Core/Src/main.o
                0x00000000080018f4                HAL_TIM_PeriodElapsedCallback
 .text.Error_Handler
                0x0000000008001908        0x4 ./Core/Src/main.o
                0x0000000008001908                Error_Handler
 .text._ZN6tflite16MicroInterpreter14PartitionAddOpEPK13TfLiteContextP10TfLiteNodePK18TfLiteRegistrationPV13PartitionInfom.constprop.0
                0x000000000800190c      0x100 ./Core/Src/overlay_fw.o
 .text._ZN6tflite16MicroInterpreter20Partition_GetMaxSizeEPK13TfLiteContextPNS_19NodeAndRegistrationEPV25PartitionedExecutionState
                0x0000000008001a0c      0x174 ./Core/Src/overlay_fw.o
                0x0000000008001a0c                tflite::MicroInterpreter::Partition_GetMaxSize(TfLiteContext const*, tflite::NodeAndRegistration*, PartitionedExecutionState volatile*)
 .text._ZN6tflite16MicroInterpreter15PartitionConvOpEPK13TfLiteContextP10TfLiteNodePK18TfLiteRegistrationPV13PartitionInfom
                0x0000000008001b80      0x2c0 ./Core/Src/overlay_fw.o
                0x0000000008001b80                tflite::MicroInterpreter::PartitionConvOp(TfLiteContext const*, TfLiteNode*, TfLiteRegistration const*, PartitionInfo volatile*, unsigned long)
 .text._ZN6tflite16MicroInterpreter15PartitionPoolOpEPK13TfLiteContextP10TfLiteNodePK18TfLiteRegistrationPV13PartitionInfom
                0x0000000008001e40      0x234 ./Core/Src/overlay_fw.o
                0x0000000008001e40                tflite::MicroInterpreter::PartitionPoolOp(TfLiteContext const*, TfLiteNode*, TfLiteRegistration const*, PartitionInfo volatile*, unsigned long)
 .text._ZN6tflite16MicroInterpreter14PartitionPadOpEPK13TfLiteContextP10TfLiteNodePK18TfLiteRegistrationPV13PartitionInfom
                0x0000000008002074      0x168 ./Core/Src/overlay_fw.o
                0x0000000008002074                tflite::MicroInterpreter::PartitionPadOp(TfLiteContext const*, TfLiteNode*, TfLiteRegistration const*, PartitionInfo volatile*, unsigned long)
 .text._ZN6tflite16MicroInterpreter14PartitionAddOpEPK13TfLiteContextP10TfLiteNodePK18TfLiteRegistrationPV13PartitionInfom
                0x00000000080021dc      0x128 ./Core/Src/overlay_fw.o
                0x00000000080021dc                tflite::MicroInterpreter::PartitionAddOp(TfLiteContext const*, TfLiteNode*, TfLiteRegistration const*, PartitionInfo volatile*, unsigned long)
 .text._ZN6tflite16MicroInterpreter19OVERLAY_GetMaxSizesEPK13TfLiteContextPNS_19NodeAndRegistrationEPV25PartitionedExecutionState
                0x0000000008002304      0x5cc ./Core/Src/overlay_fw.o
                0x0000000008002304                tflite::MicroInterpreter::OVERLAY_GetMaxSizes(TfLiteContext const*, tflite::NodeAndRegistration*, PartitionedExecutionState volatile*)
 .text._ZN6tflite16MicroInterpreter11PartitionOpEPK13TfLiteContextPNS_19NodeAndRegistrationEPV25PartitionedExecutionState
                0x00000000080028d0      0xc90 ./Core/Src/overlay_fw.o
                0x00000000080028d0                tflite::MicroInterpreter::PartitionOp(TfLiteContext const*, tflite::NodeAndRegistration*, PartitionedExecutionState volatile*)
 .text._Z18OVERLAY_CopyInDataPV10DMACopyQuePV13PartitionInfomPV16TfLiteEvalTensorS7_
                0x0000000008003560       0xd0 ./Core/Src/overlay_fw.o
                0x0000000008003560                OVERLAY_CopyInData(DMACopyQue volatile*, PartitionInfo volatile*, unsigned long, TfLiteEvalTensor volatile*, TfLiteEvalTensor volatile*)
 .text._Z14DMA_CopyTensorPV10DMACopyQuePVK16TfLiteEvalTensorPVS2_
                0x0000000008003630       0x68 ./Core/Src/overlay_fw.o
                0x0000000008003630                DMA_CopyTensor(DMACopyQue volatile*, TfLiteEvalTensor const volatile*, TfLiteEvalTensor volatile*)
 .text.HAL_MspInit
                0x0000000008003698       0x80 ./Core/Src/stm32f4xx_hal_msp.o
                0x0000000008003698                HAL_MspInit
 .text.HAL_TIM_Base_MspInit
                0x0000000008003718       0x40 ./Core/Src/stm32f4xx_hal_msp.o
                0x0000000008003718                HAL_TIM_Base_MspInit
 .text.HAL_QSPI_MspInit
                0x0000000008003758      0x1a0 ./Core/Src/stm32f4xx_hal_msp.o
                0x0000000008003758                HAL_QSPI_MspInit
 .text.HAL_QSPI_MspDeInit
                0x00000000080038f8       0x80 ./Core/Src/stm32f4xx_hal_msp.o
                0x00000000080038f8                HAL_QSPI_MspDeInit
 .text.HAL_SDRAM_MspInit
                0x0000000008003978      0x13c ./Core/Src/stm32f4xx_hal_msp.o
                0x0000000008003978                HAL_SDRAM_MspInit
 .text.HAL_InitTick
                0x0000000008003ab4       0x80 ./Core/Src/stm32f4xx_hal_timebase_tim.o
                0x0000000008003ab4                HAL_InitTick
 .text.NMI_Handler
                0x0000000008003b34        0x4 ./Core/Src/stm32f4xx_it.o
                0x0000000008003b34                NMI_Handler
 .text.HardFault_Handler
                0x0000000008003b38        0x4 ./Core/Src/stm32f4xx_it.o
                0x0000000008003b38                HardFault_Handler
 .text.MemManage_Handler
                0x0000000008003b3c        0x4 ./Core/Src/stm32f4xx_it.o
                0x0000000008003b3c                MemManage_Handler
 .text.BusFault_Handler
                0x0000000008003b40        0x4 ./Core/Src/stm32f4xx_it.o
                0x0000000008003b40                BusFault_Handler
 .text.UsageFault_Handler
                0x0000000008003b44        0x4 ./Core/Src/stm32f4xx_it.o
                0x0000000008003b44                UsageFault_Handler
 .text.SVC_Handler
                0x0000000008003b48        0x4 ./Core/Src/stm32f4xx_it.o
                0x0000000008003b48                SVC_Handler
 .text.DebugMon_Handler
                0x0000000008003b4c        0x4 ./Core/Src/stm32f4xx_it.o
                0x0000000008003b4c                DebugMon_Handler
 .text.PendSV_Handler
                0x0000000008003b50        0x4 ./Core/Src/stm32f4xx_it.o
                0x0000000008003b50                PendSV_Handler
 .text.SysTick_Handler
                0x0000000008003b54        0x4 ./Core/Src/stm32f4xx_it.o
                0x0000000008003b54                SysTick_Handler
 .text.TIM1_UP_TIM10_IRQHandler
                0x0000000008003b58       0x1c ./Core/Src/stm32f4xx_it.o
                0x0000000008003b58                TIM1_UP_TIM10_IRQHandler
 .text.DMA2_Stream0_IRQHandler
                0x0000000008003b74        0xc ./Core/Src/stm32f4xx_it.o
                0x0000000008003b74                DMA2_Stream0_IRQHandler
 .text.DMA2_Stream1_IRQHandler
                0x0000000008003b80        0xc ./Core/Src/stm32f4xx_it.o
                0x0000000008003b80                DMA2_Stream1_IRQHandler
 .text.QUADSPI_IRQHandler
                0x0000000008003b8c        0xc ./Core/Src/stm32f4xx_it.o
                0x0000000008003b8c                QUADSPI_IRQHandler
 .text.DMA2_Stream7_IRQHandler
                0x0000000008003b98        0xc ./Core/Src/stm32f4xx_it.o
                0x0000000008003b98                DMA2_Stream7_IRQHandler
 .text._getpid  0x0000000008003ba4        0x4 ./Core/Src/syscalls.o
                0x0000000008003ba4                _getpid
 .text._kill    0x0000000008003ba8       0x10 ./Core/Src/syscalls.o
                0x0000000008003ba8                _kill
 .text._exit    0x0000000008003bb8        0xc ./Core/Src/syscalls.o
                0x0000000008003bb8                _exit
 .text._read    0x0000000008003bc4       0x1c ./Core/Src/syscalls.o
                0x0000000008003bc4                _read
 .text._write   0x0000000008003be0       0x1c ./Core/Src/syscalls.o
                0x0000000008003be0                _write
 .text._close   0x0000000008003bfc        0x8 ./Core/Src/syscalls.o
                0x0000000008003bfc                _close
 .text._fstat   0x0000000008003c04        0xc ./Core/Src/syscalls.o
                0x0000000008003c04                _fstat
 .text._isatty  0x0000000008003c10        0x4 ./Core/Src/syscalls.o
                0x0000000008003c10                _isatty
 .text._lseek   0x0000000008003c14        0x4 ./Core/Src/syscalls.o
                0x0000000008003c14                _lseek
 .text._sbrk    0x0000000008003c18       0x44 ./Core/Src/sysmem.o
                0x0000000008003c18                _sbrk
 .text.SystemInit
                0x0000000008003c5c       0x14 ./Core/Src/system_stm32f4xx.o
                0x0000000008003c5c                SystemInit
 .text.TfLiteIntArrayGetSizeInBytes
                0x0000000008003c70        0x8 ./Core/Src/tensorflow/lite/c/common.o
                0x0000000008003c70                TfLiteIntArrayGetSizeInBytes
 .text.TfLiteIntArrayEqual
                0x0000000008003c78       0x48 ./Core/Src/tensorflow/lite/c/common.o
                0x0000000008003c78                TfLiteIntArrayEqual
 .text._ZN6tflite17ConvertTensorTypeENS_10TensorTypeEP10TfLiteTypePNS_13ErrorReporterE
                0x0000000008003cc0       0xa0 ./Core/Src/tensorflow/lite/core/api/flatbuffer_conversions.o
                0x0000000008003cc0                tflite::ConvertTensorType(tflite::TensorType, TfLiteType*, tflite::ErrorReporter*)
 .text._ZN6tflite8ParseAddEPKNS_8OperatorEPNS_13ErrorReporterEPNS_20BuiltinDataAllocatorEPPv
                0x0000000008003d60       0x90 ./Core/Src/tensorflow/lite/core/api/flatbuffer_conversions.o
                0x0000000008003d60                tflite::ParseAdd(tflite::Operator const*, tflite::ErrorReporter*, tflite::BuiltinDataAllocator*, void**)
 .text._ZN6tflite11ParseConv2DEPKNS_8OperatorEPNS_13ErrorReporterEPNS_20BuiltinDataAllocatorEPPv
                0x0000000008003df0       0xe4 ./Core/Src/tensorflow/lite/core/api/flatbuffer_conversions.o
                0x0000000008003df0                tflite::ParseConv2D(tflite::Operator const*, tflite::ErrorReporter*, tflite::BuiltinDataAllocator*, void**)
 .text._ZN6tflite20ParseDepthwiseConv2DEPKNS_8OperatorEPNS_13ErrorReporterEPNS_20BuiltinDataAllocatorEPPv
                0x0000000008003ed4       0xfc ./Core/Src/tensorflow/lite/core/api/flatbuffer_conversions.o
                0x0000000008003ed4                tflite::ParseDepthwiseConv2D(tflite::Operator const*, tflite::ErrorReporter*, tflite::BuiltinDataAllocator*, void**)
 .text._ZN6tflite8ParsePadEPKNS_8OperatorEPNS_13ErrorReporterEPNS_20BuiltinDataAllocatorEPPv
                0x0000000008003fd0        0x4 ./Core/Src/tensorflow/lite/core/api/flatbuffer_conversions.o
                0x0000000008003fd0                tflite::ParsePad(tflite::Operator const*, tflite::ErrorReporter*, tflite::BuiltinDataAllocator*, void**)
 .text._ZN6tflite9ParsePoolEPKNS_8OperatorEPNS_13ErrorReporterEPNS_20BuiltinDataAllocatorEPPv
                0x0000000008003fd4       0xe4 ./Core/Src/tensorflow/lite/core/api/flatbuffer_conversions.o
                0x0000000008003fd4                tflite::ParsePool(tflite::Operator const*, tflite::ErrorReporter*, tflite::BuiltinDataAllocator*, void**)
 .text._ZN6tflite10ParseRelu6EPKNS_8OperatorEPNS_13ErrorReporterEPNS_20BuiltinDataAllocatorEPPv
                0x00000000080040b8        0x4 ./Core/Src/tensorflow/lite/core/api/flatbuffer_conversions.o
                0x00000000080040b8                tflite::ParseRelu6(tflite::Operator const*, tflite::ErrorReporter*, tflite::BuiltinDataAllocator*, void**)
 .text._ZN6tflite12ParseReshapeEPKNS_8OperatorEPNS_13ErrorReporterEPNS_20BuiltinDataAllocatorEPPv
                0x00000000080040bc       0xc8 ./Core/Src/tensorflow/lite/core/api/flatbuffer_conversions.o
                0x00000000080040bc                tflite::ParseReshape(tflite::Operator const*, tflite::ErrorReporter*, tflite::BuiltinDataAllocator*, void**)
 .text._ZN6tflite25GetRegistrationFromOpCodeEPKNS_12OperatorCodeERKNS_10OpResolverEPNS_13ErrorReporterEPPK18TfLiteRegistration
                0x0000000008004184       0x6c ./Core/Src/tensorflow/lite/core/api/op_resolver.o
                0x0000000008004184                tflite::GetRegistrationFromOpCode(tflite::OperatorCode const*, tflite::OpResolver const&, tflite::ErrorReporter*, TfLiteRegistration const**)
 .text._ZN6tflite18QuantizeMultiplierEdPlPi
                0x00000000080041f0       0x80 ./Core/Src/tensorflow/lite/kernels/internal/quantization_util.o
                0x00000000080041f0                tflite::QuantizeMultiplier(double, long*, int*)
 .text._ZN6tflite35QuantizeMultiplierSmallerThanOneExpEdPlPi
                0x0000000008004270       0x98 ./Core/Src/tensorflow/lite/kernels/internal/quantization_util.o
                0x0000000008004270                tflite::QuantizeMultiplierSmallerThanOneExp(double, long*, int*)
 .text._ZN6tflite8GetInputEPK13TfLiteContextPK10TfLiteNodei
                0x0000000008004308       0x38 ./Core/Src/tensorflow/lite/kernels/kernel_util.o
                0x0000000008004308                tflite::GetInput(TfLiteContext const*, TfLiteNode const*, int)
 .text._ZN6tflite9GetOutputEP13TfLiteContextPK10TfLiteNodei
                0x0000000008004340       0x38 ./Core/Src/tensorflow/lite/kernels/kernel_util.o
                0x0000000008004340                tflite::GetOutput(TfLiteContext*, TfLiteNode const*, int)
 .text._ZN6tflite22GetOptionalInputTensorEPK13TfLiteContextPK10TfLiteNodei
                0x0000000008004378       0x38 ./Core/Src/tensorflow/lite/kernels/kernel_util.o
                0x0000000008004378                tflite::GetOptionalInputTensor(TfLiteContext const*, TfLiteNode const*, int)
 .text._ZN6tflite33CalculateActivationRangeQuantizedEP13TfLiteContext21TfLiteFusedActivationP12TfLiteTensorPlS5_
                0x00000000080043b0       0xdc ./Core/Src/tensorflow/lite/kernels/kernel_util.o
                0x00000000080043b0                tflite::CalculateActivationRangeQuantized(TfLiteContext*, TfLiteFusedActivation, TfLiteTensor*, long*, long*)
 *fill*         0x000000000800448c        0x4 
 .text._ZN6tflite37PopulateConvolutionQuantizationParamsEP13TfLiteContextPK12TfLiteTensorS4_S4_PS2_RK21TfLiteFusedActivationPlPiS9_S9_S9_SA_i
                0x0000000008004490      0x274 ./Core/Src/tensorflow/lite/kernels/kernel_util.o
                0x0000000008004490                tflite::PopulateConvolutionQuantizationParams(TfLiteContext*, TfLiteTensor const*, TfLiteTensor const*, TfLiteTensor const*, TfLiteTensor*, TfLiteFusedActivation const&, long*, int*, long*, long*, long*, int*, int)
 .text._ZN6tflite14HaveSameShapesEPK12TfLiteTensorS2_
                0x0000000008004704       0x14 ./Core/Src/tensorflow/lite/kernels/kernel_util.o
                0x0000000008004704                tflite::HaveSameShapes(TfLiteTensor const*, TfLiteTensor const*)
 .text._ZNK6tflite10OpResolver12GetDelegatesEi
                0x0000000008004718        0xc ./Core/Src/tensorflow/lite/micro/all_ops_resolver.o
                0x0000000008004718                tflite::OpResolver::GetDelegates(int) const
 .text._ZNK6tflite22MicroMutableOpResolverILj128EE6FindOpENS_15BuiltinOperatorE
                0x0000000008004724       0x3c ./Core/Src/tensorflow/lite/micro/all_ops_resolver.o
                0x0000000008004724                tflite::MicroMutableOpResolver<128u>::FindOp(tflite::BuiltinOperator) const
 .text._ZNK6tflite22MicroMutableOpResolverILj128EE6FindOpEPKc
                0x0000000008004760       0x48 ./Core/Src/tensorflow/lite/micro/all_ops_resolver.o
                0x0000000008004760                tflite::MicroMutableOpResolver<128u>::FindOp(char const*) const
 .text._ZNK6tflite15MicroOpResolver6FindOpENS_15BuiltinOperatorEi
                0x00000000080047a8       0x4c ./Core/Src/tensorflow/lite/micro/all_ops_resolver.o
                0x00000000080047a8                tflite::MicroOpResolver::FindOp(tflite::BuiltinOperator, int) const
 .text._ZNK6tflite15MicroOpResolver6FindOpEPKci
                0x00000000080047f4       0x58 ./Core/Src/tensorflow/lite/micro/all_ops_resolver.o
                0x00000000080047f4                tflite::MicroOpResolver::FindOp(char const*, int) const
 .text._ZN6tflite14AlignPointerUpEPhj
                0x000000000800484c       0x10 ./Core/Src/tensorflow/lite/micro/memory_helpers.o
                0x000000000800484c                tflite::AlignPointerUp(unsigned char*, unsigned int)
 .text._ZN6tflite16AlignPointerDownEPhj
                0x000000000800485c        0xc ./Core/Src/tensorflow/lite/micro/memory_helpers.o
                0x000000000800485c                tflite::AlignPointerDown(unsigned char*, unsigned int)
 .text._ZN6tflite11AlignSizeUpEjj
                0x0000000008004868       0x10 ./Core/Src/tensorflow/lite/micro/memory_helpers.o
                0x0000000008004868                tflite::AlignSizeUp(unsigned int, unsigned int)
 .text._ZN6tflite16TfLiteTypeSizeOfE10TfLiteTypePj
                0x0000000008004878       0x48 ./Core/Src/tensorflow/lite/micro/memory_helpers.o
                0x0000000008004878                tflite::TfLiteTypeSizeOf(TfLiteType, unsigned int*)
 .text._ZN6tflite22BytesRequiredForTensorERKNS_6TensorEPjS3_PNS_13ErrorReporterE
                0x00000000080048c0       0x94 ./Core/Src/tensorflow/lite/micro/memory_helpers.o
                0x00000000080048c0                tflite::BytesRequiredForTensor(tflite::Tensor const&, unsigned int*, unsigned int*, tflite::ErrorReporter*)
 .text._ZN6tflite26TfLiteEvalTensorByteLengthEPK16TfLiteEvalTensorPj
                0x0000000008004954       0x64 ./Core/Src/tensorflow/lite/micro/memory_helpers.o
                0x0000000008004954                tflite::TfLiteEvalTensorByteLength(TfLiteEvalTensor const*, unsigned int*)
 .text._ZN6tflite12_GLOBAL__N_125MicroBuiltinDataAllocator8AllocateEjj
                0x00000000080049b8        0x8 ./Core/Src/tensorflow/lite/micro/micro_allocator.o
 .text._ZN6tflite12_GLOBAL__N_125MicroBuiltinDataAllocator10DeallocateEPv
                0x00000000080049c0        0x4 ./Core/Src/tensorflow/lite/micro/micro_allocator.o
 .text._ZN6tflite14MicroAllocatorD2Ev
                0x00000000080049c4        0x4 ./Core/Src/tensorflow/lite/micro/micro_allocator.o
                0x00000000080049c4                tflite::MicroAllocator::~MicroAllocator()
                0x00000000080049c4                tflite::MicroAllocator::~MicroAllocator()
 .text._ZN6tflite14MicroAllocator24AllocatePersistentBufferEj
                0x00000000080049c8        0xc ./Core/Src/tensorflow/lite/micro/micro_allocator.o
                0x00000000080049c8                tflite::MicroAllocator::AllocatePersistentBuffer(unsigned int)
 .text._ZN6tflite14MicroAllocator20ResetTempAllocationsEv
                0x00000000080049d4        0x8 ./Core/Src/tensorflow/lite/micro/micro_allocator.o
                0x00000000080049d4                tflite::MicroAllocator::ResetTempAllocations()
 .text._ZN6tflite14MicroAllocator38AllocatePersistentTfLiteTensorInternalEPKNS_5ModelEP16TfLiteEvalTensori
                0x00000000080049dc        0xc ./Core/Src/tensorflow/lite/micro/micro_allocator.o
                0x00000000080049dc                tflite::MicroAllocator::AllocatePersistentTfLiteTensorInternal(tflite::Model const*, TfLiteEvalTensor*, int)
 .text._ZN6tflite12_GLOBAL__N_125MicroBuiltinDataAllocatorD2Ev
                0x00000000080049e8        0x4 ./Core/Src/tensorflow/lite/micro/micro_allocator.o
 .text._ZN6tflite14MicroAllocatorD0Ev
                0x00000000080049ec       0x10 ./Core/Src/tensorflow/lite/micro/micro_allocator.o
                0x00000000080049ec                tflite::MicroAllocator::~MicroAllocator()
 .text._ZN6tflite12_GLOBAL__N_125MicroBuiltinDataAllocatorD0Ev
                0x00000000080049fc       0x10 ./Core/Src/tensorflow/lite/micro/micro_allocator.o
 .text._ZN6tflite14MicroAllocator28AllocateScratchBufferHandlesEPPNS_19ScratchBufferHandleEj
                0x0000000008004a0c       0x20 ./Core/Src/tensorflow/lite/micro/micro_allocator.o
                0x0000000008004a0c                tflite::MicroAllocator::AllocateScratchBufferHandles(tflite::ScratchBufferHandle**, unsigned int)
 .text._ZN6tflite14MicroAllocator17AllocateVariablesEPKNS_8SubGraphEP16TfLiteEvalTensor
                0x0000000008004a2c       0xa0 ./Core/Src/tensorflow/lite/micro/micro_allocator.o
                0x0000000008004a2c                tflite::MicroAllocator::AllocateVariables(tflite::SubGraph const*, TfLiteEvalTensor*)
 .text._ZN6tflite14MicroAllocator28AllocateNodeAndRegistrationsEPKNS_5ModelEPPNS_19NodeAndRegistrationE
                0x0000000008004acc       0x60 ./Core/Src/tensorflow/lite/micro/micro_allocator.o
                0x0000000008004acc                tflite::MicroAllocator::AllocateNodeAndRegistrations(tflite::Model const*, tflite::NodeAndRegistration**)
 .text._ZN6tflite14MicroAllocator44PrepareNodeAndRegistrationDataFromFlatbufferEPKNS_5ModelERKNS_15MicroOpResolverEPNS_19NodeAndRegistrationE
                0x0000000008004b2c      0x1b8 ./Core/Src/tensorflow/lite/micro/micro_allocator.o
                0x0000000008004b2c                tflite::MicroAllocator::PrepareNodeAndRegistrationDataFromFlatbuffer(tflite::Model const*, tflite::MicroOpResolver const&, tflite::NodeAndRegistration*)
 .text._ZN6tflite8internal25GetFlatbufferTensorBufferERKNS_6TensorEPKN11flatbuffers6VectorINS4_6OffsetINS_6BufferEEEEE
                0x0000000008004ce4       0x68 ./Core/Src/tensorflow/lite/micro/micro_allocator.o
                0x0000000008004ce4                tflite::internal::GetFlatbufferTensorBuffer(tflite::Tensor const&, flatbuffers::Vector<flatbuffers::Offset<tflite::Buffer> > const*)
 .text._ZN6tflite14MicroAllocator25AllocateTfLiteEvalTensorsEPKNS_5ModelEPP16TfLiteEvalTensor
                0x0000000008004d4c      0x1b0 ./Core/Src/tensorflow/lite/micro/micro_allocator.o
                0x0000000008004d4c                tflite::MicroAllocator::AllocateTfLiteEvalTensors(tflite::Model const*, TfLiteEvalTensor**)
 .text._ZN6tflite14MicroAllocator34PopulateTfLiteTensorFromFlatbufferEPKNS_5ModelEPKNS_8SubGraphEP12TfLiteTensorib
                0x0000000008004efc      0x2a0 ./Core/Src/tensorflow/lite/micro/micro_allocator.o
                0x0000000008004efc                tflite::MicroAllocator::PopulateTfLiteTensorFromFlatbuffer(tflite::Model const*, tflite::SubGraph const*, TfLiteTensor*, int, bool)
 .text._ZN6tflite8internal36InitializeTfLiteTensorFromFlatbufferEPNS_21SimpleMemoryAllocatorEbRKNS_6TensorEPKN11flatbuffers6VectorINS6_6OffsetINS_6BufferEEEEEPNS_13ErrorReporterEP12TfLiteTensor
                0x000000000800519c      0x248 ./Core/Src/tensorflow/lite/micro/micro_allocator.o
                0x000000000800519c                tflite::internal::InitializeTfLiteTensorFromFlatbuffer(tflite::SimpleMemoryAllocator*, bool, tflite::Tensor const&, flatbuffers::Vector<flatbuffers::Offset<tflite::Buffer> > const*, tflite::ErrorReporter*, TfLiteTensor*)
 .text._ZN6tflite14MicroAllocator30AllocatePersistentTfLiteTensorEPKNS_5ModelEP16TfLiteEvalTensori
                0x00000000080053e4      0x138 ./Core/Src/tensorflow/lite/micro/micro_allocator.o
                0x00000000080053e4                tflite::MicroAllocator::AllocatePersistentTfLiteTensor(tflite::Model const*, TfLiteEvalTensor*, int)
 .text._ZN6tflite14MicroAllocator24AllocateTempTfLiteTensorEPKNS_5ModelEP16TfLiteEvalTensori
                0x000000000800551c      0x108 ./Core/Src/tensorflow/lite/micro/micro_allocator.o
                0x000000000800551c                tflite::MicroAllocator::AllocateTempTfLiteTensor(tflite::Model const*, TfLiteEvalTensor*, int)
 .text._ZN6tflite14MicroAllocator6CreateEPhjPNS_13ErrorReporterE
                0x0000000008005624       0x44 ./Core/Src/tensorflow/lite/micro/micro_allocator.o
                0x0000000008005624                tflite::MicroAllocator::Create(unsigned char*, unsigned int, tflite::ErrorReporter*)
 .text._ZN6tflite14MicroAllocator20StartModelAllocationEPKNS_5ModelERKNS_15MicroOpResolverEPPNS_19NodeAndRegistrationEPP16TfLiteEvalTensor
                0x0000000008005668       0x64 ./Core/Src/tensorflow/lite/micro/micro_allocator.o
                0x0000000008005668                tflite::MicroAllocator::StartModelAllocation(tflite::Model const*, tflite::MicroOpResolver const&, tflite::NodeAndRegistration**, TfLiteEvalTensor**)
 .text._ZN6tflite14MicroAllocator21FinishModelAllocationEPKNS_5ModelEP16TfLiteEvalTensorPPNS_19ScratchBufferHandleE
                0x00000000080056cc       0xb0 ./Core/Src/tensorflow/lite/micro/micro_allocator.o
                0x00000000080056cc                tflite::MicroAllocator::FinishModelAllocation(tflite::Model const*, TfLiteEvalTensor*, tflite::ScratchBufferHandle**)
 .text._ZN6tflite14MicroAllocator27RequestScratchBufferInArenaEjPi
                0x000000000800577c       0x58 ./Core/Src/tensorflow/lite/micro/micro_allocator.o
                0x000000000800577c                tflite::MicroAllocator::RequestScratchBufferInArena(unsigned int, int*)
 .text._ZN6tflite14MicroAllocator28FinishPrepareNodeAllocationsEi
                0x00000000080057d4       0x58 ./Core/Src/tensorflow/lite/micro/micro_allocator.o
                0x00000000080057d4                tflite::MicroAllocator::FinishPrepareNodeAllocations(int)
 .text._ZN6tflite14MicroAllocator22CommitStaticMemoryPlanEPKNS_5ModelEPKNS_8SubGraphEP16TfLiteEvalTensorPNS_19ScratchBufferHandleE
                0x000000000800582c      0x584 ./Core/Src/tensorflow/lite/micro/micro_allocator.o
                0x000000000800582c                tflite::MicroAllocator::CommitStaticMemoryPlan(tflite::Model const*, tflite::SubGraph const*, TfLiteEvalTensor*, tflite::ScratchBufferHandle*)
 .text._ZN6tflite18MicroErrorReporterD2Ev
                0x0000000008005db0        0x4 ./Core/Src/tensorflow/lite/micro/micro_error_reporter.o
                0x0000000008005db0                tflite::MicroErrorReporter::~MicroErrorReporter()
                0x0000000008005db0                tflite::MicroErrorReporter::~MicroErrorReporter()
 .text._ZN6tflite18MicroErrorReporter6ReportEPKcSt9__va_list
                0x0000000008005db4        0x4 ./Core/Src/tensorflow/lite/micro/micro_error_reporter.o
                0x0000000008005db4                tflite::MicroErrorReporter::Report(char const*, std::__va_list)
 .text._ZN6tflite18MicroErrorReporterD0Ev
                0x0000000008005db8       0x10 ./Core/Src/tensorflow/lite/micro/micro_error_reporter.o
                0x0000000008005db8                tflite::MicroErrorReporter::~MicroErrorReporter()
 .text._ZN6tflite8internal13ContextHelper24AllocatePersistentBufferEP13TfLiteContextj
                0x0000000008005dc8        0xc ./Core/Src/tensorflow/lite/micro/micro_interpreter.o
                0x0000000008005dc8                tflite::internal::ContextHelper::AllocatePersistentBuffer(TfLiteContext*, unsigned int)
 .text._ZN6tflite8internal13ContextHelper16GetScratchBufferEP13TfLiteContexti
                0x0000000008005dd4        0xc ./Core/Src/tensorflow/lite/micro/micro_interpreter.o
                0x0000000008005dd4                tflite::internal::ContextHelper::GetScratchBuffer(TfLiteContext*, int)
 .text._ZN6tflite8internal13ContextHelper13ReportOpErrorEP13TfLiteContextPKcz
                0x0000000008005de0        0x8 ./Core/Src/tensorflow/lite/micro/micro_interpreter.o
                0x0000000008005de0                tflite::internal::ContextHelper::ReportOpError(TfLiteContext*, char const*, ...)
 .text._ZN6tflite8internal13ContextHelper9GetTensorEPK13TfLiteContexti
                0x0000000008005de8       0x18 ./Core/Src/tensorflow/lite/micro/micro_interpreter.o
                0x0000000008005de8                tflite::internal::ContextHelper::GetTensor(TfLiteContext const*, int)
 .text._ZN6tflite8internal13ContextHelper13GetEvalTensorEPK13TfLiteContexti
                0x0000000008005e00       0x10 ./Core/Src/tensorflow/lite/micro/micro_interpreter.o
                0x0000000008005e00                tflite::internal::ContextHelper::GetEvalTensor(TfLiteContext const*, int)
 .text._ZN6tflite8internal13ContextHelper27RequestScratchBufferInArenaEP13TfLiteContextjPi
                0x0000000008005e10        0x8 ./Core/Src/tensorflow/lite/micro/micro_interpreter.o
                0x0000000008005e10                tflite::internal::ContextHelper::RequestScratchBufferInArena(TfLiteContext*, unsigned int, int*)
 .text._ZN6tflite16MicroInterpreterC2EPKNS_5ModelERKNS_15MicroOpResolverEPhjPNS_13ErrorReporterEPNS_13MicroProfilerE
                0x0000000008005e18       0xa8 ./Core/Src/tensorflow/lite/micro/micro_interpreter.o
                0x0000000008005e18                tflite::MicroInterpreter::MicroInterpreter(tflite::Model const*, tflite::MicroOpResolver const&, unsigned char*, unsigned int, tflite::ErrorReporter*, tflite::MicroProfiler*)
                0x0000000008005e18                tflite::MicroInterpreter::MicroInterpreter(tflite::Model const*, tflite::MicroOpResolver const&, unsigned char*, unsigned int, tflite::ErrorReporter*, tflite::MicroProfiler*)
 .text._ZN6tflite16MicroInterpreterD2Ev
                0x0000000008005ec0       0x5c ./Core/Src/tensorflow/lite/micro/micro_interpreter.o
                0x0000000008005ec0                tflite::MicroInterpreter::~MicroInterpreter()
                0x0000000008005ec0                tflite::MicroInterpreter::~MicroInterpreter()
 .text._ZN6tflite16MicroInterpreter5inputEj
                0x0000000008005f1c       0x34 ./Core/Src/tensorflow/lite/micro/micro_interpreter.o
                0x0000000008005f1c                tflite::MicroInterpreter::input(unsigned int)
 .text._ZN6tflite16MicroInterpreter6outputEj
                0x0000000008005f50       0x34 ./Core/Src/tensorflow/lite/micro/micro_interpreter.o
                0x0000000008005f50                tflite::MicroInterpreter::output(unsigned int)
 .text._ZN6tflite16MicroInterpreter20ResetVariableTensorsEv
                0x0000000008005f84       0xfc ./Core/Src/tensorflow/lite/micro/micro_interpreter.o
                0x0000000008005f84                tflite::MicroInterpreter::ResetVariableTensors()
 .text._ZN6tflite16MicroInterpreter15AllocateTensorsEv.part.0
                0x0000000008006080      0x2ec ./Core/Src/tensorflow/lite/micro/micro_interpreter.o
 .text._ZN6tflite16MicroInterpreter15AllocateTensorsEv
                0x000000000800636c       0x30 ./Core/Src/tensorflow/lite/micro/micro_interpreter.o
                0x000000000800636c                tflite::MicroInterpreter::AllocateTensors()
 .text._ZN6tflite16MicroInterpreter6InvokeEv
                0x000000000800639c      0x198 ./Core/Src/tensorflow/lite/micro/micro_interpreter.o
                0x000000000800639c                tflite::MicroInterpreter::Invoke()
 .text._ZN6tflite12ElementCountERK14TfLiteIntArray
                0x0000000008006534       0x2c ./Core/Src/tensorflow/lite/micro/micro_utils.o
                0x0000000008006534                tflite::ElementCount(TfLiteIntArray const&)
 .text._ZN6tflite21SimpleMemoryAllocatorD2Ev
                0x0000000008006560        0x4 ./Core/Src/tensorflow/lite/micro/simple_memory_allocator.o
                0x0000000008006560                tflite::SimpleMemoryAllocator::~SimpleMemoryAllocator()
                0x0000000008006560                tflite::SimpleMemoryAllocator::~SimpleMemoryAllocator()
 .text._ZN6tflite21SimpleMemoryAllocator20ResetTempAllocationsEv
                0x0000000008006564        0x8 ./Core/Src/tensorflow/lite/micro/simple_memory_allocator.o
                0x0000000008006564                tflite::SimpleMemoryAllocator::ResetTempAllocations()
 .text._ZN6tflite21SimpleMemoryAllocatorD0Ev
                0x000000000800656c       0x10 ./Core/Src/tensorflow/lite/micro/simple_memory_allocator.o
                0x000000000800656c                tflite::SimpleMemoryAllocator::~SimpleMemoryAllocator()
 .text._ZN6tflite21SimpleMemoryAllocator12AllocateTempEjj
                0x000000000800657c       0x20 ./Core/Src/tensorflow/lite/micro/simple_memory_allocator.o
                0x000000000800657c                tflite::SimpleMemoryAllocator::AllocateTemp(unsigned int, unsigned int)
 .text._ZN6tflite21SimpleMemoryAllocator16AllocateFromTailEjj
                0x000000000800659c       0x1c ./Core/Src/tensorflow/lite/micro/simple_memory_allocator.o
                0x000000000800659c                tflite::SimpleMemoryAllocator::AllocateFromTail(unsigned int, unsigned int)
 .text._ZN6tflite21SimpleMemoryAllocator17SetHeadBufferSizeEjj
                0x00000000080065b8       0x2c ./Core/Src/tensorflow/lite/micro/simple_memory_allocator.o
                0x00000000080065b8                tflite::SimpleMemoryAllocator::SetHeadBufferSize(unsigned int, unsigned int)
 .text._ZN6tflite21SimpleMemoryAllocator6CreateEPNS_13ErrorReporterEPhj
                0x00000000080065e4       0x38 ./Core/Src/tensorflow/lite/micro/simple_memory_allocator.o
                0x00000000080065e4                tflite::SimpleMemoryAllocator::Create(tflite::ErrorReporter*, unsigned char*, unsigned int)
 .text._ZNK6tflite21SimpleMemoryAllocator13GetHeadBufferEv
                0x000000000800661c        0x4 ./Core/Src/tensorflow/lite/micro/simple_memory_allocator.o
                0x000000000800661c                tflite::SimpleMemoryAllocator::GetHeadBuffer() const
 .text._ZNK6tflite21SimpleMemoryAllocator18GetAvailableMemoryEj
                0x0000000008006620       0x1c ./Core/Src/tensorflow/lite/micro/simple_memory_allocator.o
                0x0000000008006620                tflite::SimpleMemoryAllocator::GetAvailableMemory(unsigned int) const
 .text._ZN6tflite16InitializeTargetEv
                0x000000000800663c        0x4 ./Core/Src/tensorflow/lite/micro/system_setup.o
                0x000000000800663c                tflite::InitializeTarget()
 .text.__tcf_0  0x0000000008006640        0x4 ./Core/Src/tensorflow/lite/micro/examples/hello_world/main_functions.o
 .text._ZNK6tflite22MicroMutableOpResolverILj15EE6FindOpENS_15BuiltinOperatorE
                0x0000000008006644       0xfc ./Core/Src/tensorflow/lite/micro/examples/hello_world/main_functions.o
                0x0000000008006644                tflite::MicroMutableOpResolver<15u>::FindOp(tflite::BuiltinOperator) const
 .text._ZN6tflite22MicroMutableOpResolverILj15EED2Ev
                0x0000000008006740        0x4 ./Core/Src/tensorflow/lite/micro/examples/hello_world/main_functions.o
                0x0000000008006740                tflite::MicroMutableOpResolver<15u>::~MicroMutableOpResolver()
                0x0000000008006740                tflite::MicroMutableOpResolver<15u>::~MicroMutableOpResolver()
 .text.__tcf_2  0x0000000008006744        0xc ./Core/Src/tensorflow/lite/micro/examples/hello_world/main_functions.o
 .text._ZNK6tflite22MicroMutableOpResolverILj15EE15GetOpDataParserENS_15BuiltinOperatorE
                0x0000000008006750      0x108 ./Core/Src/tensorflow/lite/micro/examples/hello_world/main_functions.o
                0x0000000008006750                tflite::MicroMutableOpResolver<15u>::GetOpDataParser(tflite::BuiltinOperator) const
 .text._ZNK6tflite22MicroMutableOpResolverILj15EE6FindOpEPKc
                0x0000000008006858      0x1dc ./Core/Src/tensorflow/lite/micro/examples/hello_world/main_functions.o
                0x0000000008006858                tflite::MicroMutableOpResolver<15u>::FindOp(char const*) const
 .text._ZN6tflite22MicroMutableOpResolverILj15EED0Ev
                0x0000000008006a34       0x10 ./Core/Src/tensorflow/lite/micro/examples/hello_world/main_functions.o
                0x0000000008006a34                tflite::MicroMutableOpResolver<15u>::~MicroMutableOpResolver()
 .text.__tcf_1  0x0000000008006a44        0x4 ./Core/Src/tensorflow/lite/micro/examples/hello_world/main_functions.o
 .text.setup    0x0000000008006a48      0x8a0 ./Core/Src/tensorflow/lite/micro/examples/hello_world/main_functions.o
                0x0000000008006a48                setup
 .text.loop     0x00000000080072e8       0x54 ./Core/Src/tensorflow/lite/micro/examples/hello_world/main_functions.o
                0x00000000080072e8                loop
 .text._ZN6tflite3ops5micro11activations8ReluInitEP13TfLiteContextPKcj
                0x000000000800733c       0x10 ./Core/Src/tensorflow/lite/micro/kernels/activations.o
                0x000000000800733c                tflite::ops::micro::activations::ReluInit(TfLiteContext*, char const*, unsigned int)
 .text._ZN6tflite3ops5micro11activations9Relu6InitEP13TfLiteContextPKcj
                0x000000000800734c       0x10 ./Core/Src/tensorflow/lite/micro/kernels/activations.o
                0x000000000800734c                tflite::ops::micro::activations::Relu6Init(TfLiteContext*, char const*, unsigned int)
 .text._ZN6tflite3ops5micro11activations12Relu6PrepareEP13TfLiteContextP10TfLiteNode
                0x000000000800735c       0xc8 ./Core/Src/tensorflow/lite/micro/kernels/activations.o
                0x000000000800735c                tflite::ops::micro::activations::Relu6Prepare(TfLiteContext*, TfLiteNode*)
 .text._ZN6tflite3ops5micro11activations11ReluPrepareEP13TfLiteContextP10TfLiteNode
                0x0000000008007424      0x1e8 ./Core/Src/tensorflow/lite/micro/kernels/activations.o
                0x0000000008007424                tflite::ops::micro::activations::ReluPrepare(TfLiteContext*, TfLiteNode*)
 .text._ZN6tflite3ops5micro11activations8ReluEvalEP13TfLiteContextP10TfLiteNode
                0x000000000800760c      0x63c ./Core/Src/tensorflow/lite/micro/kernels/activations.o
                0x000000000800760c                tflite::ops::micro::activations::ReluEval(TfLiteContext*, TfLiteNode*)
 .text._ZN6tflite3ops5micro11activations9Relu6EvalEP13TfLiteContextP10TfLiteNode
                0x0000000008007c48      0x488 ./Core/Src/tensorflow/lite/micro/kernels/activations.o
                0x0000000008007c48                tflite::ops::micro::activations::Relu6Eval(TfLiteContext*, TfLiteNode*)
 .text._ZN6tflite3ops5micro14Register_RELU6Ev
                0x00000000080080d0       0x20 ./Core/Src/tensorflow/lite/micro/kernels/activations.o
                0x00000000080080d0                tflite::ops::micro::Register_RELU6()
 .text._ZN6tflite15ConvParamsFloatERK16TfLiteConvParamsRKNS_10OpDataConvE
                0x00000000080080f0       0x6c ./Core/Src/tensorflow/lite/micro/kernels/conv_common.o
                0x00000000080080f0                tflite::ConvParamsFloat(TfLiteConvParams const&, tflite::OpDataConv const&)
 .text._ZN6tflite19ConvParamsQuantizedERK16TfLiteConvParamsRKNS_10OpDataConvE
                0x000000000800815c       0x50 ./Core/Src/tensorflow/lite/micro/kernels/conv_common.o
                0x000000000800815c                tflite::ConvParamsQuantized(TfLiteConvParams const&, tflite::OpDataConv const&)
 .text._ZN6tflite19CalculateOpDataConvEP13TfLiteContextP10TfLiteNodeRK16TfLiteConvParamsiiiiii10TfLiteTypePNS_10OpDataConvE
                0x00000000080081ac      0x18c ./Core/Src/tensorflow/lite/micro/kernels/conv_common.o
                0x00000000080081ac                tflite::CalculateOpDataConv(TfLiteContext*, TfLiteNode*, TfLiteConvParams const&, int, int, int, int, int, int, TfLiteType, tflite::OpDataConv*)
 .text._ZN6tflite24DepthwiseConvParamsFloatERK25TfLiteDepthwiseConvParamsRKNS_10OpDataConvE
                0x0000000008008338       0x70 ./Core/Src/tensorflow/lite/micro/kernels/depthwise_conv_common.o
                0x0000000008008338                tflite::DepthwiseConvParamsFloat(TfLiteDepthwiseConvParams const&, tflite::OpDataConv const&)
 .text._ZN6tflite28DepthwiseConvParamsQuantizedERK25TfLiteDepthwiseConvParamsRKNS_10OpDataConvE
                0x00000000080083a8       0x54 ./Core/Src/tensorflow/lite/micro/kernels/depthwise_conv_common.o
                0x00000000080083a8                tflite::DepthwiseConvParamsQuantized(TfLiteDepthwiseConvParams const&, tflite::OpDataConv const&)
 .text._ZN6tflite28CalculateOpDataDepthwiseConvEP13TfLiteContextP10TfLiteNodeRK25TfLiteDepthwiseConvParamsiiiiii10TfLiteTypePNS_10OpDataConvE
                0x00000000080083fc      0x1a8 ./Core/Src/tensorflow/lite/micro/kernels/depthwise_conv_common.o
                0x00000000080083fc                tflite::CalculateOpDataDepthwiseConv(TfLiteContext*, TfLiteNode*, TfLiteDepthwiseConvParams const&, int, int, int, int, int, int, TfLiteType, tflite::OpDataConv*)
 .text._ZN6tflite13reference_ops22ProcessBroadcastShapesERKNS_12RuntimeShapeES3_PNS_16ArithmeticParamsE
                0x00000000080085a4      0xfd4 ./Core/Src/tensorflow/lite/micro/kernels/div.o
                0x00000000080085a4                tflite::reference_ops::ProcessBroadcastShapes(tflite::RuntimeShape const&, tflite::RuntimeShape const&, tflite::ArithmeticParams*)
 .text._ZN6tflite5micro14GetTensorShapeEPK16TfLiteEvalTensor
                0x0000000008009578       0x54 ./Core/Src/tensorflow/lite/micro/kernels/kernel_util.o
                0x0000000008009578                tflite::micro::GetTensorShape(TfLiteEvalTensor const*)
 .text._ZN6tflite5micro18RuntimePaddingTypeE13TfLitePadding
                0x00000000080095cc        0xc ./Core/Src/tensorflow/lite/micro/kernels/kernel_util.o
                0x00000000080095cc                tflite::micro::RuntimePaddingType(TfLitePadding)
 .text._ZN6tflite3ops5micro3pad4InitEP13TfLiteContextPKcj
                0x00000000080095d8       0x10 ./Core/Src/tensorflow/lite/micro/kernels/pad.o
                0x00000000080095d8                tflite::ops::micro::pad::Init(TfLiteContext*, char const*, unsigned int)
 .text._ZN6tflite3ops5micro3pad7PrepareEP13TfLiteContextP10TfLiteNode
                0x00000000080095e8      0x300 ./Core/Src/tensorflow/lite/micro/kernels/pad.o
                0x00000000080095e8                tflite::ops::micro::pad::Prepare(TfLiteContext*, TfLiteNode*)
 .text._ZN6tflite3ops5micro12Register_PADEv
                0x00000000080098e8       0x20 ./Core/Src/tensorflow/lite/micro/kernels/pad.o
                0x00000000080098e8                tflite::ops::micro::Register_PAD()
 .text._ZN6tflite13reference_ops7PadImplIffEEvRKNS_9PadParamsERKNS_12RuntimeShapeEPKT_PKT0_S7_PS8_
                0x0000000008009908      0x2ec ./Core/Src/tensorflow/lite/micro/kernels/pad.o
                0x0000000008009908                void tflite::reference_ops::PadImpl<float, float>(tflite::PadParams const&, tflite::RuntimeShape const&, float const*, float const*, tflite::RuntimeShape const&, float*)
 .text._ZN6tflite13reference_ops7PadImplIhhEEvRKNS_9PadParamsERKNS_12RuntimeShapeEPKT_PKT0_S7_PS8_
                0x0000000008009bf4      0x2d0 ./Core/Src/tensorflow/lite/micro/kernels/pad.o
                0x0000000008009bf4                void tflite::reference_ops::PadImpl<unsigned char, unsigned char>(tflite::PadParams const&, tflite::RuntimeShape const&, unsigned char const*, unsigned char const*, tflite::RuntimeShape const&, unsigned char*)
 .text._ZN6tflite13reference_ops7PadImplIaaEEvRKNS_9PadParamsERKNS_12RuntimeShapeEPKT_PKT0_S7_PS8_
                0x0000000008009ec4      0x2d0 ./Core/Src/tensorflow/lite/micro/kernels/pad.o
                0x0000000008009ec4                void tflite::reference_ops::PadImpl<signed char, signed char>(tflite::PadParams const&, tflite::RuntimeShape const&, signed char const*, signed char const*, tflite::RuntimeShape const&, signed char*)
 .text._ZN6tflite3ops5micro3pad4EvalEP13TfLiteContextP10TfLiteNode
                0x000000000800a194      0xbc4 ./Core/Src/tensorflow/lite/micro/kernels/pad.o
                0x000000000800a194                tflite::ops::micro::pad::Eval(TfLiteContext*, TfLiteNode*)
 .text._ZN6tflite3ops5micro7reshape4EvalEP13TfLiteContextP10TfLiteNode
                0x000000000800ad58       0x78 ./Core/Src/tensorflow/lite/micro/kernels/reshape.o
                0x000000000800ad58                tflite::ops::micro::reshape::Eval(TfLiteContext*, TfLiteNode*)
 .text._ZN6tflite3ops5micro7reshape13ReshapeOutputEP13TfLiteContextP10TfLiteNode
                0x000000000800add0       0xd8 ./Core/Src/tensorflow/lite/micro/kernels/reshape.o
                0x000000000800add0                tflite::ops::micro::reshape::ReshapeOutput(TfLiteContext*, TfLiteNode*)
 .text._ZN6tflite3ops5micro7reshape7PrepareEP13TfLiteContextP10TfLiteNode
                0x000000000800aea8       0x28 ./Core/Src/tensorflow/lite/micro/kernels/reshape.o
                0x000000000800aea8                tflite::ops::micro::reshape::Prepare(TfLiteContext*, TfLiteNode*)
 .text._ZN6tflite3ops5micro16Register_RESHAPEEv
                0x000000000800aed0       0x20 ./Core/Src/tensorflow/lite/micro/kernels/reshape.o
                0x000000000800aed0                tflite::ops::micro::Register_RESHAPE()
 .text._ZN6tflite3ops5micro3add4InitEP13TfLiteContextPKcj
                0x000000000800aef0       0x10 ./Core/Src/tensorflow/lite/micro/kernels/cmsis_nn/add.o
                0x000000000800aef0                tflite::ops::micro::add::Init(TfLiteContext*, char const*, unsigned int)
 .text._ZN6tflite3ops5micro3add16EvalAddQuantizedEP13TfLiteContextP10TfLiteNodeP15TfLiteAddParamsPKNS2_6OpDataEPK16TfLiteEvalTensorSE_PSC_.part.0
                0x000000000800af00     0x2220 ./Core/Src/tensorflow/lite/micro/kernels/cmsis_nn/add.o
 .text._ZN6tflite3ops5micro3add15CalculateOpDataEP13TfLiteContextP15TfLiteAddParamsPK12TfLiteTensorS9_PS7_PNS2_6OpDataE
                0x000000000800d120      0x18c ./Core/Src/tensorflow/lite/micro/kernels/cmsis_nn/add.o
                0x000000000800d120                tflite::ops::micro::add::CalculateOpData(TfLiteContext*, TfLiteAddParams*, TfLiteTensor const*, TfLiteTensor const*, TfLiteTensor*, tflite::ops::micro::add::OpData*)
 .text._ZN6tflite3ops5micro3add7PrepareEP13TfLiteContextP10TfLiteNode
                0x000000000800d2ac       0x54 ./Core/Src/tensorflow/lite/micro/kernels/cmsis_nn/add.o
                0x000000000800d2ac                tflite::ops::micro::add::Prepare(TfLiteContext*, TfLiteNode*)
 .text._ZN6tflite3ops5micro3add7EvalAddEP13TfLiteContextP10TfLiteNodeP15TfLiteAddParamsPKNS2_6OpDataEPK16TfLiteEvalTensorSE_PSC_
                0x000000000800d300      0x884 ./Core/Src/tensorflow/lite/micro/kernels/cmsis_nn/add.o
                0x000000000800d300                tflite::ops::micro::add::EvalAdd(TfLiteContext*, TfLiteNode*, TfLiteAddParams*, tflite::ops::micro::add::OpData const*, TfLiteEvalTensor const*, TfLiteEvalTensor const*, TfLiteEvalTensor*)
 .text._ZN6tflite3ops5micro3add4EvalEP13TfLiteContextP10TfLiteNode
                0x000000000800db84      0x314 ./Core/Src/tensorflow/lite/micro/kernels/cmsis_nn/add.o
                0x000000000800db84                tflite::ops::micro::add::Eval(TfLiteContext*, TfLiteNode*)
 .text._ZN6tflite3ops5micro12Register_ADDEv
                0x000000000800de98       0x20 ./Core/Src/tensorflow/lite/micro/kernels/cmsis_nn/add.o
                0x000000000800de98                tflite::ops::micro::Register_ADD()
 .text._ZN6tflite12_GLOBAL__N_14InitEP13TfLiteContextPKcj
                0x000000000800deb8       0x10 ./Core/Src/tensorflow/lite/micro/kernels/cmsis_nn/conv.o
 .text._ZN6tflite12_GLOBAL__N_17PrepareEP13TfLiteContextP10TfLiteNode
                0x000000000800dec8      0x288 ./Core/Src/tensorflow/lite/micro/kernels/cmsis_nn/conv.o
 .text._ZN6tflite13reference_ops4ConvERKNS_10ConvParamsERKNS_12RuntimeShapeEPKfS6_S8_S6_S8_S6_PfS6_S9_
                0x000000000800e150      0x338 ./Core/Src/tensorflow/lite/micro/kernels/cmsis_nn/conv.o
                0x000000000800e150                tflite::reference_ops::Conv(tflite::ConvParams const&, tflite::RuntimeShape const&, float const*, tflite::RuntimeShape const&, float const*, tflite::RuntimeShape const&, float const*, tflite::RuntimeShape const&, float*, tflite::RuntimeShape const&, float*)
 .text._ZN6tflite21reference_integer_ops14ConvPerChannelERKNS_10ConvParamsEPKlS5_RKNS_12RuntimeShapeEPKaS8_SA_S8_S5_S8_Pa
                0x000000000800e488      0x3c4 ./Core/Src/tensorflow/lite/micro/kernels/cmsis_nn/conv.o
                0x000000000800e488                tflite::reference_integer_ops::ConvPerChannel(tflite::ConvParams const&, long const*, long const*, tflite::RuntimeShape const&, signed char const*, tflite::RuntimeShape const&, signed char const*, tflite::RuntimeShape const&, long const*, tflite::RuntimeShape const&, signed char*)
 .text._ZN6tflite12_GLOBAL__N_14EvalEP13TfLiteContextP10TfLiteNode
                0x000000000800e84c      0x790 ./Core/Src/tensorflow/lite/micro/kernels/cmsis_nn/conv.o
 .text._ZN6tflite16Register_CONV_2DEv
                0x000000000800efdc       0x20 ./Core/Src/tensorflow/lite/micro/kernels/cmsis_nn/conv.o
                0x000000000800efdc                tflite::Register_CONV_2D()
 .text._ZN6tflite12_GLOBAL__N_14InitEP13TfLiteContextPKcj
                0x000000000800effc       0x10 ./Core/Src/tensorflow/lite/micro/kernels/cmsis_nn/depthwise_conv.o
 .text._ZN6tflite12_GLOBAL__N_17PrepareEP13TfLiteContextP10TfLiteNode
                0x000000000800f00c      0x294 ./Core/Src/tensorflow/lite/micro/kernels/cmsis_nn/depthwise_conv.o
 .text._ZN6tflite13reference_ops13DepthwiseConvERKNS_15DepthwiseParamsERKNS_12RuntimeShapeEPKfS6_S8_S6_S8_S6_Pf
                0x000000000800f2a0      0x3f8 ./Core/Src/tensorflow/lite/micro/kernels/cmsis_nn/depthwise_conv.o
                0x000000000800f2a0                tflite::reference_ops::DepthwiseConv(tflite::DepthwiseParams const&, tflite::RuntimeShape const&, float const*, tflite::RuntimeShape const&, float const*, tflite::RuntimeShape const&, float const*, tflite::RuntimeShape const&, float*)
 .text._ZN6tflite21reference_integer_ops23DepthwiseConvPerChannelERKNS_15DepthwiseParamsEPKlS5_RKNS_12RuntimeShapeEPKaS8_SA_S8_S5_S8_Pa
                0x000000000800f698      0x464 ./Core/Src/tensorflow/lite/micro/kernels/cmsis_nn/depthwise_conv.o
                0x000000000800f698                tflite::reference_integer_ops::DepthwiseConvPerChannel(tflite::DepthwiseParams const&, long const*, long const*, tflite::RuntimeShape const&, signed char const*, tflite::RuntimeShape const&, signed char const*, tflite::RuntimeShape const&, long const*, tflite::RuntimeShape const&, signed char*)
 .text._ZN6tflite12_GLOBAL__N_14EvalEP13TfLiteContextP10TfLiteNode
                0x000000000800fafc      0x80c ./Core/Src/tensorflow/lite/micro/kernels/cmsis_nn/depthwise_conv.o
 .text._ZN6tflite26Register_DEPTHWISE_CONV_2DEv
                0x0000000008010308       0x20 ./Core/Src/tensorflow/lite/micro/kernels/cmsis_nn/depthwise_conv.o
                0x0000000008010308                tflite::Register_DEPTHWISE_CONV_2D()
 .text._ZN6tflite3ops5micro7pooling4InitEP13TfLiteContextPKcj
                0x0000000008010328       0x10 ./Core/Src/tensorflow/lite/micro/kernels/cmsis_nn/pooling.o
                0x0000000008010328                tflite::ops::micro::pooling::Init(TfLiteContext*, char const*, unsigned int)
 .text._ZN6tflite3ops5micro7pooling10MaxPrepareEP13TfLiteContextP10TfLiteNode
                0x0000000008010338      0x13c ./Core/Src/tensorflow/lite/micro/kernels/cmsis_nn/pooling.o
                0x0000000008010338                tflite::ops::micro::pooling::MaxPrepare(TfLiteContext*, TfLiteNode*)
 .text._ZN6tflite3ops5micro7pooling7MaxEvalEP13TfLiteContextP10TfLiteNode
                0x0000000008010474      0x670 ./Core/Src/tensorflow/lite/micro/kernels/cmsis_nn/pooling.o
                0x0000000008010474                tflite::ops::micro::pooling::MaxEval(TfLiteContext*, TfLiteNode*)
 .text._ZN6tflite3ops5micro7pooling14AveragePrepareEP13TfLiteContextP10TfLiteNode
                0x0000000008010ae4      0x1e8 ./Core/Src/tensorflow/lite/micro/kernels/cmsis_nn/pooling.o
                0x0000000008010ae4                tflite::ops::micro::pooling::AveragePrepare(TfLiteContext*, TfLiteNode*)
 .text._ZN6tflite3ops5micro7pooling11AverageEvalEP13TfLiteContextP10TfLiteNode
                0x0000000008010ccc      0x950 ./Core/Src/tensorflow/lite/micro/kernels/cmsis_nn/pooling.o
                0x0000000008010ccc                tflite::ops::micro::pooling::AverageEval(TfLiteContext*, TfLiteNode*)
 .text._ZN6tflite3ops5micro24Register_AVERAGE_POOL_2DEv
                0x000000000801161c       0x20 ./Core/Src/tensorflow/lite/micro/kernels/cmsis_nn/pooling.o
                0x000000000801161c                tflite::ops::micro::Register_AVERAGE_POOL_2D()
 .text._ZN6tflite19GreedyMemoryPlannerD2Ev
                0x000000000801163c        0x4 ./Core/Src/tensorflow/lite/micro/memory_planner/greedy_memory_planner.o
                0x000000000801163c                tflite::GreedyMemoryPlanner::~GreedyMemoryPlanner()
                0x000000000801163c                tflite::GreedyMemoryPlanner::~GreedyMemoryPlanner()
 .text._ZN6tflite19GreedyMemoryPlanner9AddBufferEPNS_13ErrorReporterEiii
                0x0000000008011640       0x38 ./Core/Src/tensorflow/lite/micro/memory_planner/greedy_memory_planner.o
                0x0000000008011640                tflite::GreedyMemoryPlanner::AddBuffer(tflite::ErrorReporter*, int, int, int)
 .text._ZN6tflite19GreedyMemoryPlanner14GetBufferCountEv
                0x0000000008011678        0x4 ./Core/Src/tensorflow/lite/micro/memory_planner/greedy_memory_planner.o
                0x0000000008011678                tflite::GreedyMemoryPlanner::GetBufferCount()
 .text._ZN6tflite19GreedyMemoryPlannerD0Ev
                0x000000000801167c       0x10 ./Core/Src/tensorflow/lite/micro/memory_planner/greedy_memory_planner.o
                0x000000000801167c                tflite::GreedyMemoryPlanner::~GreedyMemoryPlanner()
 .text._ZN6tflite19GreedyMemoryPlannerC2EPhi
                0x000000000801168c       0x44 ./Core/Src/tensorflow/lite/micro/memory_planner/greedy_memory_planner.o
                0x000000000801168c                tflite::GreedyMemoryPlanner::GreedyMemoryPlanner(unsigned char*, int)
                0x000000000801168c                tflite::GreedyMemoryPlanner::GreedyMemoryPlanner(unsigned char*, int)
 .text._ZN6tflite19GreedyMemoryPlanner9AddBufferEPNS_13ErrorReporterEiiii
                0x00000000080116d0       0x68 ./Core/Src/tensorflow/lite/micro/memory_planner/greedy_memory_planner.o
                0x00000000080116d0                tflite::GreedyMemoryPlanner::AddBuffer(tflite::ErrorReporter*, int, int, int, int)
 .text._ZN6tflite19GreedyMemoryPlanner24CalculateOffsetsIfNeededEv
                0x0000000008011738      0x25c ./Core/Src/tensorflow/lite/micro/memory_planner/greedy_memory_planner.o
                0x0000000008011738                tflite::GreedyMemoryPlanner::CalculateOffsetsIfNeeded()
 .text._ZN6tflite19GreedyMemoryPlanner20GetMaximumMemorySizeEv
                0x0000000008011994       0x48 ./Core/Src/tensorflow/lite/micro/memory_planner/greedy_memory_planner.o
                0x0000000008011994                tflite::GreedyMemoryPlanner::GetMaximumMemorySize()
 .text._ZN6tflite19GreedyMemoryPlanner18GetOffsetForBufferEPNS_13ErrorReporterEiPi
                0x00000000080119dc       0x24 ./Core/Src/tensorflow/lite/micro/memory_planner/greedy_memory_planner.o
                0x00000000080119dc                tflite::GreedyMemoryPlanner::GetOffsetForBuffer(tflite::ErrorReporter*, int, int*)
 .text.arm_elementwise_add_s8
                0x0000000008011a00      0x868 ./Core/Src/tensorflow/lite/micro/tools/make/downloads/cmsis/CMSIS/NN/Source/BasicMathFunctions/arm_elementwise_add_s8.o
                0x0000000008011a00                arm_elementwise_add_s8
 .text.arm_convolve_1_x_n_s8
                0x0000000008012268       0x1c ./Core/Src/tensorflow/lite/micro/tools/make/downloads/cmsis/CMSIS/NN/Source/ConvolutionFunctions/arm_convolve_1_x_n_s8.o
                0x0000000008012268                arm_convolve_1_x_n_s8
 .text.arm_convolve_1_x_n_s8_get_buffer_size
                0x0000000008012284       0x14 ./Core/Src/tensorflow/lite/micro/tools/make/downloads/cmsis/CMSIS/NN/Source/ConvolutionFunctions/arm_convolve_1_x_n_s8.o
                0x0000000008012284                arm_convolve_1_x_n_s8_get_buffer_size
 .text.arm_convolve_1x1_s8_fast
                0x0000000008012298       0x68 ./Core/Src/tensorflow/lite/micro/tools/make/downloads/cmsis/CMSIS/NN/Source/ConvolutionFunctions/arm_convolve_1x1_s8_fast.o
                0x0000000008012298                arm_convolve_1x1_s8_fast
 .text.arm_convolve_1x1_s8_fast_get_buffer_size
                0x0000000008012300        0x4 ./Core/Src/tensorflow/lite/micro/tools/make/downloads/cmsis/CMSIS/NN/Source/ConvolutionFunctions/arm_convolve_1x1_s8_fast.o
                0x0000000008012300                arm_convolve_1x1_s8_fast_get_buffer_size
 .text.arm_convolve_s8
                0x0000000008012304      0x3c0 ./Core/Src/tensorflow/lite/micro/tools/make/downloads/cmsis/CMSIS/NN/Source/ConvolutionFunctions/arm_convolve_s8.o
                0x0000000008012304                arm_convolve_s8
 .text.arm_convolve_s8_get_buffer_size
                0x00000000080126c4       0x14 ./Core/Src/tensorflow/lite/micro/tools/make/downloads/cmsis/CMSIS/NN/Source/ConvolutionFunctions/arm_convolve_s8.o
                0x00000000080126c4                arm_convolve_s8_get_buffer_size
 .text.arm_convolve_wrapper_s8
                0x00000000080126d8       0xbc ./Core/Src/tensorflow/lite/micro/tools/make/downloads/cmsis/CMSIS/NN/Source/ConvolutionFunctions/arm_convolve_wrapper_s8.o
                0x00000000080126d8                arm_convolve_wrapper_s8
 .text.arm_convolve_wrapper_s8_get_buffer_size
                0x0000000008012794       0x60 ./Core/Src/tensorflow/lite/micro/tools/make/downloads/cmsis/CMSIS/NN/Source/ConvolutionFunctions/arm_convolve_wrapper_s8.o
                0x0000000008012794                arm_convolve_wrapper_s8_get_buffer_size
 .text.arm_depthwise_conv_3x3_s8
                0x00000000080127f4      0x8fc ./Core/Src/tensorflow/lite/micro/tools/make/downloads/cmsis/CMSIS/NN/Source/ConvolutionFunctions/arm_depthwise_conv_3x3_s8.o
                0x00000000080127f4                arm_depthwise_conv_3x3_s8
 .text.arm_depthwise_conv_s8
                0x00000000080130f0      0x680 ./Core/Src/tensorflow/lite/micro/tools/make/downloads/cmsis/CMSIS/NN/Source/ConvolutionFunctions/arm_depthwise_conv_s8.o
                0x00000000080130f0                arm_depthwise_conv_s8
 .text.arm_depthwise_conv_s8_opt
                0x0000000008013770      0x660 ./Core/Src/tensorflow/lite/micro/tools/make/downloads/cmsis/CMSIS/NN/Source/ConvolutionFunctions/arm_depthwise_conv_s8_opt.o
                0x0000000008013770                arm_depthwise_conv_s8_opt
 .text.arm_depthwise_conv_s8_opt_get_buffer_size
                0x0000000008013dd0       0x14 ./Core/Src/tensorflow/lite/micro/tools/make/downloads/cmsis/CMSIS/NN/Source/ConvolutionFunctions/arm_depthwise_conv_s8_opt.o
                0x0000000008013dd0                arm_depthwise_conv_s8_opt_get_buffer_size
 .text.arm_depthwise_conv_wrapper_s8
                0x0000000008013de4       0x70 ./Core/Src/tensorflow/lite/micro/tools/make/downloads/cmsis/CMSIS/NN/Source/ConvolutionFunctions/arm_depthwise_conv_wrapper_s8.o
                0x0000000008013de4                arm_depthwise_conv_wrapper_s8
 .text.arm_depthwise_conv_wrapper_s8_get_buffer_size
                0x0000000008013e54       0x14 ./Core/Src/tensorflow/lite/micro/tools/make/downloads/cmsis/CMSIS/NN/Source/ConvolutionFunctions/arm_depthwise_conv_wrapper_s8.o
                0x0000000008013e54                arm_depthwise_conv_wrapper_s8_get_buffer_size
 .text.arm_nn_mat_mult_kernel_s8_s16
                0x0000000008013e68      0x538 ./Core/Src/tensorflow/lite/micro/tools/make/downloads/cmsis/CMSIS/NN/Source/ConvolutionFunctions/arm_nn_mat_mult_kernel_s8_s16.o
                0x0000000008013e68                arm_nn_mat_mult_kernel_s8_s16
 .text.arm_nn_mat_mult_nt_t_s8
                0x00000000080143a0      0x9a4 ./Core/Src/tensorflow/lite/micro/tools/make/downloads/cmsis/CMSIS/NN/Source/NNSupportFunctions/arm_nn_mat_mult_nt_t_s8.o
                0x00000000080143a0                arm_nn_mat_mult_nt_t_s8
 .text.arm_q7_to_q15_with_offset
                0x0000000008014d44       0x70 ./Core/Src/tensorflow/lite/micro/tools/make/downloads/cmsis/CMSIS/NN/Source/NNSupportFunctions/arm_q7_to_q15_with_offset.o
                0x0000000008014d44                arm_q7_to_q15_with_offset
 .text.arm_avgpool_s8
                0x0000000008014db4      0x1f8 ./Core/Src/tensorflow/lite/micro/tools/make/downloads/cmsis/CMSIS/NN/Source/PoolingFunctions/arm_avgpool_s8.o
                0x0000000008014db4                arm_avgpool_s8
 .text.arm_avgpool_s8_get_buffer_size
                0x0000000008014fac        0x4 ./Core/Src/tensorflow/lite/micro/tools/make/downloads/cmsis/CMSIS/NN/Source/PoolingFunctions/arm_avgpool_s8.o
                0x0000000008014fac                arm_avgpool_s8_get_buffer_size
 .text.arm_max_pool_s8
                0x0000000008014fb0      0x334 ./Core/Src/tensorflow/lite/micro/tools/make/downloads/cmsis/CMSIS/NN/Source/PoolingFunctions/arm_max_pool_s8.o
                0x0000000008014fb0                arm_max_pool_s8
 .text._ZN6tflite14GetBuiltinCodeEPKNS_12OperatorCodeE
                0x00000000080152e4       0x34 ./Core/Src/tensorflow/lite/schema/schema_utils.o
                0x00000000080152e4                tflite::GetBuiltinCode(tflite::OperatorCode const*)
 .text.Reset_Handler
                0x0000000008015318       0x90 ./Core/Startup/startup_stm32f469nihx.o
                0x0000000008015318                Reset_Handler
 .text.Default_Handler
                0x00000000080153a8        0x2 ./Core/Startup/startup_stm32f469nihx.o
                0x00000000080153a8                RTC_Alarm_IRQHandler
                0x00000000080153a8                HASH_RNG_IRQHandler
                0x00000000080153a8                EXTI2_IRQHandler
                0x00000000080153a8                TIM8_CC_IRQHandler
                0x00000000080153a8                UART8_IRQHandler
                0x00000000080153a8                SPI4_IRQHandler
                0x00000000080153a8                TIM1_CC_IRQHandler
                0x00000000080153a8                DMA2_Stream5_IRQHandler
                0x00000000080153a8                DMA1_Stream5_IRQHandler
                0x00000000080153a8                PVD_IRQHandler
                0x00000000080153a8                SDIO_IRQHandler
                0x00000000080153a8                TAMP_STAMP_IRQHandler
                0x00000000080153a8                CAN2_RX1_IRQHandler
                0x00000000080153a8                EXTI3_IRQHandler
                0x00000000080153a8                TIM8_TRG_COM_TIM14_IRQHandler
                0x00000000080153a8                TIM8_UP_TIM13_IRQHandler
                0x00000000080153a8                I2C3_ER_IRQHandler
                0x00000000080153a8                EXTI0_IRQHandler
                0x00000000080153a8                I2C2_EV_IRQHandler
                0x00000000080153a8                DMA1_Stream2_IRQHandler
                0x00000000080153a8                CAN1_RX0_IRQHandler
                0x00000000080153a8                FPU_IRQHandler
                0x00000000080153a8                OTG_HS_WKUP_IRQHandler
                0x00000000080153a8                LTDC_ER_IRQHandler
                0x00000000080153a8                CAN2_SCE_IRQHandler
                0x00000000080153a8                DMA2_Stream2_IRQHandler
                0x00000000080153a8                SPI1_IRQHandler
                0x00000000080153a8                TIM6_DAC_IRQHandler
                0x00000000080153a8                TIM1_BRK_TIM9_IRQHandler
                0x00000000080153a8                DCMI_IRQHandler
                0x00000000080153a8                CAN2_RX0_IRQHandler
                0x00000000080153a8                DMA2_Stream3_IRQHandler
                0x00000000080153a8                USART6_IRQHandler
                0x00000000080153a8                USART3_IRQHandler
                0x00000000080153a8                CAN1_RX1_IRQHandler
                0x00000000080153a8                UART5_IRQHandler