limits:525:7:static constexpr signed char std::numeric_limits<signed char>::min()	4	static
limits:528:7:static constexpr signed char std::numeric_limits<signed char>::max()	4	static
limits:1204:7:static constexpr long int std::numeric_limits<long int>::min()	4	static
limits:1207:7:static constexpr long int std::numeric_limits<long int>::max()	4	static
types.h:156:3:tflite::RuntimeShape::RuntimeShape()	16	static
types.h:175:3:tflite::RuntimeShape::RuntimeShape(int, const int32_t*)	24	static
types.h:202:3:tflite::RuntimeShape::~RuntimeShape()	16	static
types.h:212:18:int32_t tflite::RuntimeShape::DimensionsCount() const	16	static
types.h:213:18:int32_t tflite::RuntimeShape::Dims(int) const	16	static
types.h:228:19:int32_t* tflite::RuntimeShape::DimsData()	16	static
types.h:231:25:const int32_t* tflite::RuntimeShape::DimsData() const	16	static
types.h:235:25:const int32_t* tflite::RuntimeShape::DimsDataUpTo5D() const	16	static
types.h:237:15:void tflite::RuntimeShape::Resize(int)	16	static
types.h:255:15:void tflite::RuntimeShape::ReplaceWith(int, const int32_t*)	32	static
types.h:289:14:int tflite::RuntimeShape::FlatSize() const	32	static
types.h:403:12:int tflite::Offset(const tflite::RuntimeShape&, int, int, int, int)	32	static
types.h:470:12:int tflite::MatchingDim(const tflite::RuntimeShape&, int, const tflite::RuntimeShape&, int)	40	static
gthr-default.h:229:1:int __gthread_key_delete(__gthread_key_t)	16	static
fixedpoint.h:329:21:IntegerType gemmlowp::SaturatingRoundingDoublingHighMul(IntegerType, IntegerType) [with IntegerType = long int]	64	static
common.h:156:16:int32_t tflite::MultiplyByQuantizedMultiplier(int32_t, int32_t, int)	32	static
depthwiseconv_float.h:25:13:void tflite::reference_ops::DepthwiseConv(const tflite::DepthwiseParams&, const tflite::RuntimeShape&, const float*, const tflite::RuntimeShape&, const float*, const tflite::RuntimeShape&, const float*, const tflite::RuntimeShape&, float*)	184	static
depthwise_conv.h:22:13:void tflite::reference_integer_ops::DepthwiseConvPerChannel(const tflite::DepthwiseParams&, const int32_t*, const int32_t*, const tflite::RuntimeShape&, const int8_t*, const tflite::RuntimeShape&, const int8_t*, const tflite::RuntimeShape&, const int32_t*, const tflite::RuntimeShape&, int8_t*)	184	static
tensor_ctypes.h:34:21:tflite::RuntimeShape tflite::GetTensorShape(const TfLiteTensor*)	32	static
kernel_util.h:148:12:int tflite::SizeOfDimension(const TfLiteTensor*, int)	16	static
kernel_util.h:152:12:int tflite::NumInputs(const TfLiteNode*)	16	static
kernel_util.h:31:26:TfLiteEvalTensor* tflite::micro::GetMutableEvalInput(const TfLiteContext*, const TfLiteNode*, int)	24	static
kernel_util.h:40:32:const TfLiteEvalTensor* tflite::micro::GetEvalInput(const TfLiteContext*, const TfLiteNode*, int)	24	static
kernel_util.h:46:26:TfLiteEvalTensor* tflite::micro::GetEvalOutput(const TfLiteContext*, const TfLiteNode*, int)	24	static
depthwise_conv.cc:101:7:void* tflite::{anonymous}::Init(TfLiteContext*, const char*, size_t)	24	static
depthwise_conv.cc:106:14:TfLiteStatus tflite::{anonymous}::Prepare(TfLiteContext*, TfLiteNode*)	296	static
depthwise_conv.cc:228:6:void tflite::{anonymous}::EvalQuantizedPerChannel(TfLiteContext*, TfLiteNode*, const TfLiteDepthwiseConvParams&, const tflite::{anonymous}::OpData&, const TfLiteEvalTensor*, const TfLiteEvalTensor*, const TfLiteEvalTensor*, TfLiteEvalTensor*)	472	static
depthwise_conv.cc:328:14:TfLiteStatus tflite::{anonymous}::Eval(TfLiteContext*, TfLiteNode*)	240	static
depthwise_conv.cc:585:20:TfLiteRegistration tflite::Register_DEPTHWISE_CONV_2D()	24	static
stl_algobase.h:198:5:constexpr const _Tp& std::min(const _Tp&, const _Tp&) [with _Tp = long int]	16	static
stl_algobase.h:222:5:constexpr const _Tp& std::max(const _Tp&, const _Tp&) [with _Tp = long int]	16	static
common.h:59:10:T tflite::ActivationFunctionWithMinMax(T, T, T) [with T = float]	24	static
fixedpoint.h:357:20:IntegerType gemmlowp::RoundingDivideByPOT(IntegerType, int) [with IntegerType = long int]	56	static
stl_algobase.h:222:5:constexpr const _Tp& std::max(const _Tp&, const _Tp&) [with _Tp = float]	16	static
stl_algobase.h:198:5:constexpr const _Tp& std::min(const _Tp&, const _Tp&) [with _Tp = float]	16	static
kernel_util.h:61:10:const T* tflite::micro::GetTensorData(const TfLiteEvalTensor*) [with T = signed char]	16	static
kernel_util.h:61:10:const T* tflite::micro::GetTensorData(const TfLiteEvalTensor*) [with T = long int]	16	static
kernel_util.h:55:4:T* tflite::micro::GetTensorData(TfLiteEvalTensor*) [with T = signed char]	16	static
kernel_util.h:61:10:const T* tflite::micro::GetTensorData(const TfLiteEvalTensor*) [with T = float]	16	static
kernel_util.h:55:4:T* tflite::micro::GetTensorData(TfLiteEvalTensor*) [with T = float]	16	static
fixedpoint.h:64:10:tRawType gemmlowp::Dup(typename gemmlowp::FixedPointRawTypeTraits<tRawType>::ScalarRawType) [with tRawType = long int]	16	static
fixedpoint.h:70:14:tIntegerType gemmlowp::BitAnd(tIntegerType, tIntegerType) [with tIntegerType = long int]	16	static
fixedpoint.h:140:14:tIntegerType gemmlowp::ShiftRight(tIntegerType, int) [with tIntegerType = long int]	16	static
fixedpoint.h:199:14:tIntegerType gemmlowp::MaskIfLessThan(tIntegerType, tIntegerType) [with tIntegerType = long int]	16	static
fixedpoint.h:94:14:tIntegerType gemmlowp::Add(tIntegerType, tIntegerType) [with tIntegerType = long int]	16	static
fixedpoint.h:185:14:tIntegerType gemmlowp::MaskIfGreaterThan(tIntegerType, tIntegerType) [with tIntegerType = long int]	16	static
fixedpoint.h:156:14:tIntegerType gemmlowp::MaskIfNonZero(tIntegerType) [with tIntegerType = long int]	16	static
fixedpoint.h:88:14:tIntegerType gemmlowp::BitNot(tIntegerType) [with tIntegerType = long int]	16	static
