std_abs.h:71:3:constexpr double std::abs(double)	16	static
cmath:222:3:constexpr float std::exp(float)	16	static
cmath:501:3:constexpr float std::tanh(float)	16	static
cmath:661:3:constexpr bool std::signbit(float)	16	static
cmath:1418:3:constexpr float std::fmax(float, float)	16	static
cmath:1438:3:constexpr float std::fmin(float, float)	16	static
gthr-default.h:229:1:int __gthread_key_delete(__gthread_key_t)	16	static
kernel_util.h:147:12:int tflite::NumDimensions(const TfLiteTensor*)	16	static
kernel_util.h:152:12:int tflite::NumInputs(const TfLiteNode*)	16	static
activation_utils.h:32:14:float tflite::ops::micro::ActivationValFloat(TfLiteFusedActivation, float)	48	static
kernel_util.h:31:26:TfLiteEvalTensor* tflite::micro::GetMutableEvalInput(const TfLiteContext*, const TfLiteNode*, int)	24	static
kernel_util.h:40:32:const TfLiteEvalTensor* tflite::micro::GetEvalInput(const TfLiteContext*, const TfLiteNode*, int)	24	static
kernel_util.h:46:26:TfLiteEvalTensor* tflite::micro::GetEvalOutput(const TfLiteContext*, const TfLiteNode*, int)	24	static
svdf.cc:71:20:void tflite::{anonymous}::ApplyTimeWeightsBiasAndActivation(int, int, int, int, int, const float*, const float*, TfLiteFusedActivation, float*, float*, float*)	104	static
svdf.cc:133:13:void tflite::{anonymous}::EvalFloatSVDF(TfLiteContext*, TfLiteNode*, const TfLiteEvalTensor*, const TfLiteEvalTensor*, const TfLiteEvalTensor*, const TfLiteEvalTensor*, const TfLiteSVDFParams*, int, TfLiteEvalTensor*, TfLiteEvalTensor*)	160	static
svdf.cc:206:6:void tflite::{anonymous}::EvalIntegerSVDF(TfLiteContext*, TfLiteNode*, const TfLiteEvalTensor*, const TfLiteEvalTensor*, const TfLiteEvalTensor*, const TfLiteEvalTensor*, const TfLiteSVDFParams*, TfLiteEvalTensor*, TfLiteEvalTensor*, const tflite::{anonymous}::OpData&)	272	static
svdf.cc:281:7:void* tflite::{anonymous}::Init(TfLiteContext*, const char*, size_t)	24	static
svdf.cc:286:14:TfLiteStatus tflite::{anonymous}::Prepare(TfLiteContext*, TfLiteNode*)	128	static
svdf.cc:423:14:TfLiteStatus tflite::{anonymous}::Eval(TfLiteContext*, TfLiteNode*)	80	static
svdf.cc:469:20:TfLiteRegistration tflite::Register_SVDF()	24	static
max.h:28:10:T tflite::TfLiteMax(const T&, const T&) [with T = float]	16	static
min.h:28:10:T tflite::TfLiteMin(const T&, const T&) [with T = float]	16	static
kernel_util.h:61:10:const T* tflite::micro::GetTensorData(const TfLiteEvalTensor*) [with T = float]	16	static
kernel_util.h:55:4:T* tflite::micro::GetTensorData(TfLiteEvalTensor*) [with T = float]	16	static
kernel_util.h:55:4:T* tflite::micro::GetTensorData(TfLiteEvalTensor*) [with T = signed char]	16	static
kernel_util.h:61:10:const T* tflite::micro::GetTensorData(const TfLiteEvalTensor*) [with T = signed char]	16	static
kernel_util.h:55:4:T* tflite::micro::GetTensorData(TfLiteEvalTensor*) [with T = short int]	16	static
kernel_util.h:61:10:const T* tflite::micro::GetTensorData(const TfLiteEvalTensor*) [with T = short int]	16	static
kernel_util.h:61:10:const T* tflite::micro::GetTensorData(const TfLiteEvalTensor*) [with T = long int]	16	static
